
> gastro-schedules@0.1.0 test C:\Users\tomek\Desktop\gastro-app
> vitest run


[1m[7m[36m RUN [39m[27m[22m [36mv2.1.9 [39m[90mC:/Users/tomek/Desktop/gastro-app[39m

 [31mÔØ»[39m tests/unit/monthly.spec.ts [2m([22m[2m0 test[22m[2m)[22m
 [32mÔ£ô[39m tests/unit/overlap.spec.ts [2m([22m[2m1 test[22m[2m)[22m[90m 5[2mms[22m[39m
 [32mÔ£ô[39m tests/test-etap11-ci-cd.spec.ts [2m([22m[2m12 tests[22m[2m)[22m[90m 24[2mms[22m[39m
 [32mÔ£ô[39m tests/test-etap15-storage-advanced.spec.ts [2m([22m[2m21 tests[22m[2m)[22m[33m 817[2mms[22m[39m
 [31mÔØ»[39m tests/e2e/onboarding.spec.ts [2m([22m[2m0 test[22m[2m)[22m
[90mstdout[2m | tests/test-etap13-storage.spec.ts[2m > [22m[2mETAP 13: Eksport i Storage[2m > [22m[2mExport to Storage API[2m > [22m[2mshould export daily report to storage
[22m[39mSkipping export test - no daily reports found

[90mstdout[2m | tests/test-etap13-storage.spec.ts[2m > [22m[2mETAP 13: Eksport i Storage[2m > [22m[2mExport to Storage API[2m > [22m[2mshould validate export permissions
[22m[39mNo reports found for permission test

 [32mÔ£ô[39m tests/test-etap13-storage.spec.ts [2m([22m[2m7 tests[22m[2m)[22m[33m 1301[2mms[22m[39m
 [31mÔØ»[39m tests/test-api-user-settings.spec.ts [2m([22m[2m13 tests[22m[2m | [22m[31m13 failed[39m[2m)[22m[33m 1630[2mms[22m[39m
[31m   [31m├ù[31m API: User Settings[2m > [22mPUT /api/users/me/password[2m > [22mshould change password successfully[90m 14[2mms[22m[31m[39m
[31m     ÔåÆ fetch failed[39m
[31m   [31m├ù[31m API: User Settings[2m > [22mPUT /api/users/me/password[2m > [22mshould reject incorrect current password[90m 4[2mms[22m[31m[39m
[31m     ÔåÆ fetch failed[39m
[31m   [31m├ù[31m API: User Settings[2m > [22mPUT /api/users/me/password[2m > [22mshould reject password shorter than 8 characters[90m 4[2mms[22m[31m[39m
[31m     ÔåÆ fetch failed[39m
[31m   [31m├ù[31m API: User Settings[2m > [22mPUT /api/users/me/password[2m > [22mshould require authentication[90m 3[2mms[22m[31m[39m
[31m     ÔåÆ fetch failed[39m
[31m   [31m├ù[31m API: User Settings[2m > [22mPUT /api/users/me/password[2m > [22mshould validate missing fields[90m 3[2mms[22m[31m[39m
[31m     ÔåÆ fetch failed[39m
[31m   [31m├ù[31m API: User Settings[2m > [22mGET /api/users/me/preferences[2m > [22mshould return default preferences for new user[90m 4[2mms[22m[31m[39m
[31m     ÔåÆ fetch failed[39m
[31m   [31m├ù[31m API: User Settings[2m > [22mGET /api/users/me/preferences[2m > [22mshould return saved preferences[90m 4[2mms[22m[31m[39m
[31m     ÔåÆ fetch failed[39m
[31m   [31m├ù[31m API: User Settings[2m > [22mGET /api/users/me/preferences[2m > [22mshould require authentication[90m 3[2mms[22m[31m[39m
[31m     ÔåÆ fetch failed[39m
[31m   [31m├ù[31m API: User Settings[2m > [22mPUT /api/users/me/preferences[2m > [22mshould update all preferences[90m 4[2mms[22m[31m[39m
[31m     ÔåÆ fetch failed[39m
[31m   [31m├ù[31m API: User Settings[2m > [22mPUT /api/users/me/preferences[2m > [22mshould partially update preferences (merge)[90m 4[2mms[22m[31m[39m
[31m     ÔåÆ fetch failed[39m
[31m   [31m├ù[31m API: User Settings[2m > [22mPUT /api/users/me/preferences[2m > [22mshould update locale when language changes[90m 2[2mms[22m[31m[39m
[31m     ÔåÆ fetch failed[39m
[31m   [31m├ù[31m API: User Settings[2m > [22mPUT /api/users/me/preferences[2m > [22mshould require authentication[90m 2[2mms[22m[31m[39m
[31m     ÔåÆ fetch failed[39m
[31m   [31m├ù[31m API: User Settings[2m > [22mPUT /api/users/me/preferences[2m > [22mshould validate preference values[90m 2[2mms[22m[31m[39m
[31m     ÔåÆ fetch failed[39m
 [31mÔØ»[39m tests/test-api-availability.spec.ts [2m([22m[2m11 tests[22m[2m | [22m[31m11 failed[39m[2m)[22m[33m 2377[2mms[22m[39m
[31m   [31m├ù[31m API: /api/availability[2m > [22mGET /api/availability[2m > [22mshould return empty availability grid for new membership[90m 82[2mms[22m[31m[39m
[31m     ÔåÆ fetch failed[39m
[31m   [31m├ù[31m API: /api/availability[2m > [22mGET /api/availability[2m > [22mshould return saved availability grid[90m 10[2mms[22m[31m[39m
[31m     ÔåÆ fetch failed[39m
[31m   [31m├ù[31m API: /api/availability[2m > [22mGET /api/availability[2m > [22mshould require membershipId[90m 5[2mms[22m[31m[39m
[31m     ÔåÆ fetch failed[39m
[31m   [31m├ù[31m API: /api/availability[2m > [22mGET /api/availability[2m > [22mshould validate membershipId existence[90m 4[2mms[22m[31m[39m
[31m     ÔåÆ fetch failed[39m
[31m   [31m├ù[31m API: /api/availability[2m > [22mPUT /api/availability[2m > [22mshould create availability records successfully[90m 4[2mms[22m[31m[39m
[31m     ÔåÆ fetch failed[39m
[31m   [31m├ù[31m API: /api/availability[2m > [22mPUT /api/availability[2m > [22mshould replace existing availability when updating[90m 3[2mms[22m[31m[39m
[31m     ÔåÆ fetch failed[39m
[31m   [31m├ù[31m API: /api/availability[2m > [22mPUT /api/availability[2m > [22mshould handle partial week availability[90m 3[2mms[22m[31m[39m
[31m     ÔåÆ fetch failed[39m
[31m   [31m├ù[31m API: /api/availability[2m > [22mPUT /api/availability[2m > [22mshould require membershipId[90m 3[2mms[22m[31m[39m
[31m     ÔåÆ fetch failed[39m
[31m   [31m├ù[31m API: /api/availability[2m > [22mPUT /api/availability[2m > [22mshould require availability data[90m 5[2mms[22m[31m[39m
[31m     ÔåÆ fetch failed[39m
[31m   [31m├ù[31m API: /api/availability[2m > [22mPUT /api/availability[2m > [22mshould validate membershipId existence[90m 4[2mms[22m[31m[39m
[31m     ÔåÆ fetch failed[39m
[31m   [31m├ù[31m API: /api/availability[2m > [22mPUT /api/availability[2m > [22mshould handle full week availability[90m 3[2mms[22m[31m[39m
[31m     ÔåÆ fetch failed[39m
 [31mÔØ»[39m tests/test-api-schedules.spec.ts [2m([22m[2m15 tests[22m[2m | [22m[31m15 failed[39m[2m)[22m[33m 3177[2mms[22m[39m
[31m   [31m├ù[31m API: /api/schedules[2m > [22mGET /api/schedules[2m > [22mshould return empty list for restaurant with no schedules[90m 77[2mms[22m[31m[39m
[31m     ÔåÆ fetch failed[39m
[31m   [31m├ù[31m API: /api/schedules[2m > [22mGET /api/schedules[2m > [22mshould return schedules list with statistics[90m 245[2mms[22m[31m[39m
[31m     ÔåÆ fetch failed[39m
[31m   [31m├ù[31m API: /api/schedules[2m > [22mGET /api/schedules[2m > [22mshould require restaurantId[90m 4[2mms[22m[31m[39m
[31m     ÔåÆ fetch failed[39m
[31m   [31m├ù[31m API: /api/schedules[2m > [22mGET /api/schedules[2m > [22mshould validate restaurantId existence[90m 4[2mms[22m[31m[39m
[31m     ÔåÆ fetch failed[39m
[31m   [31m├ù[31m API: /api/schedules[2m > [22mPOST /api/schedules[2m > [22mshould create new schedule successfully[90m 8[2mms[22m[31m[39m
[31m     ÔåÆ fetch failed[39m
[31m   [31m├ù[31m API: /api/schedules[2m > [22mPOST /api/schedules[2m > [22mshould default isActive to true if not provided[90m 4[2mms[22m[31m[39m
[31m     ÔåÆ fetch failed[39m
[31m   [31m├ù[31m API: /api/schedules[2m > [22mPOST /api/schedules[2m > [22mshould require restaurantId and name[90m 4[2mms[22m[31m[39m
[31m     ÔåÆ fetch failed[39m
[31m   [31m├ù[31m API: /api/schedules[2m > [22mPOST /api/schedules[2m > [22mshould validate restaurantId existence[90m 4[2mms[22m[31m[39m
[31m     ÔåÆ fetch failed[39m
[31m   [31m├ù[31m API: /api/schedules[2m > [22mGET /api/schedules/[id][2m > [22mshould return schedule details with shifts[90m 6[2mms[22m[31m[39m
[31m     ÔåÆ fetch failed[39m
[31m   [31m├ù[31m API: /api/schedules[2m > [22mGET /api/schedules/[id][2m > [22mshould return 404 for non-existent schedule[90m 4[2mms[22m[31m[39m
[31m     ÔåÆ fetch failed[39m
[31m   [31m├ù[31m API: /api/schedules[2m > [22mPUT /api/schedules/[id][2m > [22mshould update schedule name[90m 4[2mms[22m[31m[39m
[31m     ÔåÆ fetch failed[39m
[31m   [31m├ù[31m API: /api/schedules[2m > [22mPUT /api/schedules/[id][2m > [22mshould update isActive status[90m 3[2mms[22m[31m[39m
[31m     ÔåÆ fetch failed[39m
[31m   [31m├ù[31m API: /api/schedules[2m > [22mPUT /api/schedules/[id][2m > [22mshould return 404 for non-existent schedule[90m 3[2mms[22m[31m[39m
[31m     ÔåÆ fetch failed[39m
[31m   [31m├ù[31m API: /api/schedules[2m > [22mDELETE /api/schedules/[id][2m > [22mshould delete schedule successfully[90m 3[2mms[22m[31m[39m
[31m     ÔåÆ fetch failed[39m
[31m   [31m├ù[31m API: /api/schedules[2m > [22mDELETE /api/schedules/[id][2m > [22mshould return 404 for non-existent schedule[90m 3[2mms[22m[31m[39m
[31m     ÔåÆ fetch failed[39m
 [32mÔ£ô[39m tests/test-etap14-seed-and-docs.spec.ts [2m([22m[2m11 tests[22m[2m)[22m[33m 3694[2mms[22m[39m
   [33m[2mÔ£ô[22m[39m ETAP 14: Seed i dokumentacja[2m > [22mSeed Data Validation[2m > [22mshould have seeded restaurant "Pod Grusz─à" [33m834[2mms[22m[39m
   [33m[2mÔ£ô[22m[39m ETAP 14: Seed i dokumentacja[2m > [22mSeed Data Validation[2m > [22mshould have seeded 3 test users (manager + 2 employees) [33m745[2mms[22m[39m
   [33m[2mÔ£ô[22m[39m ETAP 14: Seed i dokumentacja[2m > [22mSeed Data Validation[2m > [22mshould have seeded memberships for all users [33m596[2mms[22m[39m
   [33m[2mÔ£ô[22m[39m ETAP 14: Seed i dokumentacja[2m > [22mSeed Data Validation[2m > [22mshould have seeded schedule with shifts [33m899[2mms[22m[39m
   [33m[2mÔ£ô[22m[39m ETAP 14: Seed i dokumentacja[2m > [22mSeed Data Validation[2m > [22mshould have shift times correctly set for today [33m607[2mms[22m[39m
 [31mÔØ»[39m tests/test-api-time-approval.spec.ts [2m([22m[2m10 tests[22m[2m | [22m[31m10 failed[39m[2m)[22m[33m 4425[2mms[22m[39m
[31m   [31m├ù[31m API: Time Entry Approval[2m > [22mGET /api/time-entries/pending[2m > [22mshould return pending entries for restaurant[90m 92[2mms[22m[31m[39m
[31m     ÔåÆ fetch failed[39m
[31m   [31m├ù[31m API: Time Entry Approval[2m > [22mGET /api/time-entries/pending[2m > [22mshould calculate total hours correctly[90m 10[2mms[22m[31m[39m
[31m     ÔåÆ fetch failed[39m
[31m   [31m├ù[31m API: Time Entry Approval[2m > [22mGET /api/time-entries/pending[2m > [22mshould include adjustment minutes in calculation[90m 4[2mms[22m[31m[39m
[31m     ÔåÆ fetch failed[39m
[31m   [31m├ù[31m API: Time Entry Approval[2m > [22mGET /api/time-entries/pending[2m > [22mshould not return already approved entries[90m 4[2mms[22m[31m[39m
[31m     ÔåÆ fetch failed[39m
[31m   [31m├ù[31m API: Time Entry Approval[2m > [22mGET /api/time-entries/pending[2m > [22mshould return 400 without restaurantId[90m 4[2mms[22m[31m[39m
[31m     ÔåÆ fetch failed[39m
[31m   [31m├ù[31m API: Time Entry Approval[2m > [22mPOST /api/time-entries/approve[2m > [22mshould approve a time entry[90m 6[2mms[22m[31m[39m
[31m     ÔåÆ fetch failed[39m
[31m   [31m├ù[31m API: Time Entry Approval[2m > [22mPOST /api/time-entries/approve[2m > [22mshould reject a time entry with reason[90m 4[2mms[22m[31m[39m
[31m     ÔåÆ fetch failed[39m
[31m   [31m├ù[31m API: Time Entry Approval[2m > [22mPOST /api/time-entries/approve[2m > [22mshould return 400 with invalid data[90m 3[2mms[22m[31m[39m
[31m     ÔåÆ fetch failed[39m
[31m   [31m├ù[31m API: Time Entry Approval[2m > [22mPOST /api/time-entries/approve[2m > [22mshould return 404 with non-existent entry[90m 6[2mms[22m[31m[39m
[31m     ÔåÆ fetch failed[39m
[31m   [31m├ù[31m API: Time Entry Approval[2m > [22mPOST /api/time-entries/approve[2m > [22mshould return 400 when trying to approve non-pending entry[90m 252[2mms[22m[31m[39m
[31m     ÔåÆ fetch failed[39m
 [31mÔØ»[39m tests/test-api-shifts-calendar.spec.ts [2m([22m[2m10 tests[22m[2m | [22m[31m10 failed[39m[2m)[22m[33m 4629[2mms[22m[39m
[31m   [31m├ù[31m API: GET /api/shifts[2m > [22mshould return shifts for given month and membership[90m 92[2mms[22m[31m[39m
[31m     ÔåÆ fetch failed[39m
[31m   [31m├ù[31m API: GET /api/shifts[2m > [22mshould format shift times correctly[90m 13[2mms[22m[31m[39m
[31m     ÔåÆ fetch failed[39m
[31m   [31m├ù[31m API: GET /api/shifts[2m > [22mshould calculate planned hours correctly[90m 4[2mms[22m[31m[39m
[31m     ÔåÆ fetch failed[39m
[31m   [31m├ù[31m API: GET /api/shifts[2m > [22mshould filter by status[90m 4[2mms[22m[31m[39m
[31m     ÔåÆ fetch failed[39m
[31m   [31m├ù[31m API: GET /api/shifts[2m > [22mshould return empty array for month with no shifts[90m 3[2mms[22m[31m[39m
[31m     ÔåÆ fetch failed[39m
[31m   [31m├ù[31m API: GET /api/shifts[2m > [22mshould default to current month if month not provided[90m 3[2mms[22m[31m[39m
[31m     ÔåÆ fetch failed[39m
[31m   [31m├ù[31m API: GET /api/shifts[2m > [22mshould require membershipId[90m 4[2mms[22m[31m[39m
[31m     ÔåÆ fetch failed[39m
[31m   [31m├ù[31m API: GET /api/shifts[2m > [22mshould validate membershipId existence[90m 4[2mms[22m[31m[39m
[31m     ÔåÆ fetch failed[39m
[31m   [31m├ù[31m API: GET /api/shifts[2m > [22mshould include role information in shifts[90m 5[2mms[22m[31m[39m
[31m     ÔåÆ fetch failed[39m
[31m   [31m├ù[31m API: GET /api/shifts[2m > [22mshould sort shifts by date ascending[90m 3[2mms[22m[31m[39m
[31m     ÔåÆ fetch failed[39m
 [31mÔØ»[39m tests/test-api-time-entries-summary.spec.ts [2m([22m[2m7 tests[22m[2m | [22m[31m7 failed[39m[2m)[22m[33m 4829[2mms[22m[39m
[31m   [31m├ù[31m API: /api/time-entries/summary[2m > [22mshould return monthly summary with correct totals[90m 84[2mms[22m[31m[39m
[31m     ÔåÆ fetch failed[39m
[31m   [31m├ù[31m API: /api/time-entries/summary[2m > [22mshould return weekly breakdown[90m 8[2mms[22m[31m[39m
[31m     ÔåÆ fetch failed[39m
[31m   [31m├ù[31m API: /api/time-entries/summary[2m > [22mshould return recent entries[90m 3[2mms[22m[31m[39m
[31m     ÔåÆ fetch failed[39m
[31m   [31m├ù[31m API: /api/time-entries/summary[2m > [22mshould return 400 if membershipId is missing[90m 3[2mms[22m[31m[39m
[31m     ÔåÆ fetch failed[39m
[31m   [31m├ù[31m API: /api/time-entries/summary[2m > [22mshould return 404 if membership not found[90m 3[2mms[22m[31m[39m
[31m     ÔåÆ fetch failed[39m
[31m   [31m├ù[31m API: /api/time-entries/summary[2m > [22mshould default to current month if month param is not provided[90m 3[2mms[22m[31m[39m
[31m     ÔåÆ fetch failed[39m
[31m   [31m├ù[31m API: /api/time-entries/summary[2m > [22mshould handle entries with adjustmentMinutes[90m 272[2mms[22m[31m[39m
[31m     ÔåÆ fetch failed[39m
 [32mÔ£ô[39m tests/test-etap12-api-endpoints.spec.ts [2m([22m[2m14 tests[22m[2m)[22m[33m 6380[2mms[22m[39m
   [33m[2mÔ£ô[22m[39m ETAP 12: API Endpoints[2m > [22m12.1 Invitations[2m > [22mshould accept invitation and create user + membership [33m762[2mms[22m[39m
   [33m[2mÔ£ô[22m[39m ETAP 12: API Endpoints[2m > [22m12.2 Schedules and Shifts[2m > [22mshould assign employee to shift [33m511[2mms[22m[39m
   [33m[2mÔ£ô[22m[39m ETAP 12: API Endpoints[2m > [22m12.2 Schedules and Shifts[2m > [22mshould detect conflicting shift assignments for employee [33m512[2mms[22m[39m
   [33m[2mÔ£ô[22m[39m ETAP 12: API Endpoints[2m > [22m12.3 Time Management[2m > [22mshould allow manager to close time entry [33m1018[2mms[22m[39m
 [31mÔØ»[39m tests/test-api-team.spec.ts [2m([22m[2m11 tests[22m[2m | [22m[31m11 failed[39m[2m)[22m[33m 8973[2mms[22m[39m
[31m   [31m├ù[31m API: GET /api/team[2m > [22mshould return team members list with statistics[90m 91[2mms[22m[31m[39m
[31m     ÔåÆ fetch failed[39m
[31m   [31m├ù[31m API: GET /api/team[2m > [22mshould include member details and statistics[90m 8[2mms[22m[31m[39m
[31m     ÔåÆ fetch failed[39m
[31m   [31m├ù[31m API: GET /api/team[2m > [22mshould calculate hours correctly including adjustments[90m 4[2mms[22m[31m[39m
[31m     ÔåÆ fetch failed[39m
[31m   [31m├ù[31m API: GET /api/team[2m > [22mshould sort active members first, then by name[90m 3[2mms[22m[31m[39m
[31m     ÔåÆ fetch failed[39m
[31m   [31m├ù[31m API: GET /api/team[2m > [22mshould calculate aggregate statistics[90m 4[2mms[22m[31m[39m
[31m     ÔåÆ fetch failed[39m
[31m   [31m├ù[31m API: GET /api/team[2m > [22mshould filter by restaurant correctly[90m 249[2mms[22m[31m[39m
[31m     ÔåÆ fetch failed[39m
[31m   [31m├ù[31m API: GET /api/team[2m > [22mshould require restaurantId[90m 3[2mms[22m[31m[39m
[31m     ÔåÆ fetch failed[39m
[31m   [31m├ù[31m API: GET /api/team[2m > [22mshould validate restaurantId existence[90m 3[2mms[22m[31m[39m
[31m     ÔåÆ fetch failed[39m
[31m   [31m├ù[31m API: GET /api/team[2m > [22mshould return empty list for restaurant with no members[90m 256[2mms[22m[31m[39m
[31m     ÔåÆ fetch failed[39m
[31m   [31m├ù[31m API: GET /api/team[2m > [22mshould handle members with no time entries[90m 3[2mms[22m[31m[39m
[31m     ÔåÆ fetch failed[39m
[31m   [31m├ù[31m API: GET /api/team[2m > [22mshould use hourlyRateManagerPLN if available, else default rate[90m 2[2mms[22m[31m[39m
[31m     ÔåÆ fetch failed[39m

node.exe : [31mÔÄ»ÔÄ»ÔÄ»ÔÄ»ÔÄ»ÔÄ»[1m[7m Failed Suites 2 [27m[22mÔÄ»
ÔÄ»ÔÄ»ÔÄ»ÔÄ»ÔÄ»ÔÄ»[39m
At C:\Users\tomek\AppData\Roaming\npm\pnpm.ps1:24 char:5
+     & "node$exe"  "$basedir/node_modules/pnpm/bin/pnpm.cjs" $args
+     ~~~~~~~~~~~~~~~~~~~~~~~~~~~~~~~~~~~~~~~~~~~~~~~~~~~~~~~~~~~~~
    + CategoryInfo          : NotSpecified: ([31mÔÄ»ÔÄ»ÔÄ»Ô...»ÔÄ»ÔÄ»Ô 
   Ä»[39m:String) [], RemoteException
    + FullyQualifiedErrorId : NativeCommandError
 

[31m[1m[7m FAIL [27m[22m[39m tests/e2e/onboarding.spec.ts[2m [ te
sts/e2e/onboarding.spec.ts ][22m
[31m[1mError[22m: Playwright Test did not expect test() to be called 
here.
Most common reasons include:
- You are calling test() in a configuration file.
- You are calling test() in a file that is imported by the configuration
 file.
- You have two different versions of @playwright/test. This usually happ
ens
  when one of the dependencies in your package.json depends on @playwrig
ht/test.[39m
[90m [2mÔØ»[22m TestTypeImpl._currentSuite node_modules/.pnpm/playwri
ght@1.56.1/node_modules/playwright/lib/common/testType.js:[2m74:13[22m
[39m
[90m [2mÔØ»[22m TestTypeImpl._createTest node_modules/.pnpm/playwrigh
t@1.56.1/node_modules/playwright/lib/common/testType.js:[2m87:24[22m[
39m
[90m [2mÔØ»[22m Module.<anonymous> node_modules/.pnpm/playwright@1.56
.1/node_modules/playwright/lib/transform/transform.js:[2m275:12[22m[3
9m
[36m [2mÔØ»[22m tests/e2e/onboarding.spec.ts:[2m3:1[22m[39m
    [90m  1| [39m[35mimport[39m { test[33m,[39m expect } [35mfrom
[39m [32m'@playwright/test'[39m
    [90m  2| [39m
    [90m  3| [39m[34mtest[39m([32m'public pages render'[39m[33m,
[39m [35masync[39m ({ page }) [33m=>[39m {
    [90m   | [39m[31m^[39m
    [90m  4| [39m  [35mawait[39m page[33m.[39m[34mgoto[39m([32m
'/(public)/login'[39m)
    [90m  5| [39m  [35mawait[39m [34mexpect[39m(page[33m.[39m[3
4mgetByText[39m([32m'Logowanie'[39m))[33m.[39m[34mtoBeVisible[39m
()

[31m[2mÔÄ»ÔÄ»ÔÄ»ÔÄ»ÔÄ»ÔÄ»ÔÄ»ÔÄ»ÔÄ»ÔÄ»ÔÄ»ÔÄ»ÔÄ»ÔÄ»ÔÄ»ÔÄ»ÔÄ»ÔÄ»ÔÄ»ÔÄ»ÔÄ»
ÔÄ»ÔÄ»[1/79]ÔÄ»[22m[39m

[31m[1m[7m FAIL [27m[22m[39m tests/unit/monthly.spec.ts[2m [ test
s/unit/monthly.spec.ts ][22m
[31m[1mError[22m: Failed to load url @/lib/dates (resolved id: @/lib/
dates) in C:/Users/tomek/Desktop/gastro-app/tests/unit/monthly.spec.ts. 
Does the file exist?[39m
[90m [2mÔØ»[22m loadAndTransform node_modules/.pnpm/vite@5.4.21_@type
s+node@20.19.24_terser@5.44.0/node_modules/vite/dist/node/chunks/dep-BK3
b2jBa.js:[2m51969:17[22m[39m

[31m[2mÔÄ»ÔÄ»ÔÄ»ÔÄ»ÔÄ»ÔÄ»ÔÄ»ÔÄ»ÔÄ»ÔÄ»ÔÄ»ÔÄ»ÔÄ»ÔÄ»ÔÄ»ÔÄ»ÔÄ»ÔÄ»ÔÄ»ÔÄ»ÔÄ»
ÔÄ»ÔÄ»[2/79]ÔÄ»[22m[39m

[31mÔÄ»ÔÄ»ÔÄ»ÔÄ»ÔÄ»ÔÄ»[1m[7m Failed Tests 77 [27m[22mÔÄ»ÔÄ»ÔÄ»ÔÄ»ÔÄ
»ÔÄ»ÔÄ»[39m

[31m[1m[7m FAIL [27m[22m[39m tests/test-api-availability.spec.ts[
2m > [22mAPI: /api/availability[2m > [22mGET /api/availability[2m > 
[22mshould return empty availability grid for new membership
[31m[1mTypeError[22m: fetch failed[39m
[36m [2mÔØ»[22m tests/test-api-availability.spec.ts:[2m69:24[22m[3
9m
    [90m 67| [39m  [34mdescribe[39m([32m'GET /api/availability'[39
m[33m,[39m () [33m=>[39m {
    [90m 68| [39m    [34mit[39m([32m'should return empty availabili
ty grid for new membership'[39m[33m,[39m [35masy[39mÔÇª
    [90m 69| [39m      [35mconst[39m response [33m=[39m [35mawait
[39m [34mfetch[39m(
    [90m   | [39m                       [31m^[39m
    [90m 70| [39m        [32m`[39m[36m${[39m[33mAPI_BASE[39m[36
m}[39m[32m/api/availability?membershipId=[39m[36m${[39mtestMembersh
ipId[36m}[39m[32m`[39m
    [90m 71| [39m      )

{
  stack: 'AggregateError: \n' +
    '    at internalConnectMultiple (node:net:1139:18)\n' +
    '    at afterConnectMultiple (node:net:1712:7)',
  errors: [
    {
      stack: 'Error: connect ECONNREFUSED ::1:3000\n' +
        '    at createConnectionError (node:net:1675:14)\n' +
        '    at afterConnectMultiple (node:net:1705:16)',
      message: 'connect ECONNREFUSED ::1:3000',
      errno: -4078,
      code: 'ECONNREFUSED',
      syscall: 'connect',
      address: '::1',
      port: 3000,
      constructor: 'Function<Error>',
      name: 'Error',
      toString: 'Function<toString>'
    },
    {
      stack: 'Error: connect ECONNREFUSED 127.0.0.1:3000\n' +
        '    at createConnectionError (node:net:1675:14)\n' +
        '    at afterConnectMultiple (node:net:1705:16)',
      message: 'connect ECONNREFUSED 127.0.0.1:3000',
      errno: -4078,
      code: 'ECONNREFUSED',
      syscall: 'connect',
      address: '127.0.0.1',
      port: 3000,
      constructor: 'Function<Error>',
      name: 'Error',
      toString: 'Function<toString>'
    }
  ],
  code: 'ECONNREFUSED',
  stackStr: 'AggregateError: \n' +
    '    at internalConnectMultiple (node:net:1139:18)\n' +
    '    at afterConnectMultiple (node:net:1712:7)',
  nameStr: 'AggregateError',
  expected: 'undefined',
  actual: 'undefined',
  message: '',
  constructor: 'Function<AggregateError>',
  name: 'Caused by: AggregateError',
  toString: 'Function<toString>',
  stacks: []
}
[31m[2mÔÄ»ÔÄ»ÔÄ»ÔÄ»ÔÄ»ÔÄ»ÔÄ»ÔÄ»ÔÄ»ÔÄ»ÔÄ»ÔÄ»ÔÄ»ÔÄ»ÔÄ»ÔÄ»ÔÄ»ÔÄ»ÔÄ»ÔÄ»ÔÄ»
ÔÄ»ÔÄ»ÔÄ»ÔÄ»ÔÄ»ÔÄ»ÔÄ»ÔÄ»ÔÄ»[22m[39m
[31m[1mSerialized Error:[22m[39m [90m{ errors: [ { stack: 'Error: c
onnect ECONNREFUSED ::1:3000\n    at createConnectionError (node:net:167
5:14)\n    at afterConnectMultiple (node:net:1705:16)', message: 'connec
t ECONNREFUSED ::1:3000', errno: -4078, code: 'ECONNREFUSED', syscall: '
connect', address: '::1', port: 3000, constructor: 'Function<Error>', na
me: 'Error', toString: 'Function<toString>' }, { stack: 'Error: connect 
ECONNREFUSED 127.0.0.1:3000\n    at createConnectionError (node:net:1675
:14)\n    at afterConnectMultiple (node:net:1705:16)', message: 'connect
 ECONNREFUSED 127.0.0.1:3000', errno: -4078, code: 'ECONNREFUSED', sysca
ll: 'connect', address: '127.0.0.1', port: 3000, constructor: 'Function<
Error>', name: 'Error', toString: 'Function<toString>' } ], code: 'ECONN
REFUSED' }[39m
[31m[2mÔÄ»ÔÄ»ÔÄ»ÔÄ»ÔÄ»ÔÄ»ÔÄ»ÔÄ»ÔÄ»ÔÄ»ÔÄ»ÔÄ»ÔÄ»ÔÄ»ÔÄ»ÔÄ»ÔÄ»ÔÄ»ÔÄ»ÔÄ»ÔÄ»
ÔÄ»ÔÄ»[3/79]ÔÄ»[22m[39m

[31m[1m[7m FAIL [27m[22m[39m tests/test-api-availability.spec.ts[
2m > [22mAPI: /api/availability[2m > [22mGET /api/availability[2m > 
[22mshould return saved availability grid
[31m[1mTypeError[22m: fetch failed[39m
[36m [2mÔØ»[22m tests/test-api-availability.spec.ts:[2m92:7[22m[39
m
    [90m 90| [39m    [34mit[39m([32m'should return saved availabili
ty grid'[39m[33m,[39m [35masync[39m () [33m=>[39m {
    [90m 91| [39m      [90m// First, save some availability[39m
    [90m 92| [39m      [35mawait[39m [34mfetch[39m([32m`[39m[36
m${[39m[33mAPI_BASE[39m[36m}[39m[32m/api/availability`[39m[33m,
[39m {
    [90m   | [39m      [31m^[39m
    [90m 93| [39m        method[33m:[39m [32m'PUT'[39m[33m,[39m
    [90m 94| [39m        headers[33m:[39m {

{
  stack: 'AggregateError: \n' +
    '    at internalConnectMultiple (node:net:1139:18)\n' +
    '    at afterConnectMultiple (node:net:1712:7)',
  errors: [
    {
      stack: 'Error: connect ECONNREFUSED ::1:3000\n' +
        '    at createConnectionError (node:net:1675:14)\n' +
        '    at afterConnectMultiple (node:net:1705:16)',
      message: 'connect ECONNREFUSED ::1:3000',
      errno: -4078,
      code: 'ECONNREFUSED',
      syscall: 'connect',
      address: '::1',
      port: 3000,
      constructor: 'Function<Error>',
      name: 'Error',
      toString: 'Function<toString>'
    },
    {
      stack: 'Error: connect ECONNREFUSED 127.0.0.1:3000\n' +
        '    at createConnectionError (node:net:1675:14)\n' +
        '    at afterConnectMultiple (node:net:1705:16)',
      message: 'connect ECONNREFUSED 127.0.0.1:3000',
      errno: -4078,
      code: 'ECONNREFUSED',
      syscall: 'connect',
      address: '127.0.0.1',
      port: 3000,
      constructor: 'Function<Error>',
      name: 'Error',
      toString: 'Function<toString>'
    }
  ],
  code: 'ECONNREFUSED',
  stackStr: 'AggregateError: \n' +
    '    at internalConnectMultiple (node:net:1139:18)\n' +
    '    at afterConnectMultiple (node:net:1712:7)',
  nameStr: 'AggregateError',
  expected: 'undefined',
  actual: 'undefined',
  message: '',
  constructor: 'Function<AggregateError>',
  name: 'Caused by: AggregateError',
  toString: 'Function<toString>',
  stacks: []
}
[31m[2mÔÄ»ÔÄ»ÔÄ»ÔÄ»ÔÄ»ÔÄ»ÔÄ»ÔÄ»ÔÄ»ÔÄ»ÔÄ»ÔÄ»ÔÄ»ÔÄ»ÔÄ»ÔÄ»ÔÄ»ÔÄ»ÔÄ»ÔÄ»ÔÄ»
ÔÄ»ÔÄ»ÔÄ»ÔÄ»ÔÄ»ÔÄ»ÔÄ»ÔÄ»ÔÄ»[22m[39m
[31m[1mSerialized Error:[22m[39m [90m{ errors: [ { stack: 'Error: c
onnect ECONNREFUSED ::1:3000\n    at createConnectionError (node:net:167
5:14)\n    at afterConnectMultiple (node:net:1705:16)', message: 'connec
t ECONNREFUSED ::1:3000', errno: -4078, code: 'ECONNREFUSED', syscall: '
connect', address: '::1', port: 3000, constructor: 'Function<Error>', na
me: 'Error', toString: 'Function<toString>' }, { stack: 'Error: connect 
ECONNREFUSED 127.0.0.1:3000\n    at createConnectionError (node:net:1675
:14)\n    at afterConnectMultiple (node:net:1705:16)', message: 'connect
 ECONNREFUSED 127.0.0.1:3000', errno: -4078, code: 'ECONNREFUSED', sysca
ll: 'connect', address: '127.0.0.1', port: 3000, constructor: 'Function<
Error>', name: 'Error', toString: 'Function<toString>' } ], code: 'ECONN
REFUSED' }[39m
[31m[2mÔÄ»ÔÄ»ÔÄ»ÔÄ»ÔÄ»ÔÄ»ÔÄ»ÔÄ»ÔÄ»ÔÄ»ÔÄ»ÔÄ»ÔÄ»ÔÄ»ÔÄ»ÔÄ»ÔÄ»ÔÄ»ÔÄ»ÔÄ»ÔÄ»
ÔÄ»ÔÄ»[4/79]ÔÄ»[22m[39m

[31m[1m[7m FAIL [27m[22m[39m tests/test-api-availability.spec.ts[
2m > [22mAPI: /api/availability[2m > [22mGET /api/availability[2m > 
[22mshould require membershipId
[31m[1mTypeError[22m: fetch failed[39m
[36m [2mÔØ»[22m tests/test-api-availability.spec.ts:[2m132:24[22m[
39m
    [90m130| [39m
    [90m131| [39m    [34mit[39m([32m'should require membershipId'[
39m[33m,[39m [35masync[39m () [33m=>[39m {
    [90m132| [39m      [35mconst[39m response [33m=[39m [35mawait
[39m [34mfetch[39m([32m`[39m[36m${[39m[33mAPI_BASE[39m[36m}[3
9m[32m/api/availability`[39m)
    [90m   | [39m                       [31m^[39m
    [90m133| [39m
    [90m134| [39m      [34mexpect[39m(response[33m.[39mstatus)[33
m.[39m[34mtoBe[39m([34m400[39m)

{
  stack: 'AggregateError: \n' +
    '    at internalConnectMultiple (node:net:1139:18)\n' +
    '    at afterConnectMultiple (node:net:1712:7)',
  errors: [
    {
      stack: 'Error: connect ECONNREFUSED ::1:3000\n' +
        '    at createConnectionError (node:net:1675:14)\n' +
        '    at afterConnectMultiple (node:net:1705:16)',
      message: 'connect ECONNREFUSED ::1:3000',
      errno: -4078,
      code: 'ECONNREFUSED',
      syscall: 'connect',
      address: '::1',
      port: 3000,
      constructor: 'Function<Error>',
      name: 'Error',
      toString: 'Function<toString>'
    },
    {
      stack: 'Error: connect ECONNREFUSED 127.0.0.1:3000\n' +
        '    at createConnectionError (node:net:1675:14)\n' +
        '    at afterConnectMultiple (node:net:1705:16)',
      message: 'connect ECONNREFUSED 127.0.0.1:3000',
      errno: -4078,
      code: 'ECONNREFUSED',
      syscall: 'connect',
      address: '127.0.0.1',
      port: 3000,
      constructor: 'Function<Error>',
      name: 'Error',
      toString: 'Function<toString>'
    }
  ],
  code: 'ECONNREFUSED',
  stackStr: 'AggregateError: \n' +
    '    at internalConnectMultiple (node:net:1139:18)\n' +
    '    at afterConnectMultiple (node:net:1712:7)',
  nameStr: 'AggregateError',
  expected: 'undefined',
  actual: 'undefined',
  message: '',
  constructor: 'Function<AggregateError>',
  name: 'Caused by: AggregateError',
  toString: 'Function<toString>',
  stacks: []
}
[31m[2mÔÄ»ÔÄ»ÔÄ»ÔÄ»ÔÄ»ÔÄ»ÔÄ»ÔÄ»ÔÄ»ÔÄ»ÔÄ»ÔÄ»ÔÄ»ÔÄ»ÔÄ»ÔÄ»ÔÄ»ÔÄ»ÔÄ»ÔÄ»ÔÄ»
ÔÄ»ÔÄ»ÔÄ»ÔÄ»ÔÄ»ÔÄ»ÔÄ»ÔÄ»ÔÄ»[22m[39m
[31m[1mSerialized Error:[22m[39m [90m{ errors: [ { stack: 'Error: c
onnect ECONNREFUSED ::1:3000\n    at createConnectionError (node:net:167
5:14)\n    at afterConnectMultiple (node:net:1705:16)', message: 'connec
t ECONNREFUSED ::1:3000', errno: -4078, code: 'ECONNREFUSED', syscall: '
connect', address: '::1', port: 3000, constructor: 'Function<Error>', na
me: 'Error', toString: 'Function<toString>' }, { stack: 'Error: connect 
ECONNREFUSED 127.0.0.1:3000\n    at createConnectionError (node:net:1675
:14)\n    at afterConnectMultiple (node:net:1705:16)', message: 'connect
 ECONNREFUSED 127.0.0.1:3000', errno: -4078, code: 'ECONNREFUSED', sysca
ll: 'connect', address: '127.0.0.1', port: 3000, constructor: 'Function<
Error>', name: 'Error', toString: 'Function<toString>' } ], code: 'ECONN
REFUSED' }[39m
[31m[2mÔÄ»ÔÄ»ÔÄ»ÔÄ»ÔÄ»ÔÄ»ÔÄ»ÔÄ»ÔÄ»ÔÄ»ÔÄ»ÔÄ»ÔÄ»ÔÄ»ÔÄ»ÔÄ»ÔÄ»ÔÄ»ÔÄ»ÔÄ»ÔÄ»
ÔÄ»ÔÄ»[5/79]ÔÄ»[22m[39m

[31m[1m[7m FAIL [27m[22m[39m tests/test-api-availability.spec.ts[
2m > [22mAPI: /api/availability[2m > [22mGET /api/availability[2m > 
[22mshould validate membershipId existence
[31m[1mTypeError[22m: fetch failed[39m
[36m [2mÔØ»[22m tests/test-api-availability.spec.ts:[2m140:24[22m[
39m
    [90m138| [39m
    [90m139| [39m    [34mit[39m([32m'should validate membershipId e
xistence'[39m[33m,[39m [35masync[39m () [33m=>[39m {
    [90m140| [39m      [35mconst[39m response [33m=[39m [35mawait
[39m [34mfetch[39m(
    [90m   | [39m                       [31m^[39m
    [90m141| [39m        [32m`[39m[36m${[39m[33mAPI_BASE[39m[36
m}[39m[32m/api/availability?membershipId=non-existent-id`[39m
    [90m142| [39m      )

{
  stack: 'AggregateError: \n' +
    '    at internalConnectMultiple (node:net:1139:18)\n' +
    '    at afterConnectMultiple (node:net:1712:7)',
  errors: [
    {
      stack: 'Error: connect ECONNREFUSED ::1:3000\n' +
        '    at createConnectionError (node:net:1675:14)\n' +
        '    at afterConnectMultiple (node:net:1705:16)',
      message: 'connect ECONNREFUSED ::1:3000',
      errno: -4078,
      code: 'ECONNREFUSED',
      syscall: 'connect',
      address: '::1',
      port: 3000,
      constructor: 'Function<Error>',
      name: 'Error',
      toString: 'Function<toString>'
    },
    {
      stack: 'Error: connect ECONNREFUSED 127.0.0.1:3000\n' +
        '    at createConnectionError (node:net:1675:14)\n' +
        '    at afterConnectMultiple (node:net:1705:16)',
      message: 'connect ECONNREFUSED 127.0.0.1:3000',
      errno: -4078,
      code: 'ECONNREFUSED',
      syscall: 'connect',
      address: '127.0.0.1',
      port: 3000,
      constructor: 'Function<Error>',
      name: 'Error',
      toString: 'Function<toString>'
    }
  ],
  code: 'ECONNREFUSED',
  stackStr: 'AggregateError: \n' +
    '    at internalConnectMultiple (node:net:1139:18)\n' +
    '    at afterConnectMultiple (node:net:1712:7)',
  nameStr: 'AggregateError',
  expected: 'undefined',
  actual: 'undefined',
  message: '',
  constructor: 'Function<AggregateError>',
  name: 'Caused by: AggregateError',
  toString: 'Function<toString>',
  stacks: []
}
[31m[2mÔÄ»ÔÄ»ÔÄ»ÔÄ»ÔÄ»ÔÄ»ÔÄ»ÔÄ»ÔÄ»ÔÄ»ÔÄ»ÔÄ»ÔÄ»ÔÄ»ÔÄ»ÔÄ»ÔÄ»ÔÄ»ÔÄ»ÔÄ»ÔÄ»
ÔÄ»ÔÄ»ÔÄ»ÔÄ»ÔÄ»ÔÄ»ÔÄ»ÔÄ»ÔÄ»[22m[39m
[31m[1mSerialized Error:[22m[39m [90m{ errors: [ { stack: 'Error: c
onnect ECONNREFUSED ::1:3000\n    at createConnectionError (node:net:167
5:14)\n    at afterConnectMultiple (node:net:1705:16)', message: 'connec
t ECONNREFUSED ::1:3000', errno: -4078, code: 'ECONNREFUSED', syscall: '
connect', address: '::1', port: 3000, constructor: 'Function<Error>', na
me: 'Error', toString: 'Function<toString>' }, { stack: 'Error: connect 
ECONNREFUSED 127.0.0.1:3000\n    at createConnectionError (node:net:1675
:14)\n    at afterConnectMultiple (node:net:1705:16)', message: 'connect
 ECONNREFUSED 127.0.0.1:3000', errno: -4078, code: 'ECONNREFUSED', sysca
ll: 'connect', address: '127.0.0.1', port: 3000, constructor: 'Function<
Error>', name: 'Error', toString: 'Function<toString>' } ], code: 'ECONN
REFUSED' }[39m
[31m[2mÔÄ»ÔÄ»ÔÄ»ÔÄ»ÔÄ»ÔÄ»ÔÄ»ÔÄ»ÔÄ»ÔÄ»ÔÄ»ÔÄ»ÔÄ»ÔÄ»ÔÄ»ÔÄ»ÔÄ»ÔÄ»ÔÄ»ÔÄ»ÔÄ»
ÔÄ»ÔÄ»[6/79]ÔÄ»[22m[39m

[31m[1m[7m FAIL [27m[22m[39m tests/test-api-availability.spec.ts[
2m > [22mAPI: /api/availability[2m > [22mPUT /api/availability[2m > 
[22mshould create availability records successfully
[31m[1mTypeError[22m: fetch failed[39m
[36m [2mÔØ»[22m tests/test-api-availability.spec.ts:[2m162:24[22m[
39m
    [90m160| [39m      }
    [90m161| [39m
    [90m162| [39m      [35mconst[39m response [33m=[39m [35mawait
[39m [34mfetch[39m([32m`[39m[36m${[39m[33mAPI_BASE[39m[36m}[3
9m[32m/api/availability`[39m[33m,[39m {
    [90m   | [39m                       [31m^[39m
    [90m163| [39m        method[33m:[39m [32m'PUT'[39m[33m,[39m
    [90m164| [39m        headers[33m:[39m {

{
  stack: 'AggregateError: \n' +
    '    at internalConnectMultiple (node:net:1139:18)\n' +
    '    at afterConnectMultiple (node:net:1712:7)',
  errors: [
    {
      stack: 'Error: connect ECONNREFUSED ::1:3000\n' +
        '    at createConnectionError (node:net:1675:14)\n' +
        '    at afterConnectMultiple (node:net:1705:16)',
      message: 'connect ECONNREFUSED ::1:3000',
      errno: -4078,
      code: 'ECONNREFUSED',
      syscall: 'connect',
      address: '::1',
      port: 3000,
      constructor: 'Function<Error>',
      name: 'Error',
      toString: 'Function<toString>'
    },
    {
      stack: 'Error: connect ECONNREFUSED 127.0.0.1:3000\n' +
        '    at createConnectionError (node:net:1675:14)\n' +
        '    at afterConnectMultiple (node:net:1705:16)',
      message: 'connect ECONNREFUSED 127.0.0.1:3000',
      errno: -4078,
      code: 'ECONNREFUSED',
      syscall: 'connect',
      address: '127.0.0.1',
      port: 3000,
      constructor: 'Function<Error>',
      name: 'Error',
      toString: 'Function<toString>'
    }
  ],
  code: 'ECONNREFUSED',
  stackStr: 'AggregateError: \n' +
    '    at internalConnectMultiple (node:net:1139:18)\n' +
    '    at afterConnectMultiple (node:net:1712:7)',
  nameStr: 'AggregateError',
  expected: 'undefined',
  actual: 'undefined',
  message: '',
  constructor: 'Function<AggregateError>',
  name: 'Caused by: AggregateError',
  toString: 'Function<toString>',
  stacks: []
}
[31m[2mÔÄ»ÔÄ»ÔÄ»ÔÄ»ÔÄ»ÔÄ»ÔÄ»ÔÄ»ÔÄ»ÔÄ»ÔÄ»ÔÄ»ÔÄ»ÔÄ»ÔÄ»ÔÄ»ÔÄ»ÔÄ»ÔÄ»ÔÄ»ÔÄ»
ÔÄ»ÔÄ»ÔÄ»ÔÄ»ÔÄ»ÔÄ»ÔÄ»ÔÄ»ÔÄ»[22m[39m
[31m[1mSerialized Error:[22m[39m [90m{ errors: [ { stack: 'Error: c
onnect ECONNREFUSED ::1:3000\n    at createConnectionError (node:net:167
5:14)\n    at afterConnectMultiple (node:net:1705:16)', message: 'connec
t ECONNREFUSED ::1:3000', errno: -4078, code: 'ECONNREFUSED', syscall: '
connect', address: '::1', port: 3000, constructor: 'Function<Error>', na
me: 'Error', toString: 'Function<toString>' }, { stack: 'Error: connect 
ECONNREFUSED 127.0.0.1:3000\n    at createConnectionError (node:net:1675
:14)\n    at afterConnectMultiple (node:net:1705:16)', message: 'connect
 ECONNREFUSED 127.0.0.1:3000', errno: -4078, code: 'ECONNREFUSED', sysca
ll: 'connect', address: '127.0.0.1', port: 3000, constructor: 'Function<
Error>', name: 'Error', toString: 'Function<toString>' } ], code: 'ECONN
REFUSED' }[39m
[31m[2mÔÄ»ÔÄ»ÔÄ»ÔÄ»ÔÄ»ÔÄ»ÔÄ»ÔÄ»ÔÄ»ÔÄ»ÔÄ»ÔÄ»ÔÄ»ÔÄ»ÔÄ»ÔÄ»ÔÄ»ÔÄ»ÔÄ»ÔÄ»ÔÄ»
ÔÄ»ÔÄ»[7/79]ÔÄ»[22m[39m

[31m[1m[7m FAIL [27m[22m[39m tests/test-api-availability.spec.ts[
2m > [22mAPI: /api/availability[2m > [22mPUT /api/availability[2m > 
[22mshould replace existing availability when updating
[31m[1mTypeError[22m: fetch failed[39m
[36m [2mÔØ»[22m tests/test-api-availability.spec.ts:[2m183:7[22m[3
9m
    [90m181| [39m    [34mit[39m([32m'should replace existing availa
bility when updating'[39m[33m,[39m [35masync[39m () ÔÇª
    [90m182| [39m      [90m// Create initial availability[39m
    [90m183| [39m      [35mawait[39m [34mfetch[39m([32m`[39m[36
m${[39m[33mAPI_BASE[39m[36m}[39m[32m/api/availability`[39m[33m,
[39m {
    [90m   | [39m      [31m^[39m
    [90m184| [39m        method[33m:[39m [32m'PUT'[39m[33m,[39m
    [90m185| [39m        headers[33m:[39m {

{
  stack: 'AggregateError: \n' +
    '    at internalConnectMultiple (node:net:1139:18)\n' +
    '    at afterConnectMultiple (node:net:1712:7)',
  errors: [
    {
      stack: 'Error: connect ECONNREFUSED ::1:3000\n' +
        '    at createConnectionError (node:net:1675:14)\n' +
        '    at afterConnectMultiple (node:net:1705:16)',
      message: 'connect ECONNREFUSED ::1:3000',
      errno: -4078,
      code: 'ECONNREFUSED',
      syscall: 'connect',
      address: '::1',
      port: 3000,
      constructor: 'Function<Error>',
      name: 'Error',
      toString: 'Function<toString>'
    },
    {
      stack: 'Error: connect ECONNREFUSED 127.0.0.1:3000\n' +
        '    at createConnectionError (node:net:1675:14)\n' +
        '    at afterConnectMultiple (node:net:1705:16)',
      message: 'connect ECONNREFUSED 127.0.0.1:3000',
      errno: -4078,
      code: 'ECONNREFUSED',
      syscall: 'connect',
      address: '127.0.0.1',
      port: 3000,
      constructor: 'Function<Error>',
      name: 'Error',
      toString: 'Function<toString>'
    }
  ],
  code: 'ECONNREFUSED',
  stackStr: 'AggregateError: \n' +
    '    at internalConnectMultiple (node:net:1139:18)\n' +
    '    at afterConnectMultiple (node:net:1712:7)',
  nameStr: 'AggregateError',
  expected: 'undefined',
  actual: 'undefined',
  message: '',
  constructor: 'Function<AggregateError>',
  name: 'Caused by: AggregateError',
  toString: 'Function<toString>',
  stacks: []
}
[31m[2mÔÄ»ÔÄ»ÔÄ»ÔÄ»ÔÄ»ÔÄ»ÔÄ»ÔÄ»ÔÄ»ÔÄ»ÔÄ»ÔÄ»ÔÄ»ÔÄ»ÔÄ»ÔÄ»ÔÄ»ÔÄ»ÔÄ»ÔÄ»ÔÄ»
ÔÄ»ÔÄ»ÔÄ»ÔÄ»ÔÄ»ÔÄ»ÔÄ»ÔÄ»ÔÄ»[22m[39m
[31m[1mSerialized Error:[22m[39m [90m{ errors: [ { stack: 'Error: c
onnect ECONNREFUSED ::1:3000\n    at createConnectionError (node:net:167
5:14)\n    at afterConnectMultiple (node:net:1705:16)', message: 'connec
t ECONNREFUSED ::1:3000', errno: -4078, code: 'ECONNREFUSED', syscall: '
connect', address: '::1', port: 3000, constructor: 'Function<Error>', na
me: 'Error', toString: 'Function<toString>' }, { stack: 'Error: connect 
ECONNREFUSED 127.0.0.1:3000\n    at createConnectionError (node:net:1675
:14)\n    at afterConnectMultiple (node:net:1705:16)', message: 'connect
 ECONNREFUSED 127.0.0.1:3000', errno: -4078, code: 'ECONNREFUSED', sysca
ll: 'connect', address: '127.0.0.1', port: 3000, constructor: 'Function<
Error>', name: 'Error', toString: 'Function<toString>' } ], code: 'ECONN
REFUSED' }[39m
[31m[2mÔÄ»ÔÄ»ÔÄ»ÔÄ»ÔÄ»ÔÄ»ÔÄ»ÔÄ»ÔÄ»ÔÄ»ÔÄ»ÔÄ»ÔÄ»ÔÄ»ÔÄ»ÔÄ»ÔÄ»ÔÄ»ÔÄ»ÔÄ»ÔÄ»
ÔÄ»ÔÄ»[8/79]ÔÄ»[22m[39m

[31m[1m[7m FAIL [27m[22m[39m tests/test-api-availability.spec.ts[
2m > [22mAPI: /api/availability[2m > [22mPUT /api/availability[2m > 
[22mshould handle partial week availability
[31m[1mTypeError[22m: fetch failed[39m
[36m [2mÔØ»[22m tests/test-api-availability.spec.ts:[2m249:24[22m[
39m
    [90m247| [39m      }
    [90m248| [39m
    [90m249| [39m      [35mconst[39m response [33m=[39m [35mawait
[39m [34mfetch[39m([32m`[39m[36m${[39m[33mAPI_BASE[39m[36m}[3
9m[32m/api/availability`[39m[33m,[39m {
    [90m   | [39m                       [31m^[39m
    [90m250| [39m        method[33m:[39m [32m'PUT'[39m[33m,[39m
    [90m251| [39m        headers[33m:[39m {

{
  stack: 'AggregateError: \n' +
    '    at internalConnectMultiple (node:net:1139:18)\n' +
    '    at afterConnectMultiple (node:net:1712:7)',
  errors: [
    {
      stack: 'Error: connect ECONNREFUSED ::1:3000\n' +
        '    at createConnectionError (node:net:1675:14)\n' +
        '    at afterConnectMultiple (node:net:1705:16)',
      message: 'connect ECONNREFUSED ::1:3000',
      errno: -4078,
      code: 'ECONNREFUSED',
      syscall: 'connect',
      address: '::1',
      port: 3000,
      constructor: 'Function<Error>',
      name: 'Error',
      toString: 'Function<toString>'
    },
    {
      stack: 'Error: connect ECONNREFUSED 127.0.0.1:3000\n' +
        '    at createConnectionError (node:net:1675:14)\n' +
        '    at afterConnectMultiple (node:net:1705:16)',
      message: 'connect ECONNREFUSED 127.0.0.1:3000',
      errno: -4078,
      code: 'ECONNREFUSED',
      syscall: 'connect',
      address: '127.0.0.1',
      port: 3000,
      constructor: 'Function<Error>',
      name: 'Error',
      toString: 'Function<toString>'
    }
  ],
  code: 'ECONNREFUSED',
  stackStr: 'AggregateError: \n' +
    '    at internalConnectMultiple (node:net:1139:18)\n' +
    '    at afterConnectMultiple (node:net:1712:7)',
  nameStr: 'AggregateError',
  expected: 'undefined',
  actual: 'undefined',
  message: '',
  constructor: 'Function<AggregateError>',
  name: 'Caused by: AggregateError',
  toString: 'Function<toString>',
  stacks: []
}
[31m[2mÔÄ»ÔÄ»ÔÄ»ÔÄ»ÔÄ»ÔÄ»ÔÄ»ÔÄ»ÔÄ»ÔÄ»ÔÄ»ÔÄ»ÔÄ»ÔÄ»ÔÄ»ÔÄ»ÔÄ»ÔÄ»ÔÄ»ÔÄ»ÔÄ»
ÔÄ»ÔÄ»ÔÄ»ÔÄ»ÔÄ»ÔÄ»ÔÄ»ÔÄ»ÔÄ»[22m[39m
[31m[1mSerialized Error:[22m[39m [90m{ errors: [ { stack: 'Error: c
onnect ECONNREFUSED ::1:3000\n    at createConnectionError (node:net:167
5:14)\n    at afterConnectMultiple (node:net:1705:16)', message: 'connec
t ECONNREFUSED ::1:3000', errno: -4078, code: 'ECONNREFUSED', syscall: '
connect', address: '::1', port: 3000, constructor: 'Function<Error>', na
me: 'Error', toString: 'Function<toString>' }, { stack: 'Error: connect 
ECONNREFUSED 127.0.0.1:3000\n    at createConnectionError (node:net:1675
:14)\n    at afterConnectMultiple (node:net:1705:16)', message: 'connect
 ECONNREFUSED 127.0.0.1:3000', errno: -4078, code: 'ECONNREFUSED', sysca
ll: 'connect', address: '127.0.0.1', port: 3000, constructor: 'Function<
Error>', name: 'Error', toString: 'Function<toString>' } ], code: 'ECONN
REFUSED' }[39m
[31m[2mÔÄ»ÔÄ»ÔÄ»ÔÄ»ÔÄ»ÔÄ»ÔÄ»ÔÄ»ÔÄ»ÔÄ»ÔÄ»ÔÄ»ÔÄ»ÔÄ»ÔÄ»ÔÄ»ÔÄ»ÔÄ»ÔÄ»ÔÄ»ÔÄ»
ÔÄ»ÔÄ»[9/79]ÔÄ»[22m[39m

[31m[1m[7m FAIL [27m[22m[39m tests/test-api-availability.spec.ts[
2m > [22mAPI: /api/availability[2m > [22mPUT /api/availability[2m > 
[22mshould require membershipId
[31m[1mTypeError[22m: fetch failed[39m
[36m [2mÔØ»[22m tests/test-api-availability.spec.ts:[2m266:24[22m[
39m
    [90m264| [39m
    [90m265| [39m    [34mit[39m([32m'should require membershipId'[
39m[33m,[39m [35masync[39m () [33m=>[39m {
    [90m266| [39m      [35mconst[39m response [33m=[39m [35mawait
[39m [34mfetch[39m([32m`[39m[36m${[39m[33mAPI_BASE[39m[36m}[3
9m[32m/api/availability`[39m[33m,[39m {
    [90m   | [39m                       [31m^[39m
    [90m267| [39m        method[33m:[39m [32m'PUT'[39m[33m,[39m
    [90m268| [39m        headers[33m:[39m {

{
  stack: 'AggregateError: \n' +
    '    at internalConnectMultiple (node:net:1139:18)\n' +
    '    at afterConnectMultiple (node:net:1712:7)',
  errors: [
    {
      stack: 'Error: connect ECONNREFUSED ::1:3000\n' +
        '    at createConnectionError (node:net:1675:14)\n' +
        '    at afterConnectMultiple (node:net:1705:16)',
      message: 'connect ECONNREFUSED ::1:3000',
      errno: -4078,
      code: 'ECONNREFUSED',
      syscall: 'connect',
      address: '::1',
      port: 3000,
      constructor: 'Function<Error>',
      name: 'Error',
      toString: 'Function<toString>'
    },
    {
      stack: 'Error: connect ECONNREFUSED 127.0.0.1:3000\n' +
        '    at createConnectionError (node:net:1675:14)\n' +
        '    at afterConnectMultiple (node:net:1705:16)',
      message: 'connect ECONNREFUSED 127.0.0.1:3000',
      errno: -4078,
      code: 'ECONNREFUSED',
      syscall: 'connect',
      address: '127.0.0.1',
      port: 3000,
      constructor: 'Function<Error>',
      name: 'Error',
      toString: 'Function<toString>'
    }
  ],
  code: 'ECONNREFUSED',
  stackStr: 'AggregateError: \n' +
    '    at internalConnectMultiple (node:net:1139:18)\n' +
    '    at afterConnectMultiple (node:net:1712:7)',
  nameStr: 'AggregateError',
  expected: 'undefined',
  actual: 'undefined',
  message: '',
  constructor: 'Function<AggregateError>',
  name: 'Caused by: AggregateError',
  toString: 'Function<toString>',
  stacks: []
}
[31m[2mÔÄ»ÔÄ»ÔÄ»ÔÄ»ÔÄ»ÔÄ»ÔÄ»ÔÄ»ÔÄ»ÔÄ»ÔÄ»ÔÄ»ÔÄ»ÔÄ»ÔÄ»ÔÄ»ÔÄ»ÔÄ»ÔÄ»ÔÄ»ÔÄ»
ÔÄ»ÔÄ»ÔÄ»ÔÄ»ÔÄ»ÔÄ»ÔÄ»ÔÄ»ÔÄ»[22m[39m
[31m[1mSerialized Error:[22m[39m [90m{ errors: [ { stack: 'Error: c
onnect ECONNREFUSED ::1:3000\n    at createConnectionError (node:net:167
5:14)\n    at afterConnectMultiple (node:net:1705:16)', message: 'connec
t ECONNREFUSED ::1:3000', errno: -4078, code: 'ECONNREFUSED', syscall: '
connect', address: '::1', port: 3000, constructor: 'Function<Error>', na
me: 'Error', toString: 'Function<toString>' }, { stack: 'Error: connect 
ECONNREFUSED 127.0.0.1:3000\n    at createConnectionError (node:net:1675
:14)\n    at afterConnectMultiple (node:net:1705:16)', message: 'connect
 ECONNREFUSED 127.0.0.1:3000', errno: -4078, code: 'ECONNREFUSED', sysca
ll: 'connect', address: '127.0.0.1', port: 3000, constructor: 'Function<
Error>', name: 'Error', toString: 'Function<toString>' } ], code: 'ECONN
REFUSED' }[39m
[31m[2mÔÄ»ÔÄ»ÔÄ»ÔÄ»ÔÄ»ÔÄ»ÔÄ»ÔÄ»ÔÄ»ÔÄ»ÔÄ»ÔÄ»ÔÄ»ÔÄ»ÔÄ»ÔÄ»ÔÄ»ÔÄ»ÔÄ»ÔÄ»ÔÄ»
ÔÄ»[10/79]ÔÄ»[22m[39m

[31m[1m[7m FAIL [27m[22m[39m tests/test-api-availability.spec.ts[
2m > [22mAPI: /api/availability[2m > [22mPUT /api/availability[2m > 
[22mshould require availability data
[31m[1mTypeError[22m: fetch failed[39m
[36m [2mÔØ»[22m tests/test-api-availability.spec.ts:[2m284:24[22m[
39m
    [90m282| [39m
    [90m283| [39m    [34mit[39m([32m'should require availability da
ta'[39m[33m,[39m [35masync[39m () [33m=>[39m {
    [90m284| [39m      [35mconst[39m response [33m=[39m [35mawait
[39m [34mfetch[39m([32m`[39m[36m${[39m[33mAPI_BASE[39m[36m}[3
9m[32m/api/availability`[39m[33m,[39m {
    [90m   | [39m                       [31m^[39m
    [90m285| [39m        method[33m:[39m [32m'PUT'[39m[33m,[39m
    [90m286| [39m        headers[33m:[39m {

{
  stack: 'AggregateError: \n' +
    '    at internalConnectMultiple (node:net:1139:18)\n' +
    '    at afterConnectMultiple (node:net:1712:7)',
  errors: [
    {
      stack: 'Error: connect ECONNREFUSED ::1:3000\n' +
        '    at createConnectionError (node:net:1675:14)\n' +
        '    at afterConnectMultiple (node:net:1705:16)',
      message: 'connect ECONNREFUSED ::1:3000',
      errno: -4078,
      code: 'ECONNREFUSED',
      syscall: 'connect',
      address: '::1',
      port: 3000,
      constructor: 'Function<Error>',
      name: 'Error',
      toString: 'Function<toString>'
    },
    {
      stack: 'Error: connect ECONNREFUSED 127.0.0.1:3000\n' +
        '    at createConnectionError (node:net:1675:14)\n' +
        '    at afterConnectMultiple (node:net:1705:16)',
      message: 'connect ECONNREFUSED 127.0.0.1:3000',
      errno: -4078,
      code: 'ECONNREFUSED',
      syscall: 'connect',
      address: '127.0.0.1',
      port: 3000,
      constructor: 'Function<Error>',
      name: 'Error',
      toString: 'Function<toString>'
    }
  ],
  code: 'ECONNREFUSED',
  stackStr: 'AggregateError: \n' +
    '    at internalConnectMultiple (node:net:1139:18)\n' +
    '    at afterConnectMultiple (node:net:1712:7)',
  nameStr: 'AggregateError',
  expected: 'undefined',
  actual: 'undefined',
  message: '',
  constructor: 'Function<AggregateError>',
  name: 'Caused by: AggregateError',
  toString: 'Function<toString>',
  stacks: []
}
[31m[2mÔÄ»ÔÄ»ÔÄ»ÔÄ»ÔÄ»ÔÄ»ÔÄ»ÔÄ»ÔÄ»ÔÄ»ÔÄ»ÔÄ»ÔÄ»ÔÄ»ÔÄ»ÔÄ»ÔÄ»ÔÄ»ÔÄ»ÔÄ»ÔÄ»
ÔÄ»ÔÄ»ÔÄ»ÔÄ»ÔÄ»ÔÄ»ÔÄ»ÔÄ»ÔÄ»[22m[39m
[31m[1mSerialized Error:[22m[39m [90m{ errors: [ { stack: 'Error: c
onnect ECONNREFUSED ::1:3000\n    at createConnectionError (node:net:167
5:14)\n    at afterConnectMultiple (node:net:1705:16)', message: 'connec
t ECONNREFUSED ::1:3000', errno: -4078, code: 'ECONNREFUSED', syscall: '
connect', address: '::1', port: 3000, constructor: 'Function<Error>', na
me: 'Error', toString: 'Function<toString>' }, { stack: 'Error: connect 
ECONNREFUSED 127.0.0.1:3000\n    at createConnectionError (node:net:1675
:14)\n    at afterConnectMultiple (node:net:1705:16)', message: 'connect
 ECONNREFUSED 127.0.0.1:3000', errno: -4078, code: 'ECONNREFUSED', sysca
ll: 'connect', address: '127.0.0.1', port: 3000, constructor: 'Function<
Error>', name: 'Error', toString: 'Function<toString>' } ], code: 'ECONN
REFUSED' }[39m
[31m[2mÔÄ»ÔÄ»ÔÄ»ÔÄ»ÔÄ»ÔÄ»ÔÄ»ÔÄ»ÔÄ»ÔÄ»ÔÄ»ÔÄ»ÔÄ»ÔÄ»ÔÄ»ÔÄ»ÔÄ»ÔÄ»ÔÄ»ÔÄ»ÔÄ»
ÔÄ»[11/79]ÔÄ»[22m[39m

[31m[1m[7m FAIL [27m[22m[39m tests/test-api-availability.spec.ts[
2m > [22mAPI: /api/availability[2m > [22mPUT /api/availability[2m > 
[22mshould validate membershipId existence
[31m[1mTypeError[22m: fetch failed[39m
[36m [2mÔØ»[22m tests/test-api-availability.spec.ts:[2m300:24[22m[
39m
    [90m298| [39m
    [90m299| [39m    [34mit[39m([32m'should validate membershipId e
xistence'[39m[33m,[39m [35masync[39m () [33m=>[39m {
    [90m300| [39m      [35mconst[39m response [33m=[39m [35mawait
[39m [34mfetch[39m([32m`[39m[36m${[39m[33mAPI_BASE[39m[36m}[3
9m[32m/api/availability`[39m[33m,[39m {
    [90m   | [39m                       [31m^[39m
    [90m301| [39m        method[33m:[39m [32m'PUT'[39m[33m,[39m
    [90m302| [39m        headers[33m:[39m {

{
  stack: 'AggregateError: \n' +
    '    at internalConnectMultiple (node:net:1139:18)\n' +
    '    at afterConnectMultiple (node:net:1712:7)',
  errors: [
    {
      stack: 'Error: connect ECONNREFUSED ::1:3000\n' +
        '    at createConnectionError (node:net:1675:14)\n' +
        '    at afterConnectMultiple (node:net:1705:16)',
      message: 'connect ECONNREFUSED ::1:3000',
      errno: -4078,
      code: 'ECONNREFUSED',
      syscall: 'connect',
      address: '::1',
      port: 3000,
      constructor: 'Function<Error>',
      name: 'Error',
      toString: 'Function<toString>'
    },
    {
      stack: 'Error: connect ECONNREFUSED 127.0.0.1:3000\n' +
        '    at createConnectionError (node:net:1675:14)\n' +
        '    at afterConnectMultiple (node:net:1705:16)',
      message: 'connect ECONNREFUSED 127.0.0.1:3000',
      errno: -4078,
      code: 'ECONNREFUSED',
      syscall: 'connect',
      address: '127.0.0.1',
      port: 3000,
      constructor: 'Function<Error>',
      name: 'Error',
      toString: 'Function<toString>'
    }
  ],
  code: 'ECONNREFUSED',
  stackStr: 'AggregateError: \n' +
    '    at internalConnectMultiple (node:net:1139:18)\n' +
    '    at afterConnectMultiple (node:net:1712:7)',
  nameStr: 'AggregateError',
  expected: 'undefined',
  actual: 'undefined',
  message: '',
  constructor: 'Function<AggregateError>',
  name: 'Caused by: AggregateError',
  toString: 'Function<toString>',
  stacks: []
}
[31m[2mÔÄ»ÔÄ»ÔÄ»ÔÄ»ÔÄ»ÔÄ»ÔÄ»ÔÄ»ÔÄ»ÔÄ»ÔÄ»ÔÄ»ÔÄ»ÔÄ»ÔÄ»ÔÄ»ÔÄ»ÔÄ»ÔÄ»ÔÄ»ÔÄ»
ÔÄ»ÔÄ»ÔÄ»ÔÄ»ÔÄ»ÔÄ»ÔÄ»ÔÄ»ÔÄ»[22m[39m
[31m[1mSerialized Error:[22m[39m [90m{ errors: [ { stack: 'Error: c
onnect ECONNREFUSED ::1:3000\n    at createConnectionError (node:net:167
5:14)\n    at afterConnectMultiple (node:net:1705:16)', message: 'connec
t ECONNREFUSED ::1:3000', errno: -4078, code: 'ECONNREFUSED', syscall: '
connect', address: '::1', port: 3000, constructor: 'Function<Error>', na
me: 'Error', toString: 'Function<toString>' }, { stack: 'Error: connect 
ECONNREFUSED 127.0.0.1:3000\n    at createConnectionError (node:net:1675
:14)\n    at afterConnectMultiple (node:net:1705:16)', message: 'connect
 ECONNREFUSED 127.0.0.1:3000', errno: -4078, code: 'ECONNREFUSED', sysca
ll: 'connect', address: '127.0.0.1', port: 3000, constructor: 'Function<
Error>', name: 'Error', toString: 'Function<toString>' } ], code: 'ECONN
REFUSED' }[39m
[31m[2mÔÄ»ÔÄ»ÔÄ»ÔÄ»ÔÄ»ÔÄ»ÔÄ»ÔÄ»ÔÄ»ÔÄ»ÔÄ»ÔÄ»ÔÄ»ÔÄ»ÔÄ»ÔÄ»ÔÄ»ÔÄ»ÔÄ»ÔÄ»ÔÄ»
ÔÄ»[12/79]ÔÄ»[22m[39m

[31m[1m[7m FAIL [27m[22m[39m tests/test-api-availability.spec.ts[
2m > [22mAPI: /api/availability[2m > [22mPUT /api/availability[2m > 
[22mshould handle full week availability
[31m[1mTypeError[22m: fetch failed[39m
[36m [2mÔØ»[22m tests/test-api-availability.spec.ts:[2m329:24[22m[
39m
    [90m327| [39m      }
    [90m328| [39m
    [90m329| [39m      [35mconst[39m response [33m=[39m [35mawait
[39m [34mfetch[39m([32m`[39m[36m${[39m[33mAPI_BASE[39m[36m}[3
9m[32m/api/availability`[39m[33m,[39m {
    [90m   | [39m                       [31m^[39m
    [90m330| [39m        method[33m:[39m [32m'PUT'[39m[33m,[39m
    [90m331| [39m        headers[33m:[39m {

{
  stack: 'AggregateError: \n' +
    '    at internalConnectMultiple (node:net:1139:18)\n' +
    '    at afterConnectMultiple (node:net:1712:7)',
  errors: [
    {
      stack: 'Error: connect ECONNREFUSED ::1:3000\n' +
        '    at createConnectionError (node:net:1675:14)\n' +
        '    at afterConnectMultiple (node:net:1705:16)',
      message: 'connect ECONNREFUSED ::1:3000',
      errno: -4078,
      code: 'ECONNREFUSED',
      syscall: 'connect',
      address: '::1',
      port: 3000,
      constructor: 'Function<Error>',
      name: 'Error',
      toString: 'Function<toString>'
    },
    {
      stack: 'Error: connect ECONNREFUSED 127.0.0.1:3000\n' +
        '    at createConnectionError (node:net:1675:14)\n' +
        '    at afterConnectMultiple (node:net:1705:16)',
      message: 'connect ECONNREFUSED 127.0.0.1:3000',
      errno: -4078,
      code: 'ECONNREFUSED',
      syscall: 'connect',
      address: '127.0.0.1',
      port: 3000,
      constructor: 'Function<Error>',
      name: 'Error',
      toString: 'Function<toString>'
    }
  ],
  code: 'ECONNREFUSED',
  stackStr: 'AggregateError: \n' +
    '    at internalConnectMultiple (node:net:1139:18)\n' +
    '    at afterConnectMultiple (node:net:1712:7)',
  nameStr: 'AggregateError',
  expected: 'undefined',
  actual: 'undefined',
  message: '',
  constructor: 'Function<AggregateError>',
  name: 'Caused by: AggregateError',
  toString: 'Function<toString>',
  stacks: []
}
[31m[2mÔÄ»ÔÄ»ÔÄ»ÔÄ»ÔÄ»ÔÄ»ÔÄ»ÔÄ»ÔÄ»ÔÄ»ÔÄ»ÔÄ»ÔÄ»ÔÄ»ÔÄ»ÔÄ»ÔÄ»ÔÄ»ÔÄ»ÔÄ»ÔÄ»
ÔÄ»ÔÄ»ÔÄ»ÔÄ»ÔÄ»ÔÄ»ÔÄ»ÔÄ»ÔÄ»[22m[39m
[31m[1mSerialized Error:[22m[39m [90m{ errors: [ { stack: 'Error: c
onnect ECONNREFUSED ::1:3000\n    at createConnectionError (node:net:167
5:14)\n    at afterConnectMultiple (node:net:1705:16)', message: 'connec
t ECONNREFUSED ::1:3000', errno: -4078, code: 'ECONNREFUSED', syscall: '
connect', address: '::1', port: 3000, constructor: 'Function<Error>', na
me: 'Error', toString: 'Function<toString>' }, { stack: 'Error: connect 
ECONNREFUSED 127.0.0.1:3000\n    at createConnectionError (node:net:1675
:14)\n    at afterConnectMultiple (node:net:1705:16)', message: 'connect
 ECONNREFUSED 127.0.0.1:3000', errno: -4078, code: 'ECONNREFUSED', sysca
ll: 'connect', address: '127.0.0.1', port: 3000, constructor: 'Function<
Error>', name: 'Error', toString: 'Function<toString>' } ], code: 'ECONN
REFUSED' }[39m
[31m[2mÔÄ»ÔÄ»ÔÄ»ÔÄ»ÔÄ»ÔÄ»ÔÄ»ÔÄ»ÔÄ»ÔÄ»ÔÄ»ÔÄ»ÔÄ»ÔÄ»ÔÄ»ÔÄ»ÔÄ»ÔÄ»ÔÄ»ÔÄ»ÔÄ»
ÔÄ»[13/79]ÔÄ»[22m[39m

[31m[1m[7m FAIL [27m[22m[39m tests/test-api-schedules.spec.ts[2m 
> [22mAPI: /api/schedules[2m > [22mGET /api/schedules[2m > [22mshou
ld return empty list for restaurant with no schedules
[31m[1mTypeError[22m: fetch failed[39m
[36m [2mÔØ»[22m tests/test-api-schedules.spec.ts:[2m53:24[22m[39m
    [90m 51| [39m  [34mdescribe[39m([32m'GET /api/schedules'[39m[
33m,[39m () [33m=>[39m {
    [90m 52| [39m    [34mit[39m([32m'should return empty list for r
estaurant with no schedules'[39m[33m,[39m [35mas[39mÔÇª
    [90m 53| [39m      [35mconst[39m response [33m=[39m [35mawait
[39m [34mfetch[39m(
    [90m   | [39m                       [31m^[39m
    [90m 54| [39m        [32m`[39m[36m${[39m[33mAPI_BASE[39m[36
m}[39m[32m/api/schedules?restaurantId=[39m[36m${[39mtestRestaurantI
d[36m}[39m[32m`[39m
    [90m 55| [39m      )

{
  stack: 'AggregateError: \n' +
    '    at internalConnectMultiple (node:net:1139:18)\n' +
    '    at afterConnectMultiple (node:net:1712:7)',
  errors: [
    {
      stack: 'Error: connect ECONNREFUSED ::1:3000\n' +
        '    at createConnectionError (node:net:1675:14)\n' +
        '    at afterConnectMultiple (node:net:1705:16)',
      message: 'connect ECONNREFUSED ::1:3000',
      errno: -4078,
      code: 'ECONNREFUSED',
      syscall: 'connect',
      address: '::1',
      port: 3000,
      constructor: 'Function<Error>',
      name: 'Error',
      toString: 'Function<toString>'
    },
    {
      stack: 'Error: connect ECONNREFUSED 127.0.0.1:3000\n' +
        '    at createConnectionError (node:net:1675:14)\n' +
        '    at afterConnectMultiple (node:net:1705:16)',
      message: 'connect ECONNREFUSED 127.0.0.1:3000',
      errno: -4078,
      code: 'ECONNREFUSED',
      syscall: 'connect',
      address: '127.0.0.1',
      port: 3000,
      constructor: 'Function<Error>',
      name: 'Error',
      toString: 'Function<toString>'
    }
  ],
  code: 'ECONNREFUSED',
  stackStr: 'AggregateError: \n' +
    '    at internalConnectMultiple (node:net:1139:18)\n' +
    '    at afterConnectMultiple (node:net:1712:7)',
  nameStr: 'AggregateError',
  expected: 'undefined',
  actual: 'undefined',
  message: '',
  constructor: 'Function<AggregateError>',
  name: 'Caused by: AggregateError',
  toString: 'Function<toString>',
  stacks: []
}
[31m[2mÔÄ»ÔÄ»ÔÄ»ÔÄ»ÔÄ»ÔÄ»ÔÄ»ÔÄ»ÔÄ»ÔÄ»ÔÄ»ÔÄ»ÔÄ»ÔÄ»ÔÄ»ÔÄ»ÔÄ»ÔÄ»ÔÄ»ÔÄ»ÔÄ»
ÔÄ»ÔÄ»ÔÄ»ÔÄ»ÔÄ»ÔÄ»ÔÄ»ÔÄ»ÔÄ»[22m[39m
[31m[1mSerialized Error:[22m[39m [90m{ errors: [ { stack: 'Error: c
onnect ECONNREFUSED ::1:3000\n    at createConnectionError (node:net:167
5:14)\n    at afterConnectMultiple (node:net:1705:16)', message: 'connec
t ECONNREFUSED ::1:3000', errno: -4078, code: 'ECONNREFUSED', syscall: '
connect', address: '::1', port: 3000, constructor: 'Function<Error>', na
me: 'Error', toString: 'Function<toString>' }, { stack: 'Error: connect 
ECONNREFUSED 127.0.0.1:3000\n    at createConnectionError (node:net:1675
:14)\n    at afterConnectMultiple (node:net:1705:16)', message: 'connect
 ECONNREFUSED 127.0.0.1:3000', errno: -4078, code: 'ECONNREFUSED', sysca
ll: 'connect', address: '127.0.0.1', port: 3000, constructor: 'Function<
Error>', name: 'Error', toString: 'Function<toString>' } ], code: 'ECONN
REFUSED' }[39m
[31m[2mÔÄ»ÔÄ»ÔÄ»ÔÄ»ÔÄ»ÔÄ»ÔÄ»ÔÄ»ÔÄ»ÔÄ»ÔÄ»ÔÄ»ÔÄ»ÔÄ»ÔÄ»ÔÄ»ÔÄ»ÔÄ»ÔÄ»ÔÄ»ÔÄ»
ÔÄ»[14/79]ÔÄ»[22m[39m

[31m[1m[7m FAIL [27m[22m[39m tests/test-api-schedules.spec.ts[2m 
> [22mAPI: /api/schedules[2m > [22mGET /api/schedules[2m > [22mshou
ld return schedules list with statistics
[31m[1mTypeError[22m: fetch failed[39m
[36m [2mÔØ»[22m tests/test-api-schedules.spec.ts:[2m75:24[22m[39m
    [90m 73| [39m      })
    [90m 74| [39m
    [90m 75| [39m      [35mconst[39m response [33m=[39m [35mawait
[39m [34mfetch[39m(
    [90m   | [39m                       [31m^[39m
    [90m 76| [39m        [32m`[39m[36m${[39m[33mAPI_BASE[39m[36
m}[39m[32m/api/schedules?restaurantId=[39m[36m${[39mtestRestaurantI
d[36m}[39m[32m`[39m
    [90m 77| [39m      )

{
  stack: 'AggregateError: \n' +
    '    at internalConnectMultiple (node:net:1139:18)\n' +
    '    at afterConnectMultiple (node:net:1712:7)',
  errors: [
    {
      stack: 'Error: connect ECONNREFUSED ::1:3000\n' +
        '    at createConnectionError (node:net:1675:14)\n' +
        '    at afterConnectMultiple (node:net:1705:16)',
      message: 'connect ECONNREFUSED ::1:3000',
      errno: -4078,
      code: 'ECONNREFUSED',
      syscall: 'connect',
      address: '::1',
      port: 3000,
      constructor: 'Function<Error>',
      name: 'Error',
      toString: 'Function<toString>'
    },
    {
      stack: 'Error: connect ECONNREFUSED 127.0.0.1:3000\n' +
        '    at createConnectionError (node:net:1675:14)\n' +
        '    at afterConnectMultiple (node:net:1705:16)',
      message: 'connect ECONNREFUSED 127.0.0.1:3000',
      errno: -4078,
      code: 'ECONNREFUSED',
      syscall: 'connect',
      address: '127.0.0.1',
      port: 3000,
      constructor: 'Function<Error>',
      name: 'Error',
      toString: 'Function<toString>'
    }
  ],
  code: 'ECONNREFUSED',
  stackStr: 'AggregateError: \n' +
    '    at internalConnectMultiple (node:net:1139:18)\n' +
    '    at afterConnectMultiple (node:net:1712:7)',
  nameStr: 'AggregateError',
  expected: 'undefined',
  actual: 'undefined',
  message: '',
  constructor: 'Function<AggregateError>',
  name: 'Caused by: AggregateError',
  toString: 'Function<toString>',
  stacks: []
}
[31m[2mÔÄ»ÔÄ»ÔÄ»ÔÄ»ÔÄ»ÔÄ»ÔÄ»ÔÄ»ÔÄ»ÔÄ»ÔÄ»ÔÄ»ÔÄ»ÔÄ»ÔÄ»ÔÄ»ÔÄ»ÔÄ»ÔÄ»ÔÄ»ÔÄ»
ÔÄ»ÔÄ»ÔÄ»ÔÄ»ÔÄ»ÔÄ»ÔÄ»ÔÄ»ÔÄ»[22m[39m
[31m[1mSerialized Error:[22m[39m [90m{ errors: [ { stack: 'Error: c
onnect ECONNREFUSED ::1:3000\n    at createConnectionError (node:net:167
5:14)\n    at afterConnectMultiple (node:net:1705:16)', message: 'connec
t ECONNREFUSED ::1:3000', errno: -4078, code: 'ECONNREFUSED', syscall: '
connect', address: '::1', port: 3000, constructor: 'Function<Error>', na
me: 'Error', toString: 'Function<toString>' }, { stack: 'Error: connect 
ECONNREFUSED 127.0.0.1:3000\n    at createConnectionError (node:net:1675
:14)\n    at afterConnectMultiple (node:net:1705:16)', message: 'connect
 ECONNREFUSED 127.0.0.1:3000', errno: -4078, code: 'ECONNREFUSED', sysca
ll: 'connect', address: '127.0.0.1', port: 3000, constructor: 'Function<
Error>', name: 'Error', toString: 'Function<toString>' } ], code: 'ECONN
REFUSED' }[39m
[31m[2mÔÄ»ÔÄ»ÔÄ»ÔÄ»ÔÄ»ÔÄ»ÔÄ»ÔÄ»ÔÄ»ÔÄ»ÔÄ»ÔÄ»ÔÄ»ÔÄ»ÔÄ»ÔÄ»ÔÄ»ÔÄ»ÔÄ»ÔÄ»ÔÄ»
ÔÄ»[15/79]ÔÄ»[22m[39m

[31m[1m[7m FAIL [27m[22m[39m tests/test-api-schedules.spec.ts[2m 
> [22mAPI: /api/schedules[2m > [22mGET /api/schedules[2m > [22mshou
ld require restaurantId
[31m[1mTypeError[22m: fetch failed[39m
[36m [2mÔØ»[22m tests/test-api-schedules.spec.ts:[2m94:24[22m[39m
    [90m 92| [39m
    [90m 93| [39m    [34mit[39m([32m'should require restaurantId'[
39m[33m,[39m [35masync[39m () [33m=>[39m {
    [90m 94| [39m      [35mconst[39m response [33m=[39m [35mawait
[39m [34mfetch[39m([32m`[39m[36m${[39m[33mAPI_BASE[39m[36m}[3
9m[32m/api/schedules`[39m)
    [90m   | [39m                       [31m^[39m
    [90m 95| [39m
    [90m 96| [39m      [34mexpect[39m(response[33m.[39mstatus)[33
m.[39m[34mtoBe[39m([34m400[39m)

{
  stack: 'AggregateError: \n' +
    '    at internalConnectMultiple (node:net:1139:18)\n' +
    '    at afterConnectMultiple (node:net:1712:7)',
  errors: [
    {
      stack: 'Error: connect ECONNREFUSED ::1:3000\n' +
        '    at createConnectionError (node:net:1675:14)\n' +
        '    at afterConnectMultiple (node:net:1705:16)',
      message: 'connect ECONNREFUSED ::1:3000',
      errno: -4078,
      code: 'ECONNREFUSED',
      syscall: 'connect',
      address: '::1',
      port: 3000,
      constructor: 'Function<Error>',
      name: 'Error',
      toString: 'Function<toString>'
    },
    {
      stack: 'Error: connect ECONNREFUSED 127.0.0.1:3000\n' +
        '    at createConnectionError (node:net:1675:14)\n' +
        '    at afterConnectMultiple (node:net:1705:16)',
      message: 'connect ECONNREFUSED 127.0.0.1:3000',
      errno: -4078,
      code: 'ECONNREFUSED',
      syscall: 'connect',
      address: '127.0.0.1',
      port: 3000,
      constructor: 'Function<Error>',
      name: 'Error',
      toString: 'Function<toString>'
    }
  ],
  code: 'ECONNREFUSED',
  stackStr: 'AggregateError: \n' +
    '    at internalConnectMultiple (node:net:1139:18)\n' +
    '    at afterConnectMultiple (node:net:1712:7)',
  nameStr: 'AggregateError',
  expected: 'undefined',
  actual: 'undefined',
  message: '',
  constructor: 'Function<AggregateError>',
  name: 'Caused by: AggregateError',
  toString: 'Function<toString>',
  stacks: []
}
[31m[2mÔÄ»ÔÄ»ÔÄ»ÔÄ»ÔÄ»ÔÄ»ÔÄ»ÔÄ»ÔÄ»ÔÄ»ÔÄ»ÔÄ»ÔÄ»ÔÄ»ÔÄ»ÔÄ»ÔÄ»ÔÄ»ÔÄ»ÔÄ»ÔÄ»
ÔÄ»ÔÄ»ÔÄ»ÔÄ»ÔÄ»ÔÄ»ÔÄ»ÔÄ»ÔÄ»[22m[39m
[31m[1mSerialized Error:[22m[39m [90m{ errors: [ { stack: 'Error: c
onnect ECONNREFUSED ::1:3000\n    at createConnectionError (node:net:167
5:14)\n    at afterConnectMultiple (node:net:1705:16)', message: 'connec
t ECONNREFUSED ::1:3000', errno: -4078, code: 'ECONNREFUSED', syscall: '
connect', address: '::1', port: 3000, constructor: 'Function<Error>', na
me: 'Error', toString: 'Function<toString>' }, { stack: 'Error: connect 
ECONNREFUSED 127.0.0.1:3000\n    at createConnectionError (node:net:1675
:14)\n    at afterConnectMultiple (node:net:1705:16)', message: 'connect
 ECONNREFUSED 127.0.0.1:3000', errno: -4078, code: 'ECONNREFUSED', sysca
ll: 'connect', address: '127.0.0.1', port: 3000, constructor: 'Function<
Error>', name: 'Error', toString: 'Function<toString>' } ], code: 'ECONN
REFUSED' }[39m
[31m[2mÔÄ»ÔÄ»ÔÄ»ÔÄ»ÔÄ»ÔÄ»ÔÄ»ÔÄ»ÔÄ»ÔÄ»ÔÄ»ÔÄ»ÔÄ»ÔÄ»ÔÄ»ÔÄ»ÔÄ»ÔÄ»ÔÄ»ÔÄ»ÔÄ»
ÔÄ»[16/79]ÔÄ»[22m[39m

[31m[1m[7m FAIL [27m[22m[39m tests/test-api-schedules.spec.ts[2m 
> [22mAPI: /api/schedules[2m > [22mGET /api/schedules[2m > [22mshou
ld validate restaurantId existence
[31m[1mTypeError[22m: fetch failed[39m
[36m [2mÔØ»[22m tests/test-api-schedules.spec.ts:[2m102:24[22m[39m
    [90m100| [39m
    [90m101| [39m    [34mit[39m([32m'should validate restaurantId e
xistence'[39m[33m,[39m [35masync[39m () [33m=>[39m {
    [90m102| [39m      [35mconst[39m response [33m=[39m [35mawait
[39m [34mfetch[39m(
    [90m   | [39m                       [31m^[39m
    [90m103| [39m        [32m`[39m[36m${[39m[33mAPI_BASE[39m[36
m}[39m[32m/api/schedules?restaurantId=non-existent-id`[39m
    [90m104| [39m      )

{
  stack: 'AggregateError: \n' +
    '    at internalConnectMultiple (node:net:1139:18)\n' +
    '    at afterConnectMultiple (node:net:1712:7)',
  errors: [
    {
      stack: 'Error: connect ECONNREFUSED ::1:3000\n' +
        '    at createConnectionError (node:net:1675:14)\n' +
        '    at afterConnectMultiple (node:net:1705:16)',
      message: 'connect ECONNREFUSED ::1:3000',
      errno: -4078,
      code: 'ECONNREFUSED',
      syscall: 'connect',
      address: '::1',
      port: 3000,
      constructor: 'Function<Error>',
      name: 'Error',
      toString: 'Function<toString>'
    },
    {
      stack: 'Error: connect ECONNREFUSED 127.0.0.1:3000\n' +
        '    at createConnectionError (node:net:1675:14)\n' +
        '    at afterConnectMultiple (node:net:1705:16)',
      message: 'connect ECONNREFUSED 127.0.0.1:3000',
      errno: -4078,
      code: 'ECONNREFUSED',
      syscall: 'connect',
      address: '127.0.0.1',
      port: 3000,
      constructor: 'Function<Error>',
      name: 'Error',
      toString: 'Function<toString>'
    }
  ],
  code: 'ECONNREFUSED',
  stackStr: 'AggregateError: \n' +
    '    at internalConnectMultiple (node:net:1139:18)\n' +
    '    at afterConnectMultiple (node:net:1712:7)',
  nameStr: 'AggregateError',
  expected: 'undefined',
  actual: 'undefined',
  message: '',
  constructor: 'Function<AggregateError>',
  name: 'Caused by: AggregateError',
  toString: 'Function<toString>',
  stacks: []
}
[31m[2mÔÄ»ÔÄ»ÔÄ»ÔÄ»ÔÄ»ÔÄ»ÔÄ»ÔÄ»ÔÄ»ÔÄ»ÔÄ»ÔÄ»ÔÄ»ÔÄ»ÔÄ»ÔÄ»ÔÄ»ÔÄ»ÔÄ»ÔÄ»ÔÄ»
ÔÄ»ÔÄ»ÔÄ»ÔÄ»ÔÄ»ÔÄ»ÔÄ»ÔÄ»ÔÄ»[22m[39m
[31m[1mSerialized Error:[22m[39m [90m{ errors: [ { stack: 'Error: c
onnect ECONNREFUSED ::1:3000\n    at createConnectionError (node:net:167
5:14)\n    at afterConnectMultiple (node:net:1705:16)', message: 'connec
t ECONNREFUSED ::1:3000', errno: -4078, code: 'ECONNREFUSED', syscall: '
connect', address: '::1', port: 3000, constructor: 'Function<Error>', na
me: 'Error', toString: 'Function<toString>' }, { stack: 'Error: connect 
ECONNREFUSED 127.0.0.1:3000\n    at createConnectionError (node:net:1675
:14)\n    at afterConnectMultiple (node:net:1705:16)', message: 'connect
 ECONNREFUSED 127.0.0.1:3000', errno: -4078, code: 'ECONNREFUSED', sysca
ll: 'connect', address: '127.0.0.1', port: 3000, constructor: 'Function<
Error>', name: 'Error', toString: 'Function<toString>' } ], code: 'ECONN
REFUSED' }[39m
[31m[2mÔÄ»ÔÄ»ÔÄ»ÔÄ»ÔÄ»ÔÄ»ÔÄ»ÔÄ»ÔÄ»ÔÄ»ÔÄ»ÔÄ»ÔÄ»ÔÄ»ÔÄ»ÔÄ»ÔÄ»ÔÄ»ÔÄ»ÔÄ»ÔÄ»
ÔÄ»[17/79]ÔÄ»[22m[39m

[31m[1m[7m FAIL [27m[22m[39m tests/test-api-schedules.spec.ts[2m 
> [22mAPI: /api/schedules[2m > [22mPOST /api/schedules[2m > [22msho
uld create new schedule successfully
[31m[1mTypeError[22m: fetch failed[39m
[36m [2mÔØ»[22m tests/test-api-schedules.spec.ts:[2m114:24[22m[39m
    [90m112| [39m  [34mdescribe[39m([32m'POST /api/schedules'[39m
[33m,[39m () [33m=>[39m {
    [90m113| [39m    [34mit[39m([32m'should create new schedule suc
cessfully'[39m[33m,[39m [35masync[39m () [33m=>[39m {
    [90m114| [39m      [35mconst[39m response [33m=[39m [35mawait
[39m [34mfetch[39m([32m`[39m[36m${[39m[33mAPI_BASE[39m[36m}[3
9m[32m/api/schedules`[39m[33m,[39m {
    [90m   | [39m                       [31m^[39m
    [90m115| [39m        method[33m:[39m [32m'POST'[39m[33m,[39m
    [90m116| [39m        headers[33m:[39m {

{
  stack: 'AggregateError: \n' +
    '    at internalConnectMultiple (node:net:1139:18)\n' +
    '    at afterConnectMultiple (node:net:1712:7)',
  errors: [
    {
      stack: 'Error: connect ECONNREFUSED ::1:3000\n' +
        '    at createConnectionError (node:net:1675:14)\n' +
        '    at afterConnectMultiple (node:net:1705:16)',
      message: 'connect ECONNREFUSED ::1:3000',
      errno: -4078,
      code: 'ECONNREFUSED',
      syscall: 'connect',
      address: '::1',
      port: 3000,
      constructor: 'Function<Error>',
      name: 'Error',
      toString: 'Function<toString>'
    },
    {
      stack: 'Error: connect ECONNREFUSED 127.0.0.1:3000\n' +
        '    at createConnectionError (node:net:1675:14)\n' +
        '    at afterConnectMultiple (node:net:1705:16)',
      message: 'connect ECONNREFUSED 127.0.0.1:3000',
      errno: -4078,
      code: 'ECONNREFUSED',
      syscall: 'connect',
      address: '127.0.0.1',
      port: 3000,
      constructor: 'Function<Error>',
      name: 'Error',
      toString: 'Function<toString>'
    }
  ],
  code: 'ECONNREFUSED',
  stackStr: 'AggregateError: \n' +
    '    at internalConnectMultiple (node:net:1139:18)\n' +
    '    at afterConnectMultiple (node:net:1712:7)',
  nameStr: 'AggregateError',
  expected: 'undefined',
  actual: 'undefined',
  message: '',
  constructor: 'Function<AggregateError>',
  name: 'Caused by: AggregateError',
  toString: 'Function<toString>',
  stacks: []
}
[31m[2mÔÄ»ÔÄ»ÔÄ»ÔÄ»ÔÄ»ÔÄ»ÔÄ»ÔÄ»ÔÄ»ÔÄ»ÔÄ»ÔÄ»ÔÄ»ÔÄ»ÔÄ»ÔÄ»ÔÄ»ÔÄ»ÔÄ»ÔÄ»ÔÄ»
ÔÄ»ÔÄ»ÔÄ»ÔÄ»ÔÄ»ÔÄ»ÔÄ»ÔÄ»ÔÄ»[22m[39m
[31m[1mSerialized Error:[22m[39m [90m{ errors: [ { stack: 'Error: c
onnect ECONNREFUSED ::1:3000\n    at createConnectionError (node:net:167
5:14)\n    at afterConnectMultiple (node:net:1705:16)', message: 'connec
t ECONNREFUSED ::1:3000', errno: -4078, code: 'ECONNREFUSED', syscall: '
connect', address: '::1', port: 3000, constructor: 'Function<Error>', na
me: 'Error', toString: 'Function<toString>' }, { stack: 'Error: connect 
ECONNREFUSED 127.0.0.1:3000\n    at createConnectionError (node:net:1675
:14)\n    at afterConnectMultiple (node:net:1705:16)', message: 'connect
 ECONNREFUSED 127.0.0.1:3000', errno: -4078, code: 'ECONNREFUSED', sysca
ll: 'connect', address: '127.0.0.1', port: 3000, constructor: 'Function<
Error>', name: 'Error', toString: 'Function<toString>' } ], code: 'ECONN
REFUSED' }[39m
[31m[2mÔÄ»ÔÄ»ÔÄ»ÔÄ»ÔÄ»ÔÄ»ÔÄ»ÔÄ»ÔÄ»ÔÄ»ÔÄ»ÔÄ»ÔÄ»ÔÄ»ÔÄ»ÔÄ»ÔÄ»ÔÄ»ÔÄ»ÔÄ»ÔÄ»
ÔÄ»[18/79]ÔÄ»[22m[39m

[31m[1m[7m FAIL [27m[22m[39m tests/test-api-schedules.spec.ts[2m 
> [22mAPI: /api/schedules[2m > [22mPOST /api/schedules[2m > [22msho
uld default isActive to true if not provided
[31m[1mTypeError[22m: fetch failed[39m
[36m [2mÔØ»[22m tests/test-api-schedules.spec.ts:[2m146:24[22m[39m
    [90m144| [39m
    [90m145| [39m    [34mit[39m([32m'should default isActive to tru
e if not provided'[39m[33m,[39m [35masync[39m () [33m=>[39m {
    [90m146| [39m      [35mconst[39m response [33m=[39m [35mawait
[39m [34mfetch[39m([32m`[39m[36m${[39m[33mAPI_BASE[39m[36m}[3
9m[32m/api/schedules`[39m[33m,[39m {
    [90m   | [39m                       [31m^[39m
    [90m147| [39m        method[33m:[39m [32m'POST'[39m[33m,[39m
    [90m148| [39m        headers[33m:[39m {

{
  stack: 'AggregateError: \n' +
    '    at internalConnectMultiple (node:net:1139:18)\n' +
    '    at afterConnectMultiple (node:net:1712:7)',
  errors: [
    {
      stack: 'Error: connect ECONNREFUSED ::1:3000\n' +
        '    at createConnectionError (node:net:1675:14)\n' +
        '    at afterConnectMultiple (node:net:1705:16)',
      message: 'connect ECONNREFUSED ::1:3000',
      errno: -4078,
      code: 'ECONNREFUSED',
      syscall: 'connect',
      address: '::1',
      port: 3000,
      constructor: 'Function<Error>',
      name: 'Error',
      toString: 'Function<toString>'
    },
    {
      stack: 'Error: connect ECONNREFUSED 127.0.0.1:3000\n' +
        '    at createConnectionError (node:net:1675:14)\n' +
        '    at afterConnectMultiple (node:net:1705:16)',
      message: 'connect ECONNREFUSED 127.0.0.1:3000',
      errno: -4078,
      code: 'ECONNREFUSED',
      syscall: 'connect',
      address: '127.0.0.1',
      port: 3000,
      constructor: 'Function<Error>',
      name: 'Error',
      toString: 'Function<toString>'
    }
  ],
  code: 'ECONNREFUSED',
  stackStr: 'AggregateError: \n' +
    '    at internalConnectMultiple (node:net:1139:18)\n' +
    '    at afterConnectMultiple (node:net:1712:7)',
  nameStr: 'AggregateError',
  expected: 'undefined',
  actual: 'undefined',
  message: '',
  constructor: 'Function<AggregateError>',
  name: 'Caused by: AggregateError',
  toString: 'Function<toString>',
  stacks: []
}
[31m[2mÔÄ»ÔÄ»ÔÄ»ÔÄ»ÔÄ»ÔÄ»ÔÄ»ÔÄ»ÔÄ»ÔÄ»ÔÄ»ÔÄ»ÔÄ»ÔÄ»ÔÄ»ÔÄ»ÔÄ»ÔÄ»ÔÄ»ÔÄ»ÔÄ»
ÔÄ»ÔÄ»ÔÄ»ÔÄ»ÔÄ»ÔÄ»ÔÄ»ÔÄ»ÔÄ»[22m[39m
[31m[1mSerialized Error:[22m[39m [90m{ errors: [ { stack: 'Error: c
onnect ECONNREFUSED ::1:3000\n    at createConnectionError (node:net:167
5:14)\n    at afterConnectMultiple (node:net:1705:16)', message: 'connec
t ECONNREFUSED ::1:3000', errno: -4078, code: 'ECONNREFUSED', syscall: '
connect', address: '::1', port: 3000, constructor: 'Function<Error>', na
me: 'Error', toString: 'Function<toString>' }, { stack: 'Error: connect 
ECONNREFUSED 127.0.0.1:3000\n    at createConnectionError (node:net:1675
:14)\n    at afterConnectMultiple (node:net:1705:16)', message: 'connect
 ECONNREFUSED 127.0.0.1:3000', errno: -4078, code: 'ECONNREFUSED', sysca
ll: 'connect', address: '127.0.0.1', port: 3000, constructor: 'Function<
Error>', name: 'Error', toString: 'Function<toString>' } ], code: 'ECONN
REFUSED' }[39m
[31m[2mÔÄ»ÔÄ»ÔÄ»ÔÄ»ÔÄ»ÔÄ»ÔÄ»ÔÄ»ÔÄ»ÔÄ»ÔÄ»ÔÄ»ÔÄ»ÔÄ»ÔÄ»ÔÄ»ÔÄ»ÔÄ»ÔÄ»ÔÄ»ÔÄ»
ÔÄ»[19/79]ÔÄ»[22m[39m

[31m[1m[7m FAIL [27m[22m[39m tests/test-api-schedules.spec.ts[2m 
> [22mAPI: /api/schedules[2m > [22mPOST /api/schedules[2m > [22msho
uld require restaurantId and name
[31m[1mTypeError[22m: fetch failed[39m
[36m [2mÔØ»[22m tests/test-api-schedules.spec.ts:[2m167:24[22m[39m
    [90m165| [39m
    [90m166| [39m    [34mit[39m([32m'should require restaurantId an
d name'[39m[33m,[39m [35masync[39m () [33m=>[39m {
    [90m167| [39m      [35mconst[39m response [33m=[39m [35mawait
[39m [34mfetch[39m([32m`[39m[36m${[39m[33mAPI_BASE[39m[36m}[3
9m[32m/api/schedules`[39m[33m,[39m {
    [90m   | [39m                       [31m^[39m
    [90m168| [39m        method[33m:[39m [32m'POST'[39m[33m,[39m
    [90m169| [39m        headers[33m:[39m {

{
  stack: 'AggregateError: \n' +
    '    at internalConnectMultiple (node:net:1139:18)\n' +
    '    at afterConnectMultiple (node:net:1712:7)',
  errors: [
    {
      stack: 'Error: connect ECONNREFUSED ::1:3000\n' +
        '    at createConnectionError (node:net:1675:14)\n' +
        '    at afterConnectMultiple (node:net:1705:16)',
      message: 'connect ECONNREFUSED ::1:3000',
      errno: -4078,
      code: 'ECONNREFUSED',
      syscall: 'connect',
      address: '::1',
      port: 3000,
      constructor: 'Function<Error>',
      name: 'Error',
      toString: 'Function<toString>'
    },
    {
      stack: 'Error: connect ECONNREFUSED 127.0.0.1:3000\n' +
        '    at createConnectionError (node:net:1675:14)\n' +
        '    at afterConnectMultiple (node:net:1705:16)',
      message: 'connect ECONNREFUSED 127.0.0.1:3000',
      errno: -4078,
      code: 'ECONNREFUSED',
      syscall: 'connect',
      address: '127.0.0.1',
      port: 3000,
      constructor: 'Function<Error>',
      name: 'Error',
      toString: 'Function<toString>'
    }
  ],
  code: 'ECONNREFUSED',
  stackStr: 'AggregateError: \n' +
    '    at internalConnectMultiple (node:net:1139:18)\n' +
    '    at afterConnectMultiple (node:net:1712:7)',
  nameStr: 'AggregateError',
  expected: 'undefined',
  actual: 'undefined',
  message: '',
  constructor: 'Function<AggregateError>',
  name: 'Caused by: AggregateError',
  toString: 'Function<toString>',
  stacks: []
}
[31m[2mÔÄ»ÔÄ»ÔÄ»ÔÄ»ÔÄ»ÔÄ»ÔÄ»ÔÄ»ÔÄ»ÔÄ»ÔÄ»ÔÄ»ÔÄ»ÔÄ»ÔÄ»ÔÄ»ÔÄ»ÔÄ»ÔÄ»ÔÄ»ÔÄ»
ÔÄ»ÔÄ»ÔÄ»ÔÄ»ÔÄ»ÔÄ»ÔÄ»ÔÄ»ÔÄ»[22m[39m
[31m[1mSerialized Error:[22m[39m [90m{ errors: [ { stack: 'Error: c
onnect ECONNREFUSED ::1:3000\n    at createConnectionError (node:net:167
5:14)\n    at afterConnectMultiple (node:net:1705:16)', message: 'connec
t ECONNREFUSED ::1:3000', errno: -4078, code: 'ECONNREFUSED', syscall: '
connect', address: '::1', port: 3000, constructor: 'Function<Error>', na
me: 'Error', toString: 'Function<toString>' }, { stack: 'Error: connect 
ECONNREFUSED 127.0.0.1:3000\n    at createConnectionError (node:net:1675
:14)\n    at afterConnectMultiple (node:net:1705:16)', message: 'connect
 ECONNREFUSED 127.0.0.1:3000', errno: -4078, code: 'ECONNREFUSED', sysca
ll: 'connect', address: '127.0.0.1', port: 3000, constructor: 'Function<
Error>', name: 'Error', toString: 'Function<toString>' } ], code: 'ECONN
REFUSED' }[39m
[31m[2mÔÄ»ÔÄ»ÔÄ»ÔÄ»ÔÄ»ÔÄ»ÔÄ»ÔÄ»ÔÄ»ÔÄ»ÔÄ»ÔÄ»ÔÄ»ÔÄ»ÔÄ»ÔÄ»ÔÄ»ÔÄ»ÔÄ»ÔÄ»ÔÄ»
ÔÄ»[20/79]ÔÄ»[22m[39m

[31m[1m[7m FAIL [27m[22m[39m tests/test-api-schedules.spec.ts[2m 
> [22mAPI: /api/schedules[2m > [22mPOST /api/schedules[2m > [22msho
uld validate restaurantId existence
[31m[1mTypeError[22m: fetch failed[39m
[36m [2mÔØ»[22m tests/test-api-schedules.spec.ts:[2m183:24[22m[39m
    [90m181| [39m
    [90m182| [39m    [34mit[39m([32m'should validate restaurantId e
xistence'[39m[33m,[39m [35masync[39m () [33m=>[39m {
    [90m183| [39m      [35mconst[39m response [33m=[39m [35mawait
[39m [34mfetch[39m([32m`[39m[36m${[39m[33mAPI_BASE[39m[36m}[3
9m[32m/api/schedules`[39m[33m,[39m {
    [90m   | [39m                       [31m^[39m
    [90m184| [39m        method[33m:[39m [32m'POST'[39m[33m,[39m
    [90m185| [39m        headers[33m:[39m {

{
  stack: 'AggregateError: \n' +
    '    at internalConnectMultiple (node:net:1139:18)\n' +
    '    at afterConnectMultiple (node:net:1712:7)',
  errors: [
    {
      stack: 'Error: connect ECONNREFUSED ::1:3000\n' +
        '    at createConnectionError (node:net:1675:14)\n' +
        '    at afterConnectMultiple (node:net:1705:16)',
      message: 'connect ECONNREFUSED ::1:3000',
      errno: -4078,
      code: 'ECONNREFUSED',
      syscall: 'connect',
      address: '::1',
      port: 3000,
      constructor: 'Function<Error>',
      name: 'Error',
      toString: 'Function<toString>'
    },
    {
      stack: 'Error: connect ECONNREFUSED 127.0.0.1:3000\n' +
        '    at createConnectionError (node:net:1675:14)\n' +
        '    at afterConnectMultiple (node:net:1705:16)',
      message: 'connect ECONNREFUSED 127.0.0.1:3000',
      errno: -4078,
      code: 'ECONNREFUSED',
      syscall: 'connect',
      address: '127.0.0.1',
      port: 3000,
      constructor: 'Function<Error>',
      name: 'Error',
      toString: 'Function<toString>'
    }
  ],
  code: 'ECONNREFUSED',
  stackStr: 'AggregateError: \n' +
    '    at internalConnectMultiple (node:net:1139:18)\n' +
    '    at afterConnectMultiple (node:net:1712:7)',
  nameStr: 'AggregateError',
  expected: 'undefined',
  actual: 'undefined',
  message: '',
  constructor: 'Function<AggregateError>',
  name: 'Caused by: AggregateError',
  toString: 'Function<toString>',
  stacks: []
}
[31m[2mÔÄ»ÔÄ»ÔÄ»ÔÄ»ÔÄ»ÔÄ»ÔÄ»ÔÄ»ÔÄ»ÔÄ»ÔÄ»ÔÄ»ÔÄ»ÔÄ»ÔÄ»ÔÄ»ÔÄ»ÔÄ»ÔÄ»ÔÄ»ÔÄ»
ÔÄ»ÔÄ»ÔÄ»ÔÄ»ÔÄ»ÔÄ»ÔÄ»ÔÄ»ÔÄ»[22m[39m
[31m[1mSerialized Error:[22m[39m [90m{ errors: [ { stack: 'Error: c
onnect ECONNREFUSED ::1:3000\n    at createConnectionError (node:net:167
5:14)\n    at afterConnectMultiple (node:net:1705:16)', message: 'connec
t ECONNREFUSED ::1:3000', errno: -4078, code: 'ECONNREFUSED', syscall: '
connect', address: '::1', port: 3000, constructor: 'Function<Error>', na
me: 'Error', toString: 'Function<toString>' }, { stack: 'Error: connect 
ECONNREFUSED 127.0.0.1:3000\n    at createConnectionError (node:net:1675
:14)\n    at afterConnectMultiple (node:net:1705:16)', message: 'connect
 ECONNREFUSED 127.0.0.1:3000', errno: -4078, code: 'ECONNREFUSED', sysca
ll: 'connect', address: '127.0.0.1', port: 3000, constructor: 'Function<
Error>', name: 'Error', toString: 'Function<toString>' } ], code: 'ECONN
REFUSED' }[39m
[31m[2mÔÄ»ÔÄ»ÔÄ»ÔÄ»ÔÄ»ÔÄ»ÔÄ»ÔÄ»ÔÄ»ÔÄ»ÔÄ»ÔÄ»ÔÄ»ÔÄ»ÔÄ»ÔÄ»ÔÄ»ÔÄ»ÔÄ»ÔÄ»ÔÄ»
ÔÄ»[21/79]ÔÄ»[22m[39m

[31m[1m[7m FAIL [27m[22m[39m tests/test-api-schedules.spec.ts[2m 
> [22mAPI: /api/schedules[2m > [22mGET /api/schedules/[id][2m > [22
mshould return schedule details with shifts
[31m[1mTypeError[22m: fetch failed[39m
[36m [2mÔØ»[22m tests/test-api-schedules.spec.ts:[2m202:24[22m[39m
    [90m200| [39m  [34mdescribe[39m([32m'GET /api/schedules/[id]'[
39m[33m,[39m () [33m=>[39m {
    [90m201| [39m    [34mit[39m([32m'should return schedule details
 with shifts'[39m[33m,[39m [35masync[39m () [33m=>[39m {
    [90m202| [39m      [35mconst[39m response [33m=[39m [35mawait
[39m [34mfetch[39m(
    [90m   | [39m                       [31m^[39m
    [90m203| [39m        [32m`[39m[36m${[39m[33mAPI_BASE[39m[36
m}[39m[32m/api/schedules/[39m[36m${[39mtestScheduleId[36m}[39m[3
2m`[39m
    [90m204| [39m      )

{
  stack: 'AggregateError: \n' +
    '    at internalConnectMultiple (node:net:1139:18)\n' +
    '    at afterConnectMultiple (node:net:1712:7)',
  errors: [
    {
      stack: 'Error: connect ECONNREFUSED ::1:3000\n' +
        '    at createConnectionError (node:net:1675:14)\n' +
        '    at afterConnectMultiple (node:net:1705:16)',
      message: 'connect ECONNREFUSED ::1:3000',
      errno: -4078,
      code: 'ECONNREFUSED',
      syscall: 'connect',
      address: '::1',
      port: 3000,
      constructor: 'Function<Error>',
      name: 'Error',
      toString: 'Function<toString>'
    },
    {
      stack: 'Error: connect ECONNREFUSED 127.0.0.1:3000\n' +
        '    at createConnectionError (node:net:1675:14)\n' +
        '    at afterConnectMultiple (node:net:1705:16)',
      message: 'connect ECONNREFUSED 127.0.0.1:3000',
      errno: -4078,
      code: 'ECONNREFUSED',
      syscall: 'connect',
      address: '127.0.0.1',
      port: 3000,
      constructor: 'Function<Error>',
      name: 'Error',
      toString: 'Function<toString>'
    }
  ],
  code: 'ECONNREFUSED',
  stackStr: 'AggregateError: \n' +
    '    at internalConnectMultiple (node:net:1139:18)\n' +
    '    at afterConnectMultiple (node:net:1712:7)',
  nameStr: 'AggregateError',
  expected: 'undefined',
  actual: 'undefined',
  message: '',
  constructor: 'Function<AggregateError>',
  name: 'Caused by: AggregateError',
  toString: 'Function<toString>',
  stacks: []
}
[31m[2mÔÄ»ÔÄ»ÔÄ»ÔÄ»ÔÄ»ÔÄ»ÔÄ»ÔÄ»ÔÄ»ÔÄ»ÔÄ»ÔÄ»ÔÄ»ÔÄ»ÔÄ»ÔÄ»ÔÄ»ÔÄ»ÔÄ»ÔÄ»ÔÄ»
ÔÄ»ÔÄ»ÔÄ»ÔÄ»ÔÄ»ÔÄ»ÔÄ»ÔÄ»ÔÄ»[22m[39m
[31m[1mSerialized Error:[22m[39m [90m{ errors: [ { stack: 'Error: c
onnect ECONNREFUSED ::1:3000\n    at createConnectionError (node:net:167
5:14)\n    at afterConnectMultiple (node:net:1705:16)', message: 'connec
t ECONNREFUSED ::1:3000', errno: -4078, code: 'ECONNREFUSED', syscall: '
connect', address: '::1', port: 3000, constructor: 'Function<Error>', na
me: 'Error', toString: 'Function<toString>' }, { stack: 'Error: connect 
ECONNREFUSED 127.0.0.1:3000\n    at createConnectionError (node:net:1675
:14)\n    at afterConnectMultiple (node:net:1705:16)', message: 'connect
 ECONNREFUSED 127.0.0.1:3000', errno: -4078, code: 'ECONNREFUSED', sysca
ll: 'connect', address: '127.0.0.1', port: 3000, constructor: 'Function<
Error>', name: 'Error', toString: 'Function<toString>' } ], code: 'ECONN
REFUSED' }[39m
[31m[2mÔÄ»ÔÄ»ÔÄ»ÔÄ»ÔÄ»ÔÄ»ÔÄ»ÔÄ»ÔÄ»ÔÄ»ÔÄ»ÔÄ»ÔÄ»ÔÄ»ÔÄ»ÔÄ»ÔÄ»ÔÄ»ÔÄ»ÔÄ»ÔÄ»
ÔÄ»[22/79]ÔÄ»[22m[39m

[31m[1m[7m FAIL [27m[22m[39m tests/test-api-schedules.spec.ts[2m 
> [22mAPI: /api/schedules[2m > [22mGET /api/schedules/[id][2m > [22
mshould return 404 for non-existent schedule
[31m[1mTypeError[22m: fetch failed[39m
[36m [2mÔØ»[22m tests/test-api-schedules.spec.ts:[2m219:24[22m[39m
    [90m217| [39m
    [90m218| [39m    [34mit[39m([32m'should return 404 for non-exis
tent schedule'[39m[33m,[39m [35masync[39m () [33m=>[39m {
    [90m219| [39m      [35mconst[39m response [33m=[39m [35mawait
[39m [34mfetch[39m(
    [90m   | [39m                       [31m^[39m
    [90m220| [39m        [32m`[39m[36m${[39m[33mAPI_BASE[39m[36
m}[39m[32m/api/schedules/non-existent-id`[39m
    [90m221| [39m      )

{
  stack: 'AggregateError: \n' +
    '    at internalConnectMultiple (node:net:1139:18)\n' +
    '    at afterConnectMultiple (node:net:1712:7)',
  errors: [
    {
      stack: 'Error: connect ECONNREFUSED ::1:3000\n' +
        '    at createConnectionError (node:net:1675:14)\n' +
        '    at afterConnectMultiple (node:net:1705:16)',
      message: 'connect ECONNREFUSED ::1:3000',
      errno: -4078,
      code: 'ECONNREFUSED',
      syscall: 'connect',
      address: '::1',
      port: 3000,
      constructor: 'Function<Error>',
      name: 'Error',
      toString: 'Function<toString>'
    },
    {
      stack: 'Error: connect ECONNREFUSED 127.0.0.1:3000\n' +
        '    at createConnectionError (node:net:1675:14)\n' +
        '    at afterConnectMultiple (node:net:1705:16)',
      message: 'connect ECONNREFUSED 127.0.0.1:3000',
      errno: -4078,
      code: 'ECONNREFUSED',
      syscall: 'connect',
      address: '127.0.0.1',
      port: 3000,
      constructor: 'Function<Error>',
      name: 'Error',
      toString: 'Function<toString>'
    }
  ],
  code: 'ECONNREFUSED',
  stackStr: 'AggregateError: \n' +
    '    at internalConnectMultiple (node:net:1139:18)\n' +
    '    at afterConnectMultiple (node:net:1712:7)',
  nameStr: 'AggregateError',
  expected: 'undefined',
  actual: 'undefined',
  message: '',
  constructor: 'Function<AggregateError>',
  name: 'Caused by: AggregateError',
  toString: 'Function<toString>',
  stacks: []
}
[31m[2mÔÄ»ÔÄ»ÔÄ»ÔÄ»ÔÄ»ÔÄ»ÔÄ»ÔÄ»ÔÄ»ÔÄ»ÔÄ»ÔÄ»ÔÄ»ÔÄ»ÔÄ»ÔÄ»ÔÄ»ÔÄ»ÔÄ»ÔÄ»ÔÄ»
ÔÄ»ÔÄ»ÔÄ»ÔÄ»ÔÄ»ÔÄ»ÔÄ»ÔÄ»ÔÄ»[22m[39m
[31m[1mSerialized Error:[22m[39m [90m{ errors: [ { stack: 'Error: c
onnect ECONNREFUSED ::1:3000\n    at createConnectionError (node:net:167
5:14)\n    at afterConnectMultiple (node:net:1705:16)', message: 'connec
t ECONNREFUSED ::1:3000', errno: -4078, code: 'ECONNREFUSED', syscall: '
connect', address: '::1', port: 3000, constructor: 'Function<Error>', na
me: 'Error', toString: 'Function<toString>' }, { stack: 'Error: connect 
ECONNREFUSED 127.0.0.1:3000\n    at createConnectionError (node:net:1675
:14)\n    at afterConnectMultiple (node:net:1705:16)', message: 'connect
 ECONNREFUSED 127.0.0.1:3000', errno: -4078, code: 'ECONNREFUSED', sysca
ll: 'connect', address: '127.0.0.1', port: 3000, constructor: 'Function<
Error>', name: 'Error', toString: 'Function<toString>' } ], code: 'ECONN
REFUSED' }[39m
[31m[2mÔÄ»ÔÄ»ÔÄ»ÔÄ»ÔÄ»ÔÄ»ÔÄ»ÔÄ»ÔÄ»ÔÄ»ÔÄ»ÔÄ»ÔÄ»ÔÄ»ÔÄ»ÔÄ»ÔÄ»ÔÄ»ÔÄ»ÔÄ»ÔÄ»
ÔÄ»[23/79]ÔÄ»[22m[39m

[31m[1m[7m FAIL [27m[22m[39m tests/test-api-schedules.spec.ts[2m 
> [22mAPI: /api/schedules[2m > [22mPUT /api/schedules/[id][2m > [22
mshould update schedule name
[31m[1mTypeError[22m: fetch failed[39m
[36m [2mÔØ»[22m tests/test-api-schedules.spec.ts:[2m231:24[22m[39m
    [90m229| [39m  [34mdescribe[39m([32m'PUT /api/schedules/[id]'[
39m[33m,[39m () [33m=>[39m {
    [90m230| [39m    [34mit[39m([32m'should update schedule name'[
39m[33m,[39m [35masync[39m () [33m=>[39m {
    [90m231| [39m      [35mconst[39m response [33m=[39m [35mawait
[39m [34mfetch[39m(
    [90m   | [39m                       [31m^[39m
    [90m232| [39m        [32m`[39m[36m${[39m[33mAPI_BASE[39m[36
m}[39m[32m/api/schedules/[39m[36m${[39mtestScheduleId[36m}[39m[3
2m`[39m[33m,[39m
    [90m233| [39m        {

{
  stack: 'AggregateError: \n' +
    '    at internalConnectMultiple (node:net:1139:18)\n' +
    '    at afterConnectMultiple (node:net:1712:7)',
  errors: [
    {
      stack: 'Error: connect ECONNREFUSED ::1:3000\n' +
        '    at createConnectionError (node:net:1675:14)\n' +
        '    at afterConnectMultiple (node:net:1705:16)',
      message: 'connect ECONNREFUSED ::1:3000',
      errno: -4078,
      code: 'ECONNREFUSED',
      syscall: 'connect',
      address: '::1',
      port: 3000,
      constructor: 'Function<Error>',
      name: 'Error',
      toString: 'Function<toString>'
    },
    {
      stack: 'Error: connect ECONNREFUSED 127.0.0.1:3000\n' +
        '    at createConnectionError (node:net:1675:14)\n' +
        '    at afterConnectMultiple (node:net:1705:16)',
      message: 'connect ECONNREFUSED 127.0.0.1:3000',
      errno: -4078,
      code: 'ECONNREFUSED',
      syscall: 'connect',
      address: '127.0.0.1',
      port: 3000,
      constructor: 'Function<Error>',
      name: 'Error',
      toString: 'Function<toString>'
    }
  ],
  code: 'ECONNREFUSED',
  stackStr: 'AggregateError: \n' +
    '    at internalConnectMultiple (node:net:1139:18)\n' +
    '    at afterConnectMultiple (node:net:1712:7)',
  nameStr: 'AggregateError',
  expected: 'undefined',
  actual: 'undefined',
  message: '',
  constructor: 'Function<AggregateError>',
  name: 'Caused by: AggregateError',
  toString: 'Function<toString>',
  stacks: []
}
[31m[2mÔÄ»ÔÄ»ÔÄ»ÔÄ»ÔÄ»ÔÄ»ÔÄ»ÔÄ»ÔÄ»ÔÄ»ÔÄ»ÔÄ»ÔÄ»ÔÄ»ÔÄ»ÔÄ»ÔÄ»ÔÄ»ÔÄ»ÔÄ»ÔÄ»
ÔÄ»ÔÄ»ÔÄ»ÔÄ»ÔÄ»ÔÄ»ÔÄ»ÔÄ»ÔÄ»[22m[39m
[31m[1mSerialized Error:[22m[39m [90m{ errors: [ { stack: 'Error: c
onnect ECONNREFUSED ::1:3000\n    at createConnectionError (node:net:167
5:14)\n    at afterConnectMultiple (node:net:1705:16)', message: 'connec
t ECONNREFUSED ::1:3000', errno: -4078, code: 'ECONNREFUSED', syscall: '
connect', address: '::1', port: 3000, constructor: 'Function<Error>', na
me: 'Error', toString: 'Function<toString>' }, { stack: 'Error: connect 
ECONNREFUSED 127.0.0.1:3000\n    at createConnectionError (node:net:1675
:14)\n    at afterConnectMultiple (node:net:1705:16)', message: 'connect
 ECONNREFUSED 127.0.0.1:3000', errno: -4078, code: 'ECONNREFUSED', sysca
ll: 'connect', address: '127.0.0.1', port: 3000, constructor: 'Function<
Error>', name: 'Error', toString: 'Function<toString>' } ], code: 'ECONN
REFUSED' }[39m
[31m[2mÔÄ»ÔÄ»ÔÄ»ÔÄ»ÔÄ»ÔÄ»ÔÄ»ÔÄ»ÔÄ»ÔÄ»ÔÄ»ÔÄ»ÔÄ»ÔÄ»ÔÄ»ÔÄ»ÔÄ»ÔÄ»ÔÄ»ÔÄ»ÔÄ»
ÔÄ»[24/79]ÔÄ»[22m[39m

[31m[1m[7m FAIL [27m[22m[39m tests/test-api-schedules.spec.ts[2m 
> [22mAPI: /api/schedules[2m > [22mPUT /api/schedules/[id][2m > [22
mshould update isActive status
[31m[1mTypeError[22m: fetch failed[39m
[36m [2mÔØ»[22m tests/test-api-schedules.spec.ts:[2m258:24[22m[39m
    [90m256| [39m
    [90m257| [39m    [34mit[39m([32m'should update isActive status'
[39m[33m,[39m [35masync[39m () [33m=>[39m {
    [90m258| [39m      [35mconst[39m response [33m=[39m [35mawait
[39m [34mfetch[39m(
    [90m   | [39m                       [31m^[39m
    [90m259| [39m        [32m`[39m[36m${[39m[33mAPI_BASE[39m[36
m}[39m[32m/api/schedules/[39m[36m${[39mtestScheduleId[36m}[39m[3
2m`[39m[33m,[39m
    [90m260| [39m        {

{
  stack: 'AggregateError: \n' +
    '    at internalConnectMultiple (node:net:1139:18)\n' +
    '    at afterConnectMultiple (node:net:1712:7)',
  errors: [
    {
      stack: 'Error: connect ECONNREFUSED ::1:3000\n' +
        '    at createConnectionError (node:net:1675:14)\n' +
        '    at afterConnectMultiple (node:net:1705:16)',
      message: 'connect ECONNREFUSED ::1:3000',
      errno: -4078,
      code: 'ECONNREFUSED',
      syscall: 'connect',
      address: '::1',
      port: 3000,
      constructor: 'Function<Error>',
      name: 'Error',
      toString: 'Function<toString>'
    },
    {
      stack: 'Error: connect ECONNREFUSED 127.0.0.1:3000\n' +
        '    at createConnectionError (node:net:1675:14)\n' +
        '    at afterConnectMultiple (node:net:1705:16)',
      message: 'connect ECONNREFUSED 127.0.0.1:3000',
      errno: -4078,
      code: 'ECONNREFUSED',
      syscall: 'connect',
      address: '127.0.0.1',
      port: 3000,
      constructor: 'Function<Error>',
      name: 'Error',
      toString: 'Function<toString>'
    }
  ],
  code: 'ECONNREFUSED',
  stackStr: 'AggregateError: \n' +
    '    at internalConnectMultiple (node:net:1139:18)\n' +
    '    at afterConnectMultiple (node:net:1712:7)',
  nameStr: 'AggregateError',
  expected: 'undefined',
  actual: 'undefined',
  message: '',
  constructor: 'Function<AggregateError>',
  name: 'Caused by: AggregateError',
  toString: 'Function<toString>',
  stacks: []
}
[31m[2mÔÄ»ÔÄ»ÔÄ»ÔÄ»ÔÄ»ÔÄ»ÔÄ»ÔÄ»ÔÄ»ÔÄ»ÔÄ»ÔÄ»ÔÄ»ÔÄ»ÔÄ»ÔÄ»ÔÄ»ÔÄ»ÔÄ»ÔÄ»ÔÄ»
ÔÄ»ÔÄ»ÔÄ»ÔÄ»ÔÄ»ÔÄ»ÔÄ»ÔÄ»ÔÄ»[22m[39m
[31m[1mSerialized Error:[22m[39m [90m{ errors: [ { stack: 'Error: c
onnect ECONNREFUSED ::1:3000\n    at createConnectionError (node:net:167
5:14)\n    at afterConnectMultiple (node:net:1705:16)', message: 'connec
t ECONNREFUSED ::1:3000', errno: -4078, code: 'ECONNREFUSED', syscall: '
connect', address: '::1', port: 3000, constructor: 'Function<Error>', na
me: 'Error', toString: 'Function<toString>' }, { stack: 'Error: connect 
ECONNREFUSED 127.0.0.1:3000\n    at createConnectionError (node:net:1675
:14)\n    at afterConnectMultiple (node:net:1705:16)', message: 'connect
 ECONNREFUSED 127.0.0.1:3000', errno: -4078, code: 'ECONNREFUSED', sysca
ll: 'connect', address: '127.0.0.1', port: 3000, constructor: 'Function<
Error>', name: 'Error', toString: 'Function<toString>' } ], code: 'ECONN
REFUSED' }[39m
[31m[2mÔÄ»ÔÄ»ÔÄ»ÔÄ»ÔÄ»ÔÄ»ÔÄ»ÔÄ»ÔÄ»ÔÄ»ÔÄ»ÔÄ»ÔÄ»ÔÄ»ÔÄ»ÔÄ»ÔÄ»ÔÄ»ÔÄ»ÔÄ»ÔÄ»
ÔÄ»[25/79]ÔÄ»[22m[39m

[31m[1m[7m FAIL [27m[22m[39m tests/test-api-schedules.spec.ts[2m 
> [22mAPI: /api/schedules[2m > [22mPUT /api/schedules/[id][2m > [22
mshould return 404 for non-existent schedule
[31m[1mTypeError[22m: fetch failed[39m
[36m [2mÔØ»[22m tests/test-api-schedules.spec.ts:[2m284:24[22m[39m
    [90m282| [39m
    [90m283| [39m    [34mit[39m([32m'should return 404 for non-exis
tent schedule'[39m[33m,[39m [35masync[39m () [33m=>[39m {
    [90m284| [39m      [35mconst[39m response [33m=[39m [35mawait
[39m [34mfetch[39m(
    [90m   | [39m                       [31m^[39m
    [90m285| [39m        [32m`[39m[36m${[39m[33mAPI_BASE[39m[36
m}[39m[32m/api/schedules/non-existent-id`[39m[33m,[39m
    [90m286| [39m        {

{
  stack: 'AggregateError: \n' +
    '    at internalConnectMultiple (node:net:1139:18)\n' +
    '    at afterConnectMultiple (node:net:1712:7)',
  errors: [
    {
      stack: 'Error: connect ECONNREFUSED ::1:3000\n' +
        '    at createConnectionError (node:net:1675:14)\n' +
        '    at afterConnectMultiple (node:net:1705:16)',
      message: 'connect ECONNREFUSED ::1:3000',
      errno: -4078,
      code: 'ECONNREFUSED',
      syscall: 'connect',
      address: '::1',
      port: 3000,
      constructor: 'Function<Error>',
      name: 'Error',
      toString: 'Function<toString>'
    },
    {
      stack: 'Error: connect ECONNREFUSED 127.0.0.1:3000\n' +
        '    at createConnectionError (node:net:1675:14)\n' +
        '    at afterConnectMultiple (node:net:1705:16)',
      message: 'connect ECONNREFUSED 127.0.0.1:3000',
      errno: -4078,
      code: 'ECONNREFUSED',
      syscall: 'connect',
      address: '127.0.0.1',
      port: 3000,
      constructor: 'Function<Error>',
      name: 'Error',
      toString: 'Function<toString>'
    }
  ],
  code: 'ECONNREFUSED',
  stackStr: 'AggregateError: \n' +
    '    at internalConnectMultiple (node:net:1139:18)\n' +
    '    at afterConnectMultiple (node:net:1712:7)',
  nameStr: 'AggregateError',
  expected: 'undefined',
  actual: 'undefined',
  message: '',
  constructor: 'Function<AggregateError>',
  name: 'Caused by: AggregateError',
  toString: 'Function<toString>',
  stacks: []
}
[31m[2mÔÄ»ÔÄ»ÔÄ»ÔÄ»ÔÄ»ÔÄ»ÔÄ»ÔÄ»ÔÄ»ÔÄ»ÔÄ»ÔÄ»ÔÄ»ÔÄ»ÔÄ»ÔÄ»ÔÄ»ÔÄ»ÔÄ»ÔÄ»ÔÄ»
ÔÄ»ÔÄ»ÔÄ»ÔÄ»ÔÄ»ÔÄ»ÔÄ»ÔÄ»ÔÄ»[22m[39m
[31m[1mSerialized Error:[22m[39m [90m{ errors: [ { stack: 'Error: c
onnect ECONNREFUSED ::1:3000\n    at createConnectionError (node:net:167
5:14)\n    at afterConnectMultiple (node:net:1705:16)', message: 'connec
t ECONNREFUSED ::1:3000', errno: -4078, code: 'ECONNREFUSED', syscall: '
connect', address: '::1', port: 3000, constructor: 'Function<Error>', na
me: 'Error', toString: 'Function<toString>' }, { stack: 'Error: connect 
ECONNREFUSED 127.0.0.1:3000\n    at createConnectionError (node:net:1675
:14)\n    at afterConnectMultiple (node:net:1705:16)', message: 'connect
 ECONNREFUSED 127.0.0.1:3000', errno: -4078, code: 'ECONNREFUSED', sysca
ll: 'connect', address: '127.0.0.1', port: 3000, constructor: 'Function<
Error>', name: 'Error', toString: 'Function<toString>' } ], code: 'ECONN
REFUSED' }[39m
[31m[2mÔÄ»ÔÄ»ÔÄ»ÔÄ»ÔÄ»ÔÄ»ÔÄ»ÔÄ»ÔÄ»ÔÄ»ÔÄ»ÔÄ»ÔÄ»ÔÄ»ÔÄ»ÔÄ»ÔÄ»ÔÄ»ÔÄ»ÔÄ»ÔÄ»
ÔÄ»[26/79]ÔÄ»[22m[39m

[31m[1m[7m FAIL [27m[22m[39m tests/test-api-schedules.spec.ts[2m 
> [22mAPI: /api/schedules[2m > [22mDELETE /api/schedules/[id][2m > 
[22mshould delete schedule successfully
[31m[1mTypeError[22m: fetch failed[39m
[36m [2mÔØ»[22m tests/test-api-schedules.spec.ts:[2m305:24[22m[39m
    [90m303| [39m  [34mdescribe[39m([32m'DELETE /api/schedules/[id]
'[39m[33m,[39m () [33m=>[39m {
    [90m304| [39m    [34mit[39m([32m'should delete schedule success
fully'[39m[33m,[39m [35masync[39m () [33m=>[39m {
    [90m305| [39m      [35mconst[39m response [33m=[39m [35mawait
[39m [34mfetch[39m(
    [90m   | [39m                       [31m^[39m
    [90m306| [39m        [32m`[39m[36m${[39m[33mAPI_BASE[39m[36
m}[39m[32m/api/schedules/[39m[36m${[39mtestScheduleId[36m}[39m[3
2m`[39m[33m,[39m
    [90m307| [39m        {

{
  stack: 'AggregateError: \n' +
    '    at internalConnectMultiple (node:net:1139:18)\n' +
    '    at afterConnectMultiple (node:net:1712:7)',
  errors: [
    {
      stack: 'Error: connect ECONNREFUSED ::1:3000\n' +
        '    at createConnectionError (node:net:1675:14)\n' +
        '    at afterConnectMultiple (node:net:1705:16)',
      message: 'connect ECONNREFUSED ::1:3000',
      errno: -4078,
      code: 'ECONNREFUSED',
      syscall: 'connect',
      address: '::1',
      port: 3000,
      constructor: 'Function<Error>',
      name: 'Error',
      toString: 'Function<toString>'
    },
    {
      stack: 'Error: connect ECONNREFUSED 127.0.0.1:3000\n' +
        '    at createConnectionError (node:net:1675:14)\n' +
        '    at afterConnectMultiple (node:net:1705:16)',
      message: 'connect ECONNREFUSED 127.0.0.1:3000',
      errno: -4078,
      code: 'ECONNREFUSED',
      syscall: 'connect',
      address: '127.0.0.1',
      port: 3000,
      constructor: 'Function<Error>',
      name: 'Error',
      toString: 'Function<toString>'
    }
  ],
  code: 'ECONNREFUSED',
  stackStr: 'AggregateError: \n' +
    '    at internalConnectMultiple (node:net:1139:18)\n' +
    '    at afterConnectMultiple (node:net:1712:7)',
  nameStr: 'AggregateError',
  expected: 'undefined',
  actual: 'undefined',
  message: '',
  constructor: 'Function<AggregateError>',
  name: 'Caused by: AggregateError',
  toString: 'Function<toString>',
  stacks: []
}
[31m[2mÔÄ»ÔÄ»ÔÄ»ÔÄ»ÔÄ»ÔÄ»ÔÄ»ÔÄ»ÔÄ»ÔÄ»ÔÄ»ÔÄ»ÔÄ»ÔÄ»ÔÄ»ÔÄ»ÔÄ»ÔÄ»ÔÄ»ÔÄ»ÔÄ»
ÔÄ»ÔÄ»ÔÄ»ÔÄ»ÔÄ»ÔÄ»ÔÄ»ÔÄ»ÔÄ»[22m[39m
[31m[1mSerialized Error:[22m[39m [90m{ errors: [ { stack: 'Error: c
onnect ECONNREFUSED ::1:3000\n    at createConnectionError (node:net:167
5:14)\n    at afterConnectMultiple (node:net:1705:16)', message: 'connec
t ECONNREFUSED ::1:3000', errno: -4078, code: 'ECONNREFUSED', syscall: '
connect', address: '::1', port: 3000, constructor: 'Function<Error>', na
me: 'Error', toString: 'Function<toString>' }, { stack: 'Error: connect 
ECONNREFUSED 127.0.0.1:3000\n    at createConnectionError (node:net:1675
:14)\n    at afterConnectMultiple (node:net:1705:16)', message: 'connect
 ECONNREFUSED 127.0.0.1:3000', errno: -4078, code: 'ECONNREFUSED', sysca
ll: 'connect', address: '127.0.0.1', port: 3000, constructor: 'Function<
Error>', name: 'Error', toString: 'Function<toString>' } ], code: 'ECONN
REFUSED' }[39m
[31m[2mÔÄ»ÔÄ»ÔÄ»ÔÄ»ÔÄ»ÔÄ»ÔÄ»ÔÄ»ÔÄ»ÔÄ»ÔÄ»ÔÄ»ÔÄ»ÔÄ»ÔÄ»ÔÄ»ÔÄ»ÔÄ»ÔÄ»ÔÄ»ÔÄ»
ÔÄ»[27/79]ÔÄ»[22m[39m

[31m[1m[7m FAIL [27m[22m[39m tests/test-api-schedules.spec.ts[2m 
> [22mAPI: /api/schedules[2m > [22mDELETE /api/schedules/[id][2m > 
[22mshould return 404 for non-existent schedule
[31m[1mTypeError[22m: fetch failed[39m
[36m [2mÔØ»[22m tests/test-api-schedules.spec.ts:[2m326:24[22m[39m
    [90m324| [39m
    [90m325| [39m    [34mit[39m([32m'should return 404 for non-exis
tent schedule'[39m[33m,[39m [35masync[39m () [33m=>[39m {
    [90m326| [39m      [35mconst[39m response [33m=[39m [35mawait
[39m [34mfetch[39m(
    [90m   | [39m                       [31m^[39m
    [90m327| [39m        [32m`[39m[36m${[39m[33mAPI_BASE[39m[36
m}[39m[32m/api/schedules/non-existent-id`[39m[33m,[39m
    [90m328| [39m        {

{
  stack: 'AggregateError: \n' +
    '    at internalConnectMultiple (node:net:1139:18)\n' +
    '    at afterConnectMultiple (node:net:1712:7)',
  errors: [
    {
      stack: 'Error: connect ECONNREFUSED ::1:3000\n' +
        '    at createConnectionError (node:net:1675:14)\n' +
        '    at afterConnectMultiple (node:net:1705:16)',
      message: 'connect ECONNREFUSED ::1:3000',
      errno: -4078,
      code: 'ECONNREFUSED',
      syscall: 'connect',
      address: '::1',
      port: 3000,
      constructor: 'Function<Error>',
      name: 'Error',
      toString: 'Function<toString>'
    },
    {
      stack: 'Error: connect ECONNREFUSED 127.0.0.1:3000\n' +
        '    at createConnectionError (node:net:1675:14)\n' +
        '    at afterConnectMultiple (node:net:1705:16)',
      message: 'connect ECONNREFUSED 127.0.0.1:3000',
      errno: -4078,
      code: 'ECONNREFUSED',
      syscall: 'connect',
      address: '127.0.0.1',
      port: 3000,
      constructor: 'Function<Error>',
      name: 'Error',
      toString: 'Function<toString>'
    }
  ],
  code: 'ECONNREFUSED',
  stackStr: 'AggregateError: \n' +
    '    at internalConnectMultiple (node:net:1139:18)\n' +
    '    at afterConnectMultiple (node:net:1712:7)',
  nameStr: 'AggregateError',
  expected: 'undefined',
  actual: 'undefined',
  message: '',
  constructor: 'Function<AggregateError>',
  name: 'Caused by: AggregateError',
  toString: 'Function<toString>',
  stacks: []
}
[31m[2mÔÄ»ÔÄ»ÔÄ»ÔÄ»ÔÄ»ÔÄ»ÔÄ»ÔÄ»ÔÄ»ÔÄ»ÔÄ»ÔÄ»ÔÄ»ÔÄ»ÔÄ»ÔÄ»ÔÄ»ÔÄ»ÔÄ»ÔÄ»ÔÄ»
ÔÄ»ÔÄ»ÔÄ»ÔÄ»ÔÄ»ÔÄ»ÔÄ»ÔÄ»ÔÄ»[22m[39m
[31m[1mSerialized Error:[22m[39m [90m{ errors: [ { stack: 'Error: c
onnect ECONNREFUSED ::1:3000\n    at createConnectionError (node:net:167
5:14)\n    at afterConnectMultiple (node:net:1705:16)', message: 'connec
t ECONNREFUSED ::1:3000', errno: -4078, code: 'ECONNREFUSED', syscall: '
connect', address: '::1', port: 3000, constructor: 'Function<Error>', na
me: 'Error', toString: 'Function<toString>' }, { stack: 'Error: connect 
ECONNREFUSED 127.0.0.1:3000\n    at createConnectionError (node:net:1675
:14)\n    at afterConnectMultiple (node:net:1705:16)', message: 'connect
 ECONNREFUSED 127.0.0.1:3000', errno: -4078, code: 'ECONNREFUSED', sysca
ll: 'connect', address: '127.0.0.1', port: 3000, constructor: 'Function<
Error>', name: 'Error', toString: 'Function<toString>' } ], code: 'ECONN
REFUSED' }[39m
[31m[2mÔÄ»ÔÄ»ÔÄ»ÔÄ»ÔÄ»ÔÄ»ÔÄ»ÔÄ»ÔÄ»ÔÄ»ÔÄ»ÔÄ»ÔÄ»ÔÄ»ÔÄ»ÔÄ»ÔÄ»ÔÄ»ÔÄ»ÔÄ»ÔÄ»
ÔÄ»[28/79]ÔÄ»[22m[39m

[31m[1m[7m FAIL [27m[22m[39m tests/test-api-shifts-calendar.spec.t
s[2m > [22mAPI: GET /api/shifts[2m > [22mshould return shifts for gi
ven month and membership
[31m[1mTypeError[22m: fetch failed[39m
[36m [2mÔØ»[22m tests/test-api-shifts-calendar.spec.ts:[2m135:22[22
m[39m
    [90m133| [39m
    [90m134| [39m  [34mit[39m([32m'should return shifts for given m
onth and membership'[39m[33m,[39m [35masync[39m () [33m=[39mÔÇª
    [90m135| [39m    [35mconst[39m response [33m=[39m [35mawait[
39m [34mfetch[39m(
    [90m   | [39m                     [31m^[39m
    [90m136| [39m      [32m`[39m[36m${[39m[33mAPI_BASE[39m[36m}
[39m[32m/api/shifts?membershipId=[39m[36m${[39mtestMembershipId[36
m}[39m[32m&month=2[39mÔÇª
    [90m137| [39m    )

{
  stack: 'AggregateError: \n' +
    '    at internalConnectMultiple (node:net:1139:18)\n' +
    '    at afterConnectMultiple (node:net:1712:7)',
  errors: [
    {
      stack: 'Error: connect ECONNREFUSED ::1:3000\n' +
        '    at createConnectionError (node:net:1675:14)\n' +
        '    at afterConnectMultiple (node:net:1705:16)',
      message: 'connect ECONNREFUSED ::1:3000',
      errno: -4078,
      code: 'ECONNREFUSED',
      syscall: 'connect',
      address: '::1',
      port: 3000,
      constructor: 'Function<Error>',
      name: 'Error',
      toString: 'Function<toString>'
    },
    {
      stack: 'Error: connect ECONNREFUSED 127.0.0.1:3000\n' +
        '    at createConnectionError (node:net:1675:14)\n' +
        '    at afterConnectMultiple (node:net:1705:16)',
      message: 'connect ECONNREFUSED 127.0.0.1:3000',
      errno: -4078,
      code: 'ECONNREFUSED',
      syscall: 'connect',
      address: '127.0.0.1',
      port: 3000,
      constructor: 'Function<Error>',
      name: 'Error',
      toString: 'Function<toString>'
    }
  ],
  code: 'ECONNREFUSED',
  stackStr: 'AggregateError: \n' +
    '    at internalConnectMultiple (node:net:1139:18)\n' +
    '    at afterConnectMultiple (node:net:1712:7)',
  nameStr: 'AggregateError',
  expected: 'undefined',
  actual: 'undefined',
  message: '',
  constructor: 'Function<AggregateError>',
  name: 'Caused by: AggregateError',
  toString: 'Function<toString>',
  stacks: []
}
[31m[2mÔÄ»ÔÄ»ÔÄ»ÔÄ»ÔÄ»ÔÄ»ÔÄ»ÔÄ»ÔÄ»ÔÄ»ÔÄ»ÔÄ»ÔÄ»ÔÄ»ÔÄ»ÔÄ»ÔÄ»ÔÄ»ÔÄ»ÔÄ»ÔÄ»
ÔÄ»ÔÄ»ÔÄ»ÔÄ»ÔÄ»ÔÄ»ÔÄ»ÔÄ»ÔÄ»[22m[39m
[31m[1mSerialized Error:[22m[39m [90m{ errors: [ { stack: 'Error: c
onnect ECONNREFUSED ::1:3000\n    at createConnectionError (node:net:167
5:14)\n    at afterConnectMultiple (node:net:1705:16)', message: 'connec
t ECONNREFUSED ::1:3000', errno: -4078, code: 'ECONNREFUSED', syscall: '
connect', address: '::1', port: 3000, constructor: 'Function<Error>', na
me: 'Error', toString: 'Function<toString>' }, { stack: 'Error: connect 
ECONNREFUSED 127.0.0.1:3000\n    at createConnectionError (node:net:1675
:14)\n    at afterConnectMultiple (node:net:1705:16)', message: 'connect
 ECONNREFUSED 127.0.0.1:3000', errno: -4078, code: 'ECONNREFUSED', sysca
ll: 'connect', address: '127.0.0.1', port: 3000, constructor: 'Function<
Error>', name: 'Error', toString: 'Function<toString>' } ], code: 'ECONN
REFUSED' }[39m
[31m[2mÔÄ»ÔÄ»ÔÄ»ÔÄ»ÔÄ»ÔÄ»ÔÄ»ÔÄ»ÔÄ»ÔÄ»ÔÄ»ÔÄ»ÔÄ»ÔÄ»ÔÄ»ÔÄ»ÔÄ»ÔÄ»ÔÄ»ÔÄ»ÔÄ»
ÔÄ»[29/79]ÔÄ»[22m[39m

[31m[1m[7m FAIL [27m[22m[39m tests/test-api-shifts-calendar.spec.t
s[2m > [22mAPI: GET /api/shifts[2m > [22mshould format shift times c
orrectly
[31m[1mTypeError[22m: fetch failed[39m
[36m [2mÔØ»[22m tests/test-api-shifts-calendar.spec.ts:[2m155:22[22
m[39m
    [90m153| [39m
    [90m154| [39m  [34mit[39m([32m'should format shift times correc
tly'[39m[33m,[39m [35masync[39m () [33m=>[39m {
    [90m155| [39m    [35mconst[39m response [33m=[39m [35mawait[
39m [34mfetch[39m(
    [90m   | [39m                     [31m^[39m
    [90m156| [39m      [32m`[39m[36m${[39m[33mAPI_BASE[39m[36m}
[39m[32m/api/shifts?membershipId=[39m[36m${[39mtestMembershipId[36
m}[39m[32m&month=2[39mÔÇª
    [90m157| [39m    )

{
  stack: 'AggregateError: \n' +
    '    at internalConnectMultiple (node:net:1139:18)\n' +
    '    at afterConnectMultiple (node:net:1712:7)',
  errors: [
    {
      stack: 'Error: connect ECONNREFUSED ::1:3000\n' +
        '    at createConnectionError (node:net:1675:14)\n' +
        '    at afterConnectMultiple (node:net:1705:16)',
      message: 'connect ECONNREFUSED ::1:3000',
      errno: -4078,
      code: 'ECONNREFUSED',
      syscall: 'connect',
      address: '::1',
      port: 3000,
      constructor: 'Function<Error>',
      name: 'Error',
      toString: 'Function<toString>'
    },
    {
      stack: 'Error: connect ECONNREFUSED 127.0.0.1:3000\n' +
        '    at createConnectionError (node:net:1675:14)\n' +
        '    at afterConnectMultiple (node:net:1705:16)',
      message: 'connect ECONNREFUSED 127.0.0.1:3000',
      errno: -4078,
      code: 'ECONNREFUSED',
      syscall: 'connect',
      address: '127.0.0.1',
      port: 3000,
      constructor: 'Function<Error>',
      name: 'Error',
      toString: 'Function<toString>'
    }
  ],
  code: 'ECONNREFUSED',
  stackStr: 'AggregateError: \n' +
    '    at internalConnectMultiple (node:net:1139:18)\n' +
    '    at afterConnectMultiple (node:net:1712:7)',
  nameStr: 'AggregateError',
  expected: 'undefined',
  actual: 'undefined',
  message: '',
  constructor: 'Function<AggregateError>',
  name: 'Caused by: AggregateError',
  toString: 'Function<toString>',
  stacks: []
}
[31m[2mÔÄ»ÔÄ»ÔÄ»ÔÄ»ÔÄ»ÔÄ»ÔÄ»ÔÄ»ÔÄ»ÔÄ»ÔÄ»ÔÄ»ÔÄ»ÔÄ»ÔÄ»ÔÄ»ÔÄ»ÔÄ»ÔÄ»ÔÄ»ÔÄ»
ÔÄ»ÔÄ»ÔÄ»ÔÄ»ÔÄ»ÔÄ»ÔÄ»ÔÄ»ÔÄ»[22m[39m
[31m[1mSerialized Error:[22m[39m [90m{ errors: [ { stack: 'Error: c
onnect ECONNREFUSED ::1:3000\n    at createConnectionError (node:net:167
5:14)\n    at afterConnectMultiple (node:net:1705:16)', message: 'connec
t ECONNREFUSED ::1:3000', errno: -4078, code: 'ECONNREFUSED', syscall: '
connect', address: '::1', port: 3000, constructor: 'Function<Error>', na
me: 'Error', toString: 'Function<toString>' }, { stack: 'Error: connect 
ECONNREFUSED 127.0.0.1:3000\n    at createConnectionError (node:net:1675
:14)\n    at afterConnectMultiple (node:net:1705:16)', message: 'connect
 ECONNREFUSED 127.0.0.1:3000', errno: -4078, code: 'ECONNREFUSED', sysca
ll: 'connect', address: '127.0.0.1', port: 3000, constructor: 'Function<
Error>', name: 'Error', toString: 'Function<toString>' } ], code: 'ECONN
REFUSED' }[39m
[31m[2mÔÄ»ÔÄ»ÔÄ»ÔÄ»ÔÄ»ÔÄ»ÔÄ»ÔÄ»ÔÄ»ÔÄ»ÔÄ»ÔÄ»ÔÄ»ÔÄ»ÔÄ»ÔÄ»ÔÄ»ÔÄ»ÔÄ»ÔÄ»ÔÄ»
ÔÄ»[30/79]ÔÄ»[22m[39m

[31m[1m[7m FAIL [27m[22m[39m tests/test-api-shifts-calendar.spec.t
s[2m > [22mAPI: GET /api/shifts[2m > [22mshould calculate planned ho
urs correctly
[31m[1mTypeError[22m: fetch failed[39m
[36m [2mÔØ»[22m tests/test-api-shifts-calendar.spec.ts:[2m178:22[22
m[39m
    [90m176| [39m
    [90m177| [39m  [34mit[39m([32m'should calculate planned hours c
orrectly'[39m[33m,[39m [35masync[39m () [33m=>[39m {
    [90m178| [39m    [35mconst[39m response [33m=[39m [35mawait[
39m [34mfetch[39m(
    [90m   | [39m                     [31m^[39m
    [90m179| [39m      [32m`[39m[36m${[39m[33mAPI_BASE[39m[36m}
[39m[32m/api/shifts?membershipId=[39m[36m${[39mtestMembershipId[36
m}[39m[32m&month=2[39mÔÇª
    [90m180| [39m    )

{
  stack: 'AggregateError: \n' +
    '    at internalConnectMultiple (node:net:1139:18)\n' +
    '    at afterConnectMultiple (node:net:1712:7)',
  errors: [
    {
      stack: 'Error: connect ECONNREFUSED ::1:3000\n' +
        '    at createConnectionError (node:net:1675:14)\n' +
        '    at afterConnectMultiple (node:net:1705:16)',
      message: 'connect ECONNREFUSED ::1:3000',
      errno: -4078,
      code: 'ECONNREFUSED',
      syscall: 'connect',
      address: '::1',
      port: 3000,
      constructor: 'Function<Error>',
      name: 'Error',
      toString: 'Function<toString>'
    },
    {
      stack: 'Error: connect ECONNREFUSED 127.0.0.1:3000\n' +
        '    at createConnectionError (node:net:1675:14)\n' +
        '    at afterConnectMultiple (node:net:1705:16)',
      message: 'connect ECONNREFUSED 127.0.0.1:3000',
      errno: -4078,
      code: 'ECONNREFUSED',
      syscall: 'connect',
      address: '127.0.0.1',
      port: 3000,
      constructor: 'Function<Error>',
      name: 'Error',
      toString: 'Function<toString>'
    }
  ],
  code: 'ECONNREFUSED',
  stackStr: 'AggregateError: \n' +
    '    at internalConnectMultiple (node:net:1139:18)\n' +
    '    at afterConnectMultiple (node:net:1712:7)',
  nameStr: 'AggregateError',
  expected: 'undefined',
  actual: 'undefined',
  message: '',
  constructor: 'Function<AggregateError>',
  name: 'Caused by: AggregateError',
  toString: 'Function<toString>',
  stacks: []
}
[31m[2mÔÄ»ÔÄ»ÔÄ»ÔÄ»ÔÄ»ÔÄ»ÔÄ»ÔÄ»ÔÄ»ÔÄ»ÔÄ»ÔÄ»ÔÄ»ÔÄ»ÔÄ»ÔÄ»ÔÄ»ÔÄ»ÔÄ»ÔÄ»ÔÄ»
ÔÄ»ÔÄ»ÔÄ»ÔÄ»ÔÄ»ÔÄ»ÔÄ»ÔÄ»ÔÄ»[22m[39m
[31m[1mSerialized Error:[22m[39m [90m{ errors: [ { stack: 'Error: c
onnect ECONNREFUSED ::1:3000\n    at createConnectionError (node:net:167
5:14)\n    at afterConnectMultiple (node:net:1705:16)', message: 'connec
t ECONNREFUSED ::1:3000', errno: -4078, code: 'ECONNREFUSED', syscall: '
connect', address: '::1', port: 3000, constructor: 'Function<Error>', na
me: 'Error', toString: 'Function<toString>' }, { stack: 'Error: connect 
ECONNREFUSED 127.0.0.1:3000\n    at createConnectionError (node:net:1675
:14)\n    at afterConnectMultiple (node:net:1705:16)', message: 'connect
 ECONNREFUSED 127.0.0.1:3000', errno: -4078, code: 'ECONNREFUSED', sysca
ll: 'connect', address: '127.0.0.1', port: 3000, constructor: 'Function<
Error>', name: 'Error', toString: 'Function<toString>' } ], code: 'ECONN
REFUSED' }[39m
[31m[2mÔÄ»ÔÄ»ÔÄ»ÔÄ»ÔÄ»ÔÄ»ÔÄ»ÔÄ»ÔÄ»ÔÄ»ÔÄ»ÔÄ»ÔÄ»ÔÄ»ÔÄ»ÔÄ»ÔÄ»ÔÄ»ÔÄ»ÔÄ»ÔÄ»
ÔÄ»[31/79]ÔÄ»[22m[39m

[31m[1m[7m FAIL [27m[22m[39m tests/test-api-shifts-calendar.spec.t
s[2m > [22mAPI: GET /api/shifts[2m > [22mshould filter by status
[31m[1mTypeError[22m: fetch failed[39m
[36m [2mÔØ»[22m tests/test-api-shifts-calendar.spec.ts:[2m190:22[22
m[39m
    [90m188| [39m
    [90m189| [39m  [34mit[39m([32m'should filter by status'[39m[3
3m,[39m [35masync[39m () [33m=>[39m {
    [90m190| [39m    [35mconst[39m response [33m=[39m [35mawait[
39m [34mfetch[39m(
    [90m   | [39m                     [31m^[39m
    [90m191| [39m      [32m`[39m[36m${[39m[33mAPI_BASE[39m[36m}
[39m[32m/api/shifts?membershipId=[39m[36m${[39mtestMembershipId[36
m}[39m[32m&month=2[39mÔÇª
    [90m192| [39m    )

{
  stack: 'AggregateError: \n' +
    '    at internalConnectMultiple (node:net:1139:18)\n' +
    '    at afterConnectMultiple (node:net:1712:7)',
  errors: [
    {
      stack: 'Error: connect ECONNREFUSED ::1:3000\n' +
        '    at createConnectionError (node:net:1675:14)\n' +
        '    at afterConnectMultiple (node:net:1705:16)',
      message: 'connect ECONNREFUSED ::1:3000',
      errno: -4078,
      code: 'ECONNREFUSED',
      syscall: 'connect',
      address: '::1',
      port: 3000,
      constructor: 'Function<Error>',
      name: 'Error',
      toString: 'Function<toString>'
    },
    {
      stack: 'Error: connect ECONNREFUSED 127.0.0.1:3000\n' +
        '    at createConnectionError (node:net:1675:14)\n' +
        '    at afterConnectMultiple (node:net:1705:16)',
      message: 'connect ECONNREFUSED 127.0.0.1:3000',
      errno: -4078,
      code: 'ECONNREFUSED',
      syscall: 'connect',
      address: '127.0.0.1',
      port: 3000,
      constructor: 'Function<Error>',
      name: 'Error',
      toString: 'Function<toString>'
    }
  ],
  code: 'ECONNREFUSED',
  stackStr: 'AggregateError: \n' +
    '    at internalConnectMultiple (node:net:1139:18)\n' +
    '    at afterConnectMultiple (node:net:1712:7)',
  nameStr: 'AggregateError',
  expected: 'undefined',
  actual: 'undefined',
  message: '',
  constructor: 'Function<AggregateError>',
  name: 'Caused by: AggregateError',
  toString: 'Function<toString>',
  stacks: []
}
[31m[2mÔÄ»ÔÄ»ÔÄ»ÔÄ»ÔÄ»ÔÄ»ÔÄ»ÔÄ»ÔÄ»ÔÄ»ÔÄ»ÔÄ»ÔÄ»ÔÄ»ÔÄ»ÔÄ»ÔÄ»ÔÄ»ÔÄ»ÔÄ»ÔÄ»
ÔÄ»ÔÄ»ÔÄ»ÔÄ»ÔÄ»ÔÄ»ÔÄ»ÔÄ»ÔÄ»[22m[39m
[31m[1mSerialized Error:[22m[39m [90m{ errors: [ { stack: 'Error: c
onnect ECONNREFUSED ::1:3000\n    at createConnectionError (node:net:167
5:14)\n    at afterConnectMultiple (node:net:1705:16)', message: 'connec
t ECONNREFUSED ::1:3000', errno: -4078, code: 'ECONNREFUSED', syscall: '
connect', address: '::1', port: 3000, constructor: 'Function<Error>', na
me: 'Error', toString: 'Function<toString>' }, { stack: 'Error: connect 
ECONNREFUSED 127.0.0.1:3000\n    at createConnectionError (node:net:1675
:14)\n    at afterConnectMultiple (node:net:1705:16)', message: 'connect
 ECONNREFUSED 127.0.0.1:3000', errno: -4078, code: 'ECONNREFUSED', sysca
ll: 'connect', address: '127.0.0.1', port: 3000, constructor: 'Function<
Error>', name: 'Error', toString: 'Function<toString>' } ], code: 'ECONN
REFUSED' }[39m
[31m[2mÔÄ»ÔÄ»ÔÄ»ÔÄ»ÔÄ»ÔÄ»ÔÄ»ÔÄ»ÔÄ»ÔÄ»ÔÄ»ÔÄ»ÔÄ»ÔÄ»ÔÄ»ÔÄ»ÔÄ»ÔÄ»ÔÄ»ÔÄ»ÔÄ»
ÔÄ»[32/79]ÔÄ»[22m[39m

[31m[1m[7m FAIL [27m[22m[39m tests/test-api-shifts-calendar.spec.t
s[2m > [22mAPI: GET /api/shifts[2m > [22mshould return empty array f
or month with no shifts
[31m[1mTypeError[22m: fetch failed[39m
[36m [2mÔØ»[22m tests/test-api-shifts-calendar.spec.ts:[2m205:22[22
m[39m
    [90m203| [39m
    [90m204| [39m  [34mit[39m([32m'should return empty array for mo
nth with no shifts'[39m[33m,[39m [35masync[39m () [33m=>[39mÔÇª
    [90m205| [39m    [35mconst[39m response [33m=[39m [35mawait[
39m [34mfetch[39m(
    [90m   | [39m                     [31m^[39m
    [90m206| [39m      [32m`[39m[36m${[39m[33mAPI_BASE[39m[36m}
[39m[32m/api/shifts?membershipId=[39m[36m${[39mtestMembershipId[36
m}[39m[32m&month=2[39mÔÇª
    [90m207| [39m    )

{
  stack: 'AggregateError: \n' +
    '    at internalConnectMultiple (node:net:1139:18)\n' +
    '    at afterConnectMultiple (node:net:1712:7)',
  errors: [
    {
      stack: 'Error: connect ECONNREFUSED ::1:3000\n' +
        '    at createConnectionError (node:net:1675:14)\n' +
        '    at afterConnectMultiple (node:net:1705:16)',
      message: 'connect ECONNREFUSED ::1:3000',
      errno: -4078,
      code: 'ECONNREFUSED',
      syscall: 'connect',
      address: '::1',
      port: 3000,
      constructor: 'Function<Error>',
      name: 'Error',
      toString: 'Function<toString>'
    },
    {
      stack: 'Error: connect ECONNREFUSED 127.0.0.1:3000\n' +
        '    at createConnectionError (node:net:1675:14)\n' +
        '    at afterConnectMultiple (node:net:1705:16)',
      message: 'connect ECONNREFUSED 127.0.0.1:3000',
      errno: -4078,
      code: 'ECONNREFUSED',
      syscall: 'connect',
      address: '127.0.0.1',
      port: 3000,
      constructor: 'Function<Error>',
      name: 'Error',
      toString: 'Function<toString>'
    }
  ],
  code: 'ECONNREFUSED',
  stackStr: 'AggregateError: \n' +
    '    at internalConnectMultiple (node:net:1139:18)\n' +
    '    at afterConnectMultiple (node:net:1712:7)',
  nameStr: 'AggregateError',
  expected: 'undefined',
  actual: 'undefined',
  message: '',
  constructor: 'Function<AggregateError>',
  name: 'Caused by: AggregateError',
  toString: 'Function<toString>',
  stacks: []
}
[31m[2mÔÄ»ÔÄ»ÔÄ»ÔÄ»ÔÄ»ÔÄ»ÔÄ»ÔÄ»ÔÄ»ÔÄ»ÔÄ»ÔÄ»ÔÄ»ÔÄ»ÔÄ»ÔÄ»ÔÄ»ÔÄ»ÔÄ»ÔÄ»ÔÄ»
ÔÄ»ÔÄ»ÔÄ»ÔÄ»ÔÄ»ÔÄ»ÔÄ»ÔÄ»ÔÄ»[22m[39m
[31m[1mSerialized Error:[22m[39m [90m{ errors: [ { stack: 'Error: c
onnect ECONNREFUSED ::1:3000\n    at createConnectionError (node:net:167
5:14)\n    at afterConnectMultiple (node:net:1705:16)', message: 'connec
t ECONNREFUSED ::1:3000', errno: -4078, code: 'ECONNREFUSED', syscall: '
connect', address: '::1', port: 3000, constructor: 'Function<Error>', na
me: 'Error', toString: 'Function<toString>' }, { stack: 'Error: connect 
ECONNREFUSED 127.0.0.1:3000\n    at createConnectionError (node:net:1675
:14)\n    at afterConnectMultiple (node:net:1705:16)', message: 'connect
 ECONNREFUSED 127.0.0.1:3000', errno: -4078, code: 'ECONNREFUSED', sysca
ll: 'connect', address: '127.0.0.1', port: 3000, constructor: 'Function<
Error>', name: 'Error', toString: 'Function<toString>' } ], code: 'ECONN
REFUSED' }[39m
[31m[2mÔÄ»ÔÄ»ÔÄ»ÔÄ»ÔÄ»ÔÄ»ÔÄ»ÔÄ»ÔÄ»ÔÄ»ÔÄ»ÔÄ»ÔÄ»ÔÄ»ÔÄ»ÔÄ»ÔÄ»ÔÄ»ÔÄ»ÔÄ»ÔÄ»
ÔÄ»[33/79]ÔÄ»[22m[39m

[31m[1m[7m FAIL [27m[22m[39m tests/test-api-shifts-calendar.spec.t
s[2m > [22mAPI: GET /api/shifts[2m > [22mshould default to current m
onth if month not provided
[31m[1mTypeError[22m: fetch failed[39m
[36m [2mÔØ»[22m tests/test-api-shifts-calendar.spec.ts:[2m221:22[22
m[39m
    [90m219| [39m
    [90m220| [39m  [34mit[39m([32m'should default to current month 
if month not provided'[39m[33m,[39m [35masync[39m ()ÔÇª
    [90m221| [39m    [35mconst[39m response [33m=[39m [35mawait[
39m [34mfetch[39m(
    [90m   | [39m                     [31m^[39m
    [90m222| [39m      [32m`[39m[36m${[39m[33mAPI_BASE[39m[36m}
[39m[32m/api/shifts?membershipId=[39m[36m${[39mtestMembershipId[36
m}[39m[32m`[39m
    [90m223| [39m    )

{
  stack: 'AggregateError: \n' +
    '    at internalConnectMultiple (node:net:1139:18)\n' +
    '    at afterConnectMultiple (node:net:1712:7)',
  errors: [
    {
      stack: 'Error: connect ECONNREFUSED ::1:3000\n' +
        '    at createConnectionError (node:net:1675:14)\n' +
        '    at afterConnectMultiple (node:net:1705:16)',
      message: 'connect ECONNREFUSED ::1:3000',
      errno: -4078,
      code: 'ECONNREFUSED',
      syscall: 'connect',
      address: '::1',
      port: 3000,
      constructor: 'Function<Error>',
      name: 'Error',
      toString: 'Function<toString>'
    },
    {
      stack: 'Error: connect ECONNREFUSED 127.0.0.1:3000\n' +
        '    at createConnectionError (node:net:1675:14)\n' +
        '    at afterConnectMultiple (node:net:1705:16)',
      message: 'connect ECONNREFUSED 127.0.0.1:3000',
      errno: -4078,
      code: 'ECONNREFUSED',
      syscall: 'connect',
      address: '127.0.0.1',
      port: 3000,
      constructor: 'Function<Error>',
      name: 'Error',
      toString: 'Function<toString>'
    }
  ],
  code: 'ECONNREFUSED',
  stackStr: 'AggregateError: \n' +
    '    at internalConnectMultiple (node:net:1139:18)\n' +
    '    at afterConnectMultiple (node:net:1712:7)',
  nameStr: 'AggregateError',
  expected: 'undefined',
  actual: 'undefined',
  message: '',
  constructor: 'Function<AggregateError>',
  name: 'Caused by: AggregateError',
  toString: 'Function<toString>',
  stacks: []
}
[31m[2mÔÄ»ÔÄ»ÔÄ»ÔÄ»ÔÄ»ÔÄ»ÔÄ»ÔÄ»ÔÄ»ÔÄ»ÔÄ»ÔÄ»ÔÄ»ÔÄ»ÔÄ»ÔÄ»ÔÄ»ÔÄ»ÔÄ»ÔÄ»ÔÄ»
ÔÄ»ÔÄ»ÔÄ»ÔÄ»ÔÄ»ÔÄ»ÔÄ»ÔÄ»ÔÄ»[22m[39m
[31m[1mSerialized Error:[22m[39m [90m{ errors: [ { stack: 'Error: c
onnect ECONNREFUSED ::1:3000\n    at createConnectionError (node:net:167
5:14)\n    at afterConnectMultiple (node:net:1705:16)', message: 'connec
t ECONNREFUSED ::1:3000', errno: -4078, code: 'ECONNREFUSED', syscall: '
connect', address: '::1', port: 3000, constructor: 'Function<Error>', na
me: 'Error', toString: 'Function<toString>' }, { stack: 'Error: connect 
ECONNREFUSED 127.0.0.1:3000\n    at createConnectionError (node:net:1675
:14)\n    at afterConnectMultiple (node:net:1705:16)', message: 'connect
 ECONNREFUSED 127.0.0.1:3000', errno: -4078, code: 'ECONNREFUSED', sysca
ll: 'connect', address: '127.0.0.1', port: 3000, constructor: 'Function<
Error>', name: 'Error', toString: 'Function<toString>' } ], code: 'ECONN
REFUSED' }[39m
[31m[2mÔÄ»ÔÄ»ÔÄ»ÔÄ»ÔÄ»ÔÄ»ÔÄ»ÔÄ»ÔÄ»ÔÄ»ÔÄ»ÔÄ»ÔÄ»ÔÄ»ÔÄ»ÔÄ»ÔÄ»ÔÄ»ÔÄ»ÔÄ»ÔÄ»
ÔÄ»[34/79]ÔÄ»[22m[39m

[31m[1m[7m FAIL [27m[22m[39m tests/test-api-shifts-calendar.spec.t
s[2m > [22mAPI: GET /api/shifts[2m > [22mshould require membershipId
[31m[1mTypeError[22m: fetch failed[39m
[36m [2mÔØ»[22m tests/test-api-shifts-calendar.spec.ts:[2m233:22[22
m[39m
    [90m231| [39m
    [90m232| [39m  [34mit[39m([32m'should require membershipId'[39
m[33m,[39m [35masync[39m () [33m=>[39m {
    [90m233| [39m    [35mconst[39m response [33m=[39m [35mawait[
39m [34mfetch[39m([32m`[39m[36m${[39m[33mAPI_BASE[39m[36m}[39m
[32m/api/shifts?month=2025-11[39mÔÇª
    [90m   | [39m                     [31m^[39m
    [90m234| [39m
    [90m235| [39m    [34mexpect[39m(response[33m.[39mstatus)[33m.
[39m[34mtoBe[39m([34m400[39m)

{
  stack: 'AggregateError: \n' +
    '    at internalConnectMultiple (node:net:1139:18)\n' +
    '    at afterConnectMultiple (node:net:1712:7)',
  errors: [
    {
      stack: 'Error: connect ECONNREFUSED ::1:3000\n' +
        '    at createConnectionError (node:net:1675:14)\n' +
        '    at afterConnectMultiple (node:net:1705:16)',
      message: 'connect ECONNREFUSED ::1:3000',
      errno: -4078,
      code: 'ECONNREFUSED',
      syscall: 'connect',
      address: '::1',
      port: 3000,
      constructor: 'Function<Error>',
      name: 'Error',
      toString: 'Function<toString>'
    },
    {
      stack: 'Error: connect ECONNREFUSED 127.0.0.1:3000\n' +
        '    at createConnectionError (node:net:1675:14)\n' +
        '    at afterConnectMultiple (node:net:1705:16)',
      message: 'connect ECONNREFUSED 127.0.0.1:3000',
      errno: -4078,
      code: 'ECONNREFUSED',
      syscall: 'connect',
      address: '127.0.0.1',
      port: 3000,
      constructor: 'Function<Error>',
      name: 'Error',
      toString: 'Function<toString>'
    }
  ],
  code: 'ECONNREFUSED',
  stackStr: 'AggregateError: \n' +
    '    at internalConnectMultiple (node:net:1139:18)\n' +
    '    at afterConnectMultiple (node:net:1712:7)',
  nameStr: 'AggregateError',
  expected: 'undefined',
  actual: 'undefined',
  message: '',
  constructor: 'Function<AggregateError>',
  name: 'Caused by: AggregateError',
  toString: 'Function<toString>',
  stacks: []
}
[31m[2mÔÄ»ÔÄ»ÔÄ»ÔÄ»ÔÄ»ÔÄ»ÔÄ»ÔÄ»ÔÄ»ÔÄ»ÔÄ»ÔÄ»ÔÄ»ÔÄ»ÔÄ»ÔÄ»ÔÄ»ÔÄ»ÔÄ»ÔÄ»ÔÄ»
ÔÄ»ÔÄ»ÔÄ»ÔÄ»ÔÄ»ÔÄ»ÔÄ»ÔÄ»ÔÄ»[22m[39m
[31m[1mSerialized Error:[22m[39m [90m{ errors: [ { stack: 'Error: c
onnect ECONNREFUSED ::1:3000\n    at createConnectionError (node:net:167
5:14)\n    at afterConnectMultiple (node:net:1705:16)', message: 'connec
t ECONNREFUSED ::1:3000', errno: -4078, code: 'ECONNREFUSED', syscall: '
connect', address: '::1', port: 3000, constructor: 'Function<Error>', na
me: 'Error', toString: 'Function<toString>' }, { stack: 'Error: connect 
ECONNREFUSED 127.0.0.1:3000\n    at createConnectionError (node:net:1675
:14)\n    at afterConnectMultiple (node:net:1705:16)', message: 'connect
 ECONNREFUSED 127.0.0.1:3000', errno: -4078, code: 'ECONNREFUSED', sysca
ll: 'connect', address: '127.0.0.1', port: 3000, constructor: 'Function<
Error>', name: 'Error', toString: 'Function<toString>' } ], code: 'ECONN
REFUSED' }[39m
[31m[2mÔÄ»ÔÄ»ÔÄ»ÔÄ»ÔÄ»ÔÄ»ÔÄ»ÔÄ»ÔÄ»ÔÄ»ÔÄ»ÔÄ»ÔÄ»ÔÄ»ÔÄ»ÔÄ»ÔÄ»ÔÄ»ÔÄ»ÔÄ»ÔÄ»
ÔÄ»[35/79]ÔÄ»[22m[39m

[31m[1m[7m FAIL [27m[22m[39m tests/test-api-shifts-calendar.spec.t
s[2m > [22mAPI: GET /api/shifts[2m > [22mshould validate membershipI
d existence
[31m[1mTypeError[22m: fetch failed[39m
[36m [2mÔØ»[22m tests/test-api-shifts-calendar.spec.ts:[2m241:22[22
m[39m
    [90m239| [39m
    [90m240| [39m  [34mit[39m([32m'should validate membershipId exi
stence'[39m[33m,[39m [35masync[39m () [33m=>[39m {
    [90m241| [39m    [35mconst[39m response [33m=[39m [35mawait[
39m [34mfetch[39m(
    [90m   | [39m                     [31m^[39m
    [90m242| [39m      [32m`[39m[36m${[39m[33mAPI_BASE[39m[36m}
[39m[32m/api/shifts?membershipId=non-existent-id&month=2025-[39mÔÇª
    [90m243| [39m    )

{
  stack: 'AggregateError: \n' +
    '    at internalConnectMultiple (node:net:1139:18)\n' +
    '    at afterConnectMultiple (node:net:1712:7)',
  errors: [
    {
      stack: 'Error: connect ECONNREFUSED ::1:3000\n' +
        '    at createConnectionError (node:net:1675:14)\n' +
        '    at afterConnectMultiple (node:net:1705:16)',
      message: 'connect ECONNREFUSED ::1:3000',
      errno: -4078,
      code: 'ECONNREFUSED',
      syscall: 'connect',
      address: '::1',
      port: 3000,
      constructor: 'Function<Error>',
      name: 'Error',
      toString: 'Function<toString>'
    },
    {
      stack: 'Error: connect ECONNREFUSED 127.0.0.1:3000\n' +
        '    at createConnectionError (node:net:1675:14)\n' +
        '    at afterConnectMultiple (node:net:1705:16)',
      message: 'connect ECONNREFUSED 127.0.0.1:3000',
      errno: -4078,
      code: 'ECONNREFUSED',
      syscall: 'connect',
      address: '127.0.0.1',
      port: 3000,
      constructor: 'Function<Error>',
      name: 'Error',
      toString: 'Function<toString>'
    }
  ],
  code: 'ECONNREFUSED',
  stackStr: 'AggregateError: \n' +
    '    at internalConnectMultiple (node:net:1139:18)\n' +
    '    at afterConnectMultiple (node:net:1712:7)',
  nameStr: 'AggregateError',
  expected: 'undefined',
  actual: 'undefined',
  message: '',
  constructor: 'Function<AggregateError>',
  name: 'Caused by: AggregateError',
  toString: 'Function<toString>',
  stacks: []
}
[31m[2mÔÄ»ÔÄ»ÔÄ»ÔÄ»ÔÄ»ÔÄ»ÔÄ»ÔÄ»ÔÄ»ÔÄ»ÔÄ»ÔÄ»ÔÄ»ÔÄ»ÔÄ»ÔÄ»ÔÄ»ÔÄ»ÔÄ»ÔÄ»ÔÄ»
ÔÄ»ÔÄ»ÔÄ»ÔÄ»ÔÄ»ÔÄ»ÔÄ»ÔÄ»ÔÄ»[22m[39m
[31m[1mSerialized Error:[22m[39m [90m{ errors: [ { stack: 'Error: c
onnect ECONNREFUSED ::1:3000\n    at createConnectionError (node:net:167
5:14)\n    at afterConnectMultiple (node:net:1705:16)', message: 'connec
t ECONNREFUSED ::1:3000', errno: -4078, code: 'ECONNREFUSED', syscall: '
connect', address: '::1', port: 3000, constructor: 'Function<Error>', na
me: 'Error', toString: 'Function<toString>' }, { stack: 'Error: connect 
ECONNREFUSED 127.0.0.1:3000\n    at createConnectionError (node:net:1675
:14)\n    at afterConnectMultiple (node:net:1705:16)', message: 'connect
 ECONNREFUSED 127.0.0.1:3000', errno: -4078, code: 'ECONNREFUSED', sysca
ll: 'connect', address: '127.0.0.1', port: 3000, constructor: 'Function<
Error>', name: 'Error', toString: 'Function<toString>' } ], code: 'ECONN
REFUSED' }[39m
[31m[2mÔÄ»ÔÄ»ÔÄ»ÔÄ»ÔÄ»ÔÄ»ÔÄ»ÔÄ»ÔÄ»ÔÄ»ÔÄ»ÔÄ»ÔÄ»ÔÄ»ÔÄ»ÔÄ»ÔÄ»ÔÄ»ÔÄ»ÔÄ»ÔÄ»
ÔÄ»[36/79]ÔÄ»[22m[39m

[31m[1m[7m FAIL [27m[22m[39m tests/test-api-shifts-calendar.spec.t
s[2m > [22mAPI: GET /api/shifts[2m > [22mshould include role informa
tion in shifts
[31m[1mTypeError[22m: fetch failed[39m
[36m [2mÔØ»[22m tests/test-api-shifts-calendar.spec.ts:[2m251:22[22
m[39m
    [90m249| [39m
    [90m250| [39m  [34mit[39m([32m'should include role information 
in shifts'[39m[33m,[39m [35masync[39m () [33m=>[39m {
    [90m251| [39m    [35mconst[39m response [33m=[39m [35mawait[
39m [34mfetch[39m(
    [90m   | [39m                     [31m^[39m
    [90m252| [39m      [32m`[39m[36m${[39m[33mAPI_BASE[39m[36m}
[39m[32m/api/shifts?membershipId=[39m[36m${[39mtestMembershipId[36
m}[39m[32m&month=2[39mÔÇª
    [90m253| [39m    )

{
  stack: 'AggregateError: \n' +
    '    at internalConnectMultiple (node:net:1139:18)\n' +
    '    at afterConnectMultiple (node:net:1712:7)',
  errors: [
    {
      stack: 'Error: connect ECONNREFUSED ::1:3000\n' +
        '    at createConnectionError (node:net:1675:14)\n' +
        '    at afterConnectMultiple (node:net:1705:16)',
      message: 'connect ECONNREFUSED ::1:3000',
      errno: -4078,
      code: 'ECONNREFUSED',
      syscall: 'connect',
      address: '::1',
      port: 3000,
      constructor: 'Function<Error>',
      name: 'Error',
      toString: 'Function<toString>'
    },
    {
      stack: 'Error: connect ECONNREFUSED 127.0.0.1:3000\n' +
        '    at createConnectionError (node:net:1675:14)\n' +
        '    at afterConnectMultiple (node:net:1705:16)',
      message: 'connect ECONNREFUSED 127.0.0.1:3000',
      errno: -4078,
      code: 'ECONNREFUSED',
      syscall: 'connect',
      address: '127.0.0.1',
      port: 3000,
      constructor: 'Function<Error>',
      name: 'Error',
      toString: 'Function<toString>'
    }
  ],
  code: 'ECONNREFUSED',
  stackStr: 'AggregateError: \n' +
    '    at internalConnectMultiple (node:net:1139:18)\n' +
    '    at afterConnectMultiple (node:net:1712:7)',
  nameStr: 'AggregateError',
  expected: 'undefined',
  actual: 'undefined',
  message: '',
  constructor: 'Function<AggregateError>',
  name: 'Caused by: AggregateError',
  toString: 'Function<toString>',
  stacks: []
}
[31m[2mÔÄ»ÔÄ»ÔÄ»ÔÄ»ÔÄ»ÔÄ»ÔÄ»ÔÄ»ÔÄ»ÔÄ»ÔÄ»ÔÄ»ÔÄ»ÔÄ»ÔÄ»ÔÄ»ÔÄ»ÔÄ»ÔÄ»ÔÄ»ÔÄ»
ÔÄ»ÔÄ»ÔÄ»ÔÄ»ÔÄ»ÔÄ»ÔÄ»ÔÄ»ÔÄ»[22m[39m
[31m[1mSerialized Error:[22m[39m [90m{ errors: [ { stack: 'Error: c
onnect ECONNREFUSED ::1:3000\n    at createConnectionError (node:net:167
5:14)\n    at afterConnectMultiple (node:net:1705:16)', message: 'connec
t ECONNREFUSED ::1:3000', errno: -4078, code: 'ECONNREFUSED', syscall: '
connect', address: '::1', port: 3000, constructor: 'Function<Error>', na
me: 'Error', toString: 'Function<toString>' }, { stack: 'Error: connect 
ECONNREFUSED 127.0.0.1:3000\n    at createConnectionError (node:net:1675
:14)\n    at afterConnectMultiple (node:net:1705:16)', message: 'connect
 ECONNREFUSED 127.0.0.1:3000', errno: -4078, code: 'ECONNREFUSED', sysca
ll: 'connect', address: '127.0.0.1', port: 3000, constructor: 'Function<
Error>', name: 'Error', toString: 'Function<toString>' } ], code: 'ECONN
REFUSED' }[39m
[31m[2mÔÄ»ÔÄ»ÔÄ»ÔÄ»ÔÄ»ÔÄ»ÔÄ»ÔÄ»ÔÄ»ÔÄ»ÔÄ»ÔÄ»ÔÄ»ÔÄ»ÔÄ»ÔÄ»ÔÄ»ÔÄ»ÔÄ»ÔÄ»ÔÄ»
ÔÄ»[37/79]ÔÄ»[22m[39m

[31m[1m[7m FAIL [27m[22m[39m tests/test-api-shifts-calendar.spec.t
s[2m > [22mAPI: GET /api/shifts[2m > [22mshould sort shifts by date 
ascending
[31m[1mTypeError[22m: fetch failed[39m
[36m [2mÔØ»[22m tests/test-api-shifts-calendar.spec.ts:[2m263:22[22
m[39m
    [90m261| [39m
    [90m262| [39m  [34mit[39m([32m'should sort shifts by date ascen
ding'[39m[33m,[39m [35masync[39m () [33m=>[39m {
    [90m263| [39m    [35mconst[39m response [33m=[39m [35mawait[
39m [34mfetch[39m(
    [90m   | [39m                     [31m^[39m
    [90m264| [39m      [32m`[39m[36m${[39m[33mAPI_BASE[39m[36m}
[39m[32m/api/shifts?membershipId=[39m[36m${[39mtestMembershipId[36
m}[39m[32m&month=2[39mÔÇª
    [90m265| [39m    )

{
  stack: 'AggregateError: \n' +
    '    at internalConnectMultiple (node:net:1139:18)\n' +
    '    at afterConnectMultiple (node:net:1712:7)',
  errors: [
    {
      stack: 'Error: connect ECONNREFUSED ::1:3000\n' +
        '    at createConnectionError (node:net:1675:14)\n' +
        '    at afterConnectMultiple (node:net:1705:16)',
      message: 'connect ECONNREFUSED ::1:3000',
      errno: -4078,
      code: 'ECONNREFUSED',
      syscall: 'connect',
      address: '::1',
      port: 3000,
      constructor: 'Function<Error>',
      name: 'Error',
      toString: 'Function<toString>'
    },
    {
      stack: 'Error: connect ECONNREFUSED 127.0.0.1:3000\n' +
        '    at createConnectionError (node:net:1675:14)\n' +
        '    at afterConnectMultiple (node:net:1705:16)',
      message: 'connect ECONNREFUSED 127.0.0.1:3000',
      errno: -4078,
      code: 'ECONNREFUSED',
      syscall: 'connect',
      address: '127.0.0.1',
      port: 3000,
      constructor: 'Function<Error>',
      name: 'Error',
      toString: 'Function<toString>'
    }
  ],
  code: 'ECONNREFUSED',
  stackStr: 'AggregateError: \n' +
    '    at internalConnectMultiple (node:net:1139:18)\n' +
    '    at afterConnectMultiple (node:net:1712:7)',
  nameStr: 'AggregateError',
  expected: 'undefined',
  actual: 'undefined',
  message: '',
  constructor: 'Function<AggregateError>',
  name: 'Caused by: AggregateError',
  toString: 'Function<toString>',
  stacks: []
}
[31m[2mÔÄ»ÔÄ»ÔÄ»ÔÄ»ÔÄ»ÔÄ»ÔÄ»ÔÄ»ÔÄ»ÔÄ»ÔÄ»ÔÄ»ÔÄ»ÔÄ»ÔÄ»ÔÄ»ÔÄ»ÔÄ»ÔÄ»ÔÄ»ÔÄ»
ÔÄ»ÔÄ»ÔÄ»ÔÄ»ÔÄ»ÔÄ»ÔÄ»ÔÄ»ÔÄ»[22m[39m
[31m[1mSerialized Error:[22m[39m [90m{ errors: [ { stack: 'Error: c
onnect ECONNREFUSED ::1:3000\n    at createConnectionError (node:net:167
5:14)\n    at afterConnectMultiple (node:net:1705:16)', message: 'connec
t ECONNREFUSED ::1:3000', errno: -4078, code: 'ECONNREFUSED', syscall: '
connect', address: '::1', port: 3000, constructor: 'Function<Error>', na
me: 'Error', toString: 'Function<toString>' }, { stack: 'Error: connect 
ECONNREFUSED 127.0.0.1:3000\n    at createConnectionError (node:net:1675
:14)\n    at afterConnectMultiple (node:net:1705:16)', message: 'connect
 ECONNREFUSED 127.0.0.1:3000', errno: -4078, code: 'ECONNREFUSED', sysca
ll: 'connect', address: '127.0.0.1', port: 3000, constructor: 'Function<
Error>', name: 'Error', toString: 'Function<toString>' } ], code: 'ECONN
REFUSED' }[39m
[31m[2mÔÄ»ÔÄ»ÔÄ»ÔÄ»ÔÄ»ÔÄ»ÔÄ»ÔÄ»ÔÄ»ÔÄ»ÔÄ»ÔÄ»ÔÄ»ÔÄ»ÔÄ»ÔÄ»ÔÄ»ÔÄ»ÔÄ»ÔÄ»ÔÄ»
ÔÄ»[38/79]ÔÄ»[22m[39m

[31m[1m[7m FAIL [27m[22m[39m tests/test-api-team.spec.ts[2m > [2
2mAPI: GET /api/team[2m > [22mshould return team members list with sta
tistics
[31m[1mTypeError[22m: fetch failed[39m
[36m [2mÔØ»[22m tests/test-api-team.spec.ts:[2m235:22[22m[39m
    [90m233| [39m
    [90m234| [39m  [34mit[39m([32m'should return team members list 
with statistics'[39m[33m,[39m [35masync[39m () [33m=>[39m {
    [90m235| [39m    [35mconst[39m response [33m=[39m [35mawait[
39m [34mfetch[39m(
    [90m   | [39m                     [31m^[39m
    [90m236| [39m      [32m`[39m[36m${[39m[33mAPI_BASE[39m[36m}
[39m[32m/api/team?restaurantId=[39m[36m${[39mtestRestaurantId[36m}
[39m[32m`[39m
    [90m237| [39m    )

{
  stack: 'AggregateError: \n' +
    '    at internalConnectMultiple (node:net:1139:18)\n' +
    '    at afterConnectMultiple (node:net:1712:7)',
  errors: [
    {
      stack: 'Error: connect ECONNREFUSED ::1:3000\n' +
        '    at createConnectionError (node:net:1675:14)\n' +
        '    at afterConnectMultiple (node:net:1705:16)',
      message: 'connect ECONNREFUSED ::1:3000',
      errno: -4078,
      code: 'ECONNREFUSED',
      syscall: 'connect',
      address: '::1',
      port: 3000,
      constructor: 'Function<Error>',
      name: 'Error',
      toString: 'Function<toString>'
    },
    {
      stack: 'Error: connect ECONNREFUSED 127.0.0.1:3000\n' +
        '    at createConnectionError (node:net:1675:14)\n' +
        '    at afterConnectMultiple (node:net:1705:16)',
      message: 'connect ECONNREFUSED 127.0.0.1:3000',
      errno: -4078,
      code: 'ECONNREFUSED',
      syscall: 'connect',
      address: '127.0.0.1',
      port: 3000,
      constructor: 'Function<Error>',
      name: 'Error',
      toString: 'Function<toString>'
    }
  ],
  code: 'ECONNREFUSED',
  stackStr: 'AggregateError: \n' +
    '    at internalConnectMultiple (node:net:1139:18)\n' +
    '    at afterConnectMultiple (node:net:1712:7)',
  nameStr: 'AggregateError',
  expected: 'undefined',
  actual: 'undefined',
  message: '',
  constructor: 'Function<AggregateError>',
  name: 'Caused by: AggregateError',
  toString: 'Function<toString>',
  stacks: []
}
[31m[2mÔÄ»ÔÄ»ÔÄ»ÔÄ»ÔÄ»ÔÄ»ÔÄ»ÔÄ»ÔÄ»ÔÄ»ÔÄ»ÔÄ»ÔÄ»ÔÄ»ÔÄ»ÔÄ»ÔÄ»ÔÄ»ÔÄ»ÔÄ»ÔÄ»
ÔÄ»ÔÄ»ÔÄ»ÔÄ»ÔÄ»ÔÄ»ÔÄ»ÔÄ»ÔÄ»[22m[39m
[31m[1mSerialized Error:[22m[39m [90m{ errors: [ { stack: 'Error: c
onnect ECONNREFUSED ::1:3000\n    at createConnectionError (node:net:167
5:14)\n    at afterConnectMultiple (node:net:1705:16)', message: 'connec
t ECONNREFUSED ::1:3000', errno: -4078, code: 'ECONNREFUSED', syscall: '
connect', address: '::1', port: 3000, constructor: 'Function<Error>', na
me: 'Error', toString: 'Function<toString>' }, { stack: 'Error: connect 
ECONNREFUSED 127.0.0.1:3000\n    at createConnectionError (node:net:1675
:14)\n    at afterConnectMultiple (node:net:1705:16)', message: 'connect
 ECONNREFUSED 127.0.0.1:3000', errno: -4078, code: 'ECONNREFUSED', sysca
ll: 'connect', address: '127.0.0.1', port: 3000, constructor: 'Function<
Error>', name: 'Error', toString: 'Function<toString>' } ], code: 'ECONN
REFUSED' }[39m
[31m[2mÔÄ»ÔÄ»ÔÄ»ÔÄ»ÔÄ»ÔÄ»ÔÄ»ÔÄ»ÔÄ»ÔÄ»ÔÄ»ÔÄ»ÔÄ»ÔÄ»ÔÄ»ÔÄ»ÔÄ»ÔÄ»ÔÄ»ÔÄ»ÔÄ»
ÔÄ»[39/79]ÔÄ»[22m[39m

[31m[1m[7m FAIL [27m[22m[39m tests/test-api-team.spec.ts[2m > [2
2mAPI: GET /api/team[2m > [22mshould include member details and statis
tics
[31m[1mTypeError[22m: fetch failed[39m
[36m [2mÔØ»[22m tests/test-api-team.spec.ts:[2m251:22[22m[39m
    [90m249| [39m
    [90m250| [39m  [34mit[39m([32m'should include member details an
d statistics'[39m[33m,[39m [35masync[39m () [33m=>[39m {
    [90m251| [39m    [35mconst[39m response [33m=[39m [35mawait[
39m [34mfetch[39m(
    [90m   | [39m                     [31m^[39m
    [90m252| [39m      [32m`[39m[36m${[39m[33mAPI_BASE[39m[36m}
[39m[32m/api/team?restaurantId=[39m[36m${[39mtestRestaurantId[36m}
[39m[32m`[39m
    [90m253| [39m    )

{
  stack: 'AggregateError: \n' +
    '    at internalConnectMultiple (node:net:1139:18)\n' +
    '    at afterConnectMultiple (node:net:1712:7)',
  errors: [
    {
      stack: 'Error: connect ECONNREFUSED ::1:3000\n' +
        '    at createConnectionError (node:net:1675:14)\n' +
        '    at afterConnectMultiple (node:net:1705:16)',
      message: 'connect ECONNREFUSED ::1:3000',
      errno: -4078,
      code: 'ECONNREFUSED',
      syscall: 'connect',
      address: '::1',
      port: 3000,
      constructor: 'Function<Error>',
      name: 'Error',
      toString: 'Function<toString>'
    },
    {
      stack: 'Error: connect ECONNREFUSED 127.0.0.1:3000\n' +
        '    at createConnectionError (node:net:1675:14)\n' +
        '    at afterConnectMultiple (node:net:1705:16)',
      message: 'connect ECONNREFUSED 127.0.0.1:3000',
      errno: -4078,
      code: 'ECONNREFUSED',
      syscall: 'connect',
      address: '127.0.0.1',
      port: 3000,
      constructor: 'Function<Error>',
      name: 'Error',
      toString: 'Function<toString>'
    }
  ],
  code: 'ECONNREFUSED',
  stackStr: 'AggregateError: \n' +
    '    at internalConnectMultiple (node:net:1139:18)\n' +
    '    at afterConnectMultiple (node:net:1712:7)',
  nameStr: 'AggregateError',
  expected: 'undefined',
  actual: 'undefined',
  message: '',
  constructor: 'Function<AggregateError>',
  name: 'Caused by: AggregateError',
  toString: 'Function<toString>',
  stacks: []
}
[31m[2mÔÄ»ÔÄ»ÔÄ»ÔÄ»ÔÄ»ÔÄ»ÔÄ»ÔÄ»ÔÄ»ÔÄ»ÔÄ»ÔÄ»ÔÄ»ÔÄ»ÔÄ»ÔÄ»ÔÄ»ÔÄ»ÔÄ»ÔÄ»ÔÄ»
ÔÄ»ÔÄ»ÔÄ»ÔÄ»ÔÄ»ÔÄ»ÔÄ»ÔÄ»ÔÄ»[22m[39m
[31m[1mSerialized Error:[22m[39m [90m{ errors: [ { stack: 'Error: c
onnect ECONNREFUSED ::1:3000\n    at createConnectionError (node:net:167
5:14)\n    at afterConnectMultiple (node:net:1705:16)', message: 'connec
t ECONNREFUSED ::1:3000', errno: -4078, code: 'ECONNREFUSED', syscall: '
connect', address: '::1', port: 3000, constructor: 'Function<Error>', na
me: 'Error', toString: 'Function<toString>' }, { stack: 'Error: connect 
ECONNREFUSED 127.0.0.1:3000\n    at createConnectionError (node:net:1675
:14)\n    at afterConnectMultiple (node:net:1705:16)', message: 'connect
 ECONNREFUSED 127.0.0.1:3000', errno: -4078, code: 'ECONNREFUSED', sysca
ll: 'connect', address: '127.0.0.1', port: 3000, constructor: 'Function<
Error>', name: 'Error', toString: 'Function<toString>' } ], code: 'ECONN
REFUSED' }[39m
[31m[2mÔÄ»ÔÄ»ÔÄ»ÔÄ»ÔÄ»ÔÄ»ÔÄ»ÔÄ»ÔÄ»ÔÄ»ÔÄ»ÔÄ»ÔÄ»ÔÄ»ÔÄ»ÔÄ»ÔÄ»ÔÄ»ÔÄ»ÔÄ»ÔÄ»
ÔÄ»[40/79]ÔÄ»[22m[39m

[31m[1m[7m FAIL [27m[22m[39m tests/test-api-team.spec.ts[2m > [2
2mAPI: GET /api/team[2m > [22mshould calculate hours correctly includi
ng adjustments
[31m[1mTypeError[22m: fetch failed[39m
[36m [2mÔØ»[22m tests/test-api-team.spec.ts:[2m274:22[22m[39m
    [90m272| [39m
    [90m273| [39m  [34mit[39m([32m'should calculate hours correctly
 including adjustments'[39m[33m,[39m [35masync[39m (ÔÇª
    [90m274| [39m    [35mconst[39m response [33m=[39m [35mawait[
39m [34mfetch[39m(
    [90m   | [39m                     [31m^[39m
    [90m275| [39m      [32m`[39m[36m${[39m[33mAPI_BASE[39m[36m}
[39m[32m/api/team?restaurantId=[39m[36m${[39mtestRestaurantId[36m}
[39m[32m`[39m
    [90m276| [39m    )

{
  stack: 'AggregateError: \n' +
    '    at internalConnectMultiple (node:net:1139:18)\n' +
    '    at afterConnectMultiple (node:net:1712:7)',
  errors: [
    {
      stack: 'Error: connect ECONNREFUSED ::1:3000\n' +
        '    at createConnectionError (node:net:1675:14)\n' +
        '    at afterConnectMultiple (node:net:1705:16)',
      message: 'connect ECONNREFUSED ::1:3000',
      errno: -4078,
      code: 'ECONNREFUSED',
      syscall: 'connect',
      address: '::1',
      port: 3000,
      constructor: 'Function<Error>',
      name: 'Error',
      toString: 'Function<toString>'
    },
    {
      stack: 'Error: connect ECONNREFUSED 127.0.0.1:3000\n' +
        '    at createConnectionError (node:net:1675:14)\n' +
        '    at afterConnectMultiple (node:net:1705:16)',
      message: 'connect ECONNREFUSED 127.0.0.1:3000',
      errno: -4078,
      code: 'ECONNREFUSED',
      syscall: 'connect',
      address: '127.0.0.1',
      port: 3000,
      constructor: 'Function<Error>',
      name: 'Error',
      toString: 'Function<toString>'
    }
  ],
  code: 'ECONNREFUSED',
  stackStr: 'AggregateError: \n' +
    '    at internalConnectMultiple (node:net:1139:18)\n' +
    '    at afterConnectMultiple (node:net:1712:7)',
  nameStr: 'AggregateError',
  expected: 'undefined',
  actual: 'undefined',
  message: '',
  constructor: 'Function<AggregateError>',
  name: 'Caused by: AggregateError',
  toString: 'Function<toString>',
  stacks: []
}
[31m[2mÔÄ»ÔÄ»ÔÄ»ÔÄ»ÔÄ»ÔÄ»ÔÄ»ÔÄ»ÔÄ»ÔÄ»ÔÄ»ÔÄ»ÔÄ»ÔÄ»ÔÄ»ÔÄ»ÔÄ»ÔÄ»ÔÄ»ÔÄ»ÔÄ»
ÔÄ»ÔÄ»ÔÄ»ÔÄ»ÔÄ»ÔÄ»ÔÄ»ÔÄ»ÔÄ»[22m[39m
[31m[1mSerialized Error:[22m[39m [90m{ errors: [ { stack: 'Error: c
onnect ECONNREFUSED ::1:3000\n    at createConnectionError (node:net:167
5:14)\n    at afterConnectMultiple (node:net:1705:16)', message: 'connec
t ECONNREFUSED ::1:3000', errno: -4078, code: 'ECONNREFUSED', syscall: '
connect', address: '::1', port: 3000, constructor: 'Function<Error>', na
me: 'Error', toString: 'Function<toString>' }, { stack: 'Error: connect 
ECONNREFUSED 127.0.0.1:3000\n    at createConnectionError (node:net:1675
:14)\n    at afterConnectMultiple (node:net:1705:16)', message: 'connect
 ECONNREFUSED 127.0.0.1:3000', errno: -4078, code: 'ECONNREFUSED', sysca
ll: 'connect', address: '127.0.0.1', port: 3000, constructor: 'Function<
Error>', name: 'Error', toString: 'Function<toString>' } ], code: 'ECONN
REFUSED' }[39m
[31m[2mÔÄ»ÔÄ»ÔÄ»ÔÄ»ÔÄ»ÔÄ»ÔÄ»ÔÄ»ÔÄ»ÔÄ»ÔÄ»ÔÄ»ÔÄ»ÔÄ»ÔÄ»ÔÄ»ÔÄ»ÔÄ»ÔÄ»ÔÄ»ÔÄ»
ÔÄ»[41/79]ÔÄ»[22m[39m

[31m[1m[7m FAIL [27m[22m[39m tests/test-api-team.spec.ts[2m > [2
2mAPI: GET /api/team[2m > [22mshould sort active members first, then b
y name
[31m[1mTypeError[22m: fetch failed[39m
[36m [2mÔØ»[22m tests/test-api-team.spec.ts:[2m286:22[22m[39m
    [90m284| [39m
    [90m285| [39m  [34mit[39m([32m'should sort active members first
, then by name'[39m[33m,[39m [35masync[39m () [33m=>[39m {
    [90m286| [39m    [35mconst[39m response [33m=[39m [35mawait[
39m [34mfetch[39m(
    [90m   | [39m                     [31m^[39m
    [90m287| [39m      [32m`[39m[36m${[39m[33mAPI_BASE[39m[36m}
[39m[32m/api/team?restaurantId=[39m[36m${[39mtestRestaurantId[36m}
[39m[32m`[39m
    [90m288| [39m    )

{
  stack: 'AggregateError: \n' +
    '    at internalConnectMultiple (node:net:1139:18)\n' +
    '    at afterConnectMultiple (node:net:1712:7)',
  errors: [
    {
      stack: 'Error: connect ECONNREFUSED ::1:3000\n' +
        '    at createConnectionError (node:net:1675:14)\n' +
        '    at afterConnectMultiple (node:net:1705:16)',
      message: 'connect ECONNREFUSED ::1:3000',
      errno: -4078,
      code: 'ECONNREFUSED',
      syscall: 'connect',
      address: '::1',
      port: 3000,
      constructor: 'Function<Error>',
      name: 'Error',
      toString: 'Function<toString>'
    },
    {
      stack: 'Error: connect ECONNREFUSED 127.0.0.1:3000\n' +
        '    at createConnectionError (node:net:1675:14)\n' +
        '    at afterConnectMultiple (node:net:1705:16)',
      message: 'connect ECONNREFUSED 127.0.0.1:3000',
      errno: -4078,
      code: 'ECONNREFUSED',
      syscall: 'connect',
      address: '127.0.0.1',
      port: 3000,
      constructor: 'Function<Error>',
      name: 'Error',
      toString: 'Function<toString>'
    }
  ],
  code: 'ECONNREFUSED',
  stackStr: 'AggregateError: \n' +
    '    at internalConnectMultiple (node:net:1139:18)\n' +
    '    at afterConnectMultiple (node:net:1712:7)',
  nameStr: 'AggregateError',
  expected: 'undefined',
  actual: 'undefined',
  message: '',
  constructor: 'Function<AggregateError>',
  name: 'Caused by: AggregateError',
  toString: 'Function<toString>',
  stacks: []
}
[31m[2mÔÄ»ÔÄ»ÔÄ»ÔÄ»ÔÄ»ÔÄ»ÔÄ»ÔÄ»ÔÄ»ÔÄ»ÔÄ»ÔÄ»ÔÄ»ÔÄ»ÔÄ»ÔÄ»ÔÄ»ÔÄ»ÔÄ»ÔÄ»ÔÄ»
ÔÄ»ÔÄ»ÔÄ»ÔÄ»ÔÄ»ÔÄ»ÔÄ»ÔÄ»ÔÄ»[22m[39m
[31m[1mSerialized Error:[22m[39m [90m{ errors: [ { stack: 'Error: c
onnect ECONNREFUSED ::1:3000\n    at createConnectionError (node:net:167
5:14)\n    at afterConnectMultiple (node:net:1705:16)', message: 'connec
t ECONNREFUSED ::1:3000', errno: -4078, code: 'ECONNREFUSED', syscall: '
connect', address: '::1', port: 3000, constructor: 'Function<Error>', na
me: 'Error', toString: 'Function<toString>' }, { stack: 'Error: connect 
ECONNREFUSED 127.0.0.1:3000\n    at createConnectionError (node:net:1675
:14)\n    at afterConnectMultiple (node:net:1705:16)', message: 'connect
 ECONNREFUSED 127.0.0.1:3000', errno: -4078, code: 'ECONNREFUSED', sysca
ll: 'connect', address: '127.0.0.1', port: 3000, constructor: 'Function<
Error>', name: 'Error', toString: 'Function<toString>' } ], code: 'ECONN
REFUSED' }[39m
[31m[2mÔÄ»ÔÄ»ÔÄ»ÔÄ»ÔÄ»ÔÄ»ÔÄ»ÔÄ»ÔÄ»ÔÄ»ÔÄ»ÔÄ»ÔÄ»ÔÄ»ÔÄ»ÔÄ»ÔÄ»ÔÄ»ÔÄ»ÔÄ»ÔÄ»
ÔÄ»[42/79]ÔÄ»[22m[39m

[31m[1m[7m FAIL [27m[22m[39m tests/test-api-team.spec.ts[2m > [2
2mAPI: GET /api/team[2m > [22mshould calculate aggregate statistics
[31m[1mTypeError[22m: fetch failed[39m
[36m [2mÔØ»[22m tests/test-api-team.spec.ts:[2m302:22[22m[39m
    [90m300| [39m
    [90m301| [39m  [34mit[39m([32m'should calculate aggregate stati
stics'[39m[33m,[39m [35masync[39m () [33m=>[39m {
    [90m302| [39m    [35mconst[39m response [33m=[39m [35mawait[
39m [34mfetch[39m(
    [90m   | [39m                     [31m^[39m
    [90m303| [39m      [32m`[39m[36m${[39m[33mAPI_BASE[39m[36m}
[39m[32m/api/team?restaurantId=[39m[36m${[39mtestRestaurantId[36m}
[39m[32m`[39m
    [90m304| [39m    )

{
  stack: 'AggregateError: \n' +
    '    at internalConnectMultiple (node:net:1139:18)\n' +
    '    at afterConnectMultiple (node:net:1712:7)',
  errors: [
    {
      stack: 'Error: connect ECONNREFUSED ::1:3000\n' +
        '    at createConnectionError (node:net:1675:14)\n' +
        '    at afterConnectMultiple (node:net:1705:16)',
      message: 'connect ECONNREFUSED ::1:3000',
      errno: -4078,
      code: 'ECONNREFUSED',
      syscall: 'connect',
      address: '::1',
      port: 3000,
      constructor: 'Function<Error>',
      name: 'Error',
      toString: 'Function<toString>'
    },
    {
      stack: 'Error: connect ECONNREFUSED 127.0.0.1:3000\n' +
        '    at createConnectionError (node:net:1675:14)\n' +
        '    at afterConnectMultiple (node:net:1705:16)',
      message: 'connect ECONNREFUSED 127.0.0.1:3000',
      errno: -4078,
      code: 'ECONNREFUSED',
      syscall: 'connect',
      address: '127.0.0.1',
      port: 3000,
      constructor: 'Function<Error>',
      name: 'Error',
      toString: 'Function<toString>'
    }
  ],
  code: 'ECONNREFUSED',
  stackStr: 'AggregateError: \n' +
    '    at internalConnectMultiple (node:net:1139:18)\n' +
    '    at afterConnectMultiple (node:net:1712:7)',
  nameStr: 'AggregateError',
  expected: 'undefined',
  actual: 'undefined',
  message: '',
  constructor: 'Function<AggregateError>',
  name: 'Caused by: AggregateError',
  toString: 'Function<toString>',
  stacks: []
}
[31m[2mÔÄ»ÔÄ»ÔÄ»ÔÄ»ÔÄ»ÔÄ»ÔÄ»ÔÄ»ÔÄ»ÔÄ»ÔÄ»ÔÄ»ÔÄ»ÔÄ»ÔÄ»ÔÄ»ÔÄ»ÔÄ»ÔÄ»ÔÄ»ÔÄ»
ÔÄ»ÔÄ»ÔÄ»ÔÄ»ÔÄ»ÔÄ»ÔÄ»ÔÄ»ÔÄ»[22m[39m
[31m[1mSerialized Error:[22m[39m [90m{ errors: [ { stack: 'Error: c
onnect ECONNREFUSED ::1:3000\n    at createConnectionError (node:net:167
5:14)\n    at afterConnectMultiple (node:net:1705:16)', message: 'connec
t ECONNREFUSED ::1:3000', errno: -4078, code: 'ECONNREFUSED', syscall: '
connect', address: '::1', port: 3000, constructor: 'Function<Error>', na
me: 'Error', toString: 'Function<toString>' }, { stack: 'Error: connect 
ECONNREFUSED 127.0.0.1:3000\n    at createConnectionError (node:net:1675
:14)\n    at afterConnectMultiple (node:net:1705:16)', message: 'connect
 ECONNREFUSED 127.0.0.1:3000', errno: -4078, code: 'ECONNREFUSED', sysca
ll: 'connect', address: '127.0.0.1', port: 3000, constructor: 'Function<
Error>', name: 'Error', toString: 'Function<toString>' } ], code: 'ECONN
REFUSED' }[39m
[31m[2mÔÄ»ÔÄ»ÔÄ»ÔÄ»ÔÄ»ÔÄ»ÔÄ»ÔÄ»ÔÄ»ÔÄ»ÔÄ»ÔÄ»ÔÄ»ÔÄ»ÔÄ»ÔÄ»ÔÄ»ÔÄ»ÔÄ»ÔÄ»ÔÄ»
ÔÄ»[43/79]ÔÄ»[22m[39m

[31m[1m[7m FAIL [27m[22m[39m tests/test-api-team.spec.ts[2m > [2
2mAPI: GET /api/team[2m > [22mshould filter by restaurant correctly
[31m[1mTypeError[22m: fetch failed[39m
[36m [2mÔØ»[22m tests/test-api-team.spec.ts:[2m324:22[22m[39m
    [90m322| [39m    })
    [90m323| [39m
    [90m324| [39m    [35mconst[39m response [33m=[39m [35mawait[
39m [34mfetch[39m(
    [90m   | [39m                     [31m^[39m
    [90m325| [39m      [32m`[39m[36m${[39m[33mAPI_BASE[39m[36m}
[39m[32m/api/team?restaurantId=[39m[36m${[39mtestRestaurantId[36m}
[39m[32m`[39m
    [90m326| [39m    )

{
  stack: 'AggregateError: \n' +
    '    at internalConnectMultiple (node:net:1139:18)\n' +
    '    at afterConnectMultiple (node:net:1712:7)',
  errors: [
    {
      stack: 'Error: connect ECONNREFUSED ::1:3000\n' +
        '    at createConnectionError (node:net:1675:14)\n' +
        '    at afterConnectMultiple (node:net:1705:16)',
      message: 'connect ECONNREFUSED ::1:3000',
      errno: -4078,
      code: 'ECONNREFUSED',
      syscall: 'connect',
      address: '::1',
      port: 3000,
      constructor: 'Function<Error>',
      name: 'Error',
      toString: 'Function<toString>'
    },
    {
      stack: 'Error: connect ECONNREFUSED 127.0.0.1:3000\n' +
        '    at createConnectionError (node:net:1675:14)\n' +
        '    at afterConnectMultiple (node:net:1705:16)',
      message: 'connect ECONNREFUSED 127.0.0.1:3000',
      errno: -4078,
      code: 'ECONNREFUSED',
      syscall: 'connect',
      address: '127.0.0.1',
      port: 3000,
      constructor: 'Function<Error>',
      name: 'Error',
      toString: 'Function<toString>'
    }
  ],
  code: 'ECONNREFUSED',
  stackStr: 'AggregateError: \n' +
    '    at internalConnectMultiple (node:net:1139:18)\n' +
    '    at afterConnectMultiple (node:net:1712:7)',
  nameStr: 'AggregateError',
  expected: 'undefined',
  actual: 'undefined',
  message: '',
  constructor: 'Function<AggregateError>',
  name: 'Caused by: AggregateError',
  toString: 'Function<toString>',
  stacks: []
}
[31m[2mÔÄ»ÔÄ»ÔÄ»ÔÄ»ÔÄ»ÔÄ»ÔÄ»ÔÄ»ÔÄ»ÔÄ»ÔÄ»ÔÄ»ÔÄ»ÔÄ»ÔÄ»ÔÄ»ÔÄ»ÔÄ»ÔÄ»ÔÄ»ÔÄ»
ÔÄ»ÔÄ»ÔÄ»ÔÄ»ÔÄ»ÔÄ»ÔÄ»ÔÄ»ÔÄ»[22m[39m
[31m[1mSerialized Error:[22m[39m [90m{ errors: [ { stack: 'Error: c
onnect ECONNREFUSED ::1:3000\n    at createConnectionError (node:net:167
5:14)\n    at afterConnectMultiple (node:net:1705:16)', message: 'connec
t ECONNREFUSED ::1:3000', errno: -4078, code: 'ECONNREFUSED', syscall: '
connect', address: '::1', port: 3000, constructor: 'Function<Error>', na
me: 'Error', toString: 'Function<toString>' }, { stack: 'Error: connect 
ECONNREFUSED 127.0.0.1:3000\n    at createConnectionError (node:net:1675
:14)\n    at afterConnectMultiple (node:net:1705:16)', message: 'connect
 ECONNREFUSED 127.0.0.1:3000', errno: -4078, code: 'ECONNREFUSED', sysca
ll: 'connect', address: '127.0.0.1', port: 3000, constructor: 'Function<
Error>', name: 'Error', toString: 'Function<toString>' } ], code: 'ECONN
REFUSED' }[39m
[31m[2mÔÄ»ÔÄ»ÔÄ»ÔÄ»ÔÄ»ÔÄ»ÔÄ»ÔÄ»ÔÄ»ÔÄ»ÔÄ»ÔÄ»ÔÄ»ÔÄ»ÔÄ»ÔÄ»ÔÄ»ÔÄ»ÔÄ»ÔÄ»ÔÄ»
ÔÄ»[44/79]ÔÄ»[22m[39m

[31m[1m[7m FAIL [27m[22m[39m tests/test-api-team.spec.ts[2m > [2
2mAPI: GET /api/team[2m > [22mshould require restaurantId
[31m[1mTypeError[22m: fetch failed[39m
[36m [2mÔØ»[22m tests/test-api-team.spec.ts:[2m341:22[22m[39m
    [90m339| [39m
    [90m340| [39m  [34mit[39m([32m'should require restaurantId'[39
m[33m,[39m [35masync[39m () [33m=>[39m {
    [90m341| [39m    [35mconst[39m response [33m=[39m [35mawait[
39m [34mfetch[39m([32m`[39m[36m${[39m[33mAPI_BASE[39m[36m}[39m
[32m/api/team`[39m)
    [90m   | [39m                     [31m^[39m
    [90m342| [39m
    [90m343| [39m    [34mexpect[39m(response[33m.[39mstatus)[33m.
[39m[34mtoBe[39m([34m400[39m)

{
  stack: 'AggregateError: \n' +
    '    at internalConnectMultiple (node:net:1139:18)\n' +
    '    at afterConnectMultiple (node:net:1712:7)',
  errors: [
    {
      stack: 'Error: connect ECONNREFUSED ::1:3000\n' +
        '    at createConnectionError (node:net:1675:14)\n' +
        '    at afterConnectMultiple (node:net:1705:16)',
      message: 'connect ECONNREFUSED ::1:3000',
      errno: -4078,
      code: 'ECONNREFUSED',
      syscall: 'connect',
      address: '::1',
      port: 3000,
      constructor: 'Function<Error>',
      name: 'Error',
      toString: 'Function<toString>'
    },
    {
      stack: 'Error: connect ECONNREFUSED 127.0.0.1:3000\n' +
        '    at createConnectionError (node:net:1675:14)\n' +
        '    at afterConnectMultiple (node:net:1705:16)',
      message: 'connect ECONNREFUSED 127.0.0.1:3000',
      errno: -4078,
      code: 'ECONNREFUSED',
      syscall: 'connect',
      address: '127.0.0.1',
      port: 3000,
      constructor: 'Function<Error>',
      name: 'Error',
      toString: 'Function<toString>'
    }
  ],
  code: 'ECONNREFUSED',
  stackStr: 'AggregateError: \n' +
    '    at internalConnectMultiple (node:net:1139:18)\n' +
    '    at afterConnectMultiple (node:net:1712:7)',
  nameStr: 'AggregateError',
  expected: 'undefined',
  actual: 'undefined',
  message: '',
  constructor: 'Function<AggregateError>',
  name: 'Caused by: AggregateError',
  toString: 'Function<toString>',
  stacks: []
}
[31m[2mÔÄ»ÔÄ»ÔÄ»ÔÄ»ÔÄ»ÔÄ»ÔÄ»ÔÄ»ÔÄ»ÔÄ»ÔÄ»ÔÄ»ÔÄ»ÔÄ»ÔÄ»ÔÄ»ÔÄ»ÔÄ»ÔÄ»ÔÄ»ÔÄ»
ÔÄ»ÔÄ»ÔÄ»ÔÄ»ÔÄ»ÔÄ»ÔÄ»ÔÄ»ÔÄ»[22m[39m
[31m[1mSerialized Error:[22m[39m [90m{ errors: [ { stack: 'Error: c
onnect ECONNREFUSED ::1:3000\n    at createConnectionError (node:net:167
5:14)\n    at afterConnectMultiple (node:net:1705:16)', message: 'connec
t ECONNREFUSED ::1:3000', errno: -4078, code: 'ECONNREFUSED', syscall: '
connect', address: '::1', port: 3000, constructor: 'Function<Error>', na
me: 'Error', toString: 'Function<toString>' }, { stack: 'Error: connect 
ECONNREFUSED 127.0.0.1:3000\n    at createConnectionError (node:net:1675
:14)\n    at afterConnectMultiple (node:net:1705:16)', message: 'connect
 ECONNREFUSED 127.0.0.1:3000', errno: -4078, code: 'ECONNREFUSED', sysca
ll: 'connect', address: '127.0.0.1', port: 3000, constructor: 'Function<
Error>', name: 'Error', toString: 'Function<toString>' } ], code: 'ECONN
REFUSED' }[39m
[31m[2mÔÄ»ÔÄ»ÔÄ»ÔÄ»ÔÄ»ÔÄ»ÔÄ»ÔÄ»ÔÄ»ÔÄ»ÔÄ»ÔÄ»ÔÄ»ÔÄ»ÔÄ»ÔÄ»ÔÄ»ÔÄ»ÔÄ»ÔÄ»ÔÄ»
ÔÄ»[45/79]ÔÄ»[22m[39m

[31m[1m[7m FAIL [27m[22m[39m tests/test-api-team.spec.ts[2m > [2
2mAPI: GET /api/team[2m > [22mshould validate restaurantId existence
[31m[1mTypeError[22m: fetch failed[39m
[36m [2mÔØ»[22m tests/test-api-team.spec.ts:[2m349:22[22m[39m
    [90m347| [39m
    [90m348| [39m  [34mit[39m([32m'should validate restaurantId exi
stence'[39m[33m,[39m [35masync[39m () [33m=>[39m {
    [90m349| [39m    [35mconst[39m response [33m=[39m [35mawait[
39m [34mfetch[39m(
    [90m   | [39m                     [31m^[39m
    [90m350| [39m      [32m`[39m[36m${[39m[33mAPI_BASE[39m[36m}
[39m[32m/api/team?restaurantId=non-existent-id`[39m
    [90m351| [39m    )

{
  stack: 'AggregateError: \n' +
    '    at internalConnectMultiple (node:net:1139:18)\n' +
    '    at afterConnectMultiple (node:net:1712:7)',
  errors: [
    {
      stack: 'Error: connect ECONNREFUSED ::1:3000\n' +
        '    at createConnectionError (node:net:1675:14)\n' +
        '    at afterConnectMultiple (node:net:1705:16)',
      message: 'connect ECONNREFUSED ::1:3000',
      errno: -4078,
      code: 'ECONNREFUSED',
      syscall: 'connect',
      address: '::1',
      port: 3000,
      constructor: 'Function<Error>',
      name: 'Error',
      toString: 'Function<toString>'
    },
    {
      stack: 'Error: connect ECONNREFUSED 127.0.0.1:3000\n' +
        '    at createConnectionError (node:net:1675:14)\n' +
        '    at afterConnectMultiple (node:net:1705:16)',
      message: 'connect ECONNREFUSED 127.0.0.1:3000',
      errno: -4078,
      code: 'ECONNREFUSED',
      syscall: 'connect',
      address: '127.0.0.1',
      port: 3000,
      constructor: 'Function<Error>',
      name: 'Error',
      toString: 'Function<toString>'
    }
  ],
  code: 'ECONNREFUSED',
  stackStr: 'AggregateError: \n' +
    '    at internalConnectMultiple (node:net:1139:18)\n' +
    '    at afterConnectMultiple (node:net:1712:7)',
  nameStr: 'AggregateError',
  expected: 'undefined',
  actual: 'undefined',
  message: '',
  constructor: 'Function<AggregateError>',
  name: 'Caused by: AggregateError',
  toString: 'Function<toString>',
  stacks: []
}
[31m[2mÔÄ»ÔÄ»ÔÄ»ÔÄ»ÔÄ»ÔÄ»ÔÄ»ÔÄ»ÔÄ»ÔÄ»ÔÄ»ÔÄ»ÔÄ»ÔÄ»ÔÄ»ÔÄ»ÔÄ»ÔÄ»ÔÄ»ÔÄ»ÔÄ»
ÔÄ»ÔÄ»ÔÄ»ÔÄ»ÔÄ»ÔÄ»ÔÄ»ÔÄ»ÔÄ»[22m[39m
[31m[1mSerialized Error:[22m[39m [90m{ errors: [ { stack: 'Error: c
onnect ECONNREFUSED ::1:3000\n    at createConnectionError (node:net:167
5:14)\n    at afterConnectMultiple (node:net:1705:16)', message: 'connec
t ECONNREFUSED ::1:3000', errno: -4078, code: 'ECONNREFUSED', syscall: '
connect', address: '::1', port: 3000, constructor: 'Function<Error>', na
me: 'Error', toString: 'Function<toString>' }, { stack: 'Error: connect 
ECONNREFUSED 127.0.0.1:3000\n    at createConnectionError (node:net:1675
:14)\n    at afterConnectMultiple (node:net:1705:16)', message: 'connect
 ECONNREFUSED 127.0.0.1:3000', errno: -4078, code: 'ECONNREFUSED', sysca
ll: 'connect', address: '127.0.0.1', port: 3000, constructor: 'Function<
Error>', name: 'Error', toString: 'Function<toString>' } ], code: 'ECONN
REFUSED' }[39m
[31m[2mÔÄ»ÔÄ»ÔÄ»ÔÄ»ÔÄ»ÔÄ»ÔÄ»ÔÄ»ÔÄ»ÔÄ»ÔÄ»ÔÄ»ÔÄ»ÔÄ»ÔÄ»ÔÄ»ÔÄ»ÔÄ»ÔÄ»ÔÄ»ÔÄ»
ÔÄ»[46/79]ÔÄ»[22m[39m

[31m[1m[7m FAIL [27m[22m[39m tests/test-api-team.spec.ts[2m > [2
2mAPI: GET /api/team[2m > [22mshould return empty list for restaurant 
with no members
[31m[1mTypeError[22m: fetch failed[39m
[36m [2mÔØ»[22m tests/test-api-team.spec.ts:[2m366:22[22m[39m
    [90m364| [39m    })
    [90m365| [39m
    [90m366| [39m    [35mconst[39m response [33m=[39m [35mawait[
39m [34mfetch[39m(
    [90m   | [39m                     [31m^[39m
    [90m367| [39m      [32m`[39m[36m${[39m[33mAPI_BASE[39m[36m}
[39m[32m/api/team?restaurantId=[39m[36m${[39memptyRestaurant[33m.
[39mid[36m}[39m[32m`[39m
    [90m368| [39m    )

{
  stack: 'AggregateError: \n' +
    '    at internalConnectMultiple (node:net:1139:18)\n' +
    '    at afterConnectMultiple (node:net:1712:7)',
  errors: [
    {
      stack: 'Error: connect ECONNREFUSED ::1:3000\n' +
        '    at createConnectionError (node:net:1675:14)\n' +
        '    at afterConnectMultiple (node:net:1705:16)',
      message: 'connect ECONNREFUSED ::1:3000',
      errno: -4078,
      code: 'ECONNREFUSED',
      syscall: 'connect',
      address: '::1',
      port: 3000,
      constructor: 'Function<Error>',
      name: 'Error',
      toString: 'Function<toString>'
    },
    {
      stack: 'Error: connect ECONNREFUSED 127.0.0.1:3000\n' +
        '    at createConnectionError (node:net:1675:14)\n' +
        '    at afterConnectMultiple (node:net:1705:16)',
      message: 'connect ECONNREFUSED 127.0.0.1:3000',
      errno: -4078,
      code: 'ECONNREFUSED',
      syscall: 'connect',
      address: '127.0.0.1',
      port: 3000,
      constructor: 'Function<Error>',
      name: 'Error',
      toString: 'Function<toString>'
    }
  ],
  code: 'ECONNREFUSED',
  stackStr: 'AggregateError: \n' +
    '    at internalConnectMultiple (node:net:1139:18)\n' +
    '    at afterConnectMultiple (node:net:1712:7)',
  nameStr: 'AggregateError',
  expected: 'undefined',
  actual: 'undefined',
  message: '',
  constructor: 'Function<AggregateError>',
  name: 'Caused by: AggregateError',
  toString: 'Function<toString>',
  stacks: []
}
[31m[2mÔÄ»ÔÄ»ÔÄ»ÔÄ»ÔÄ»ÔÄ»ÔÄ»ÔÄ»ÔÄ»ÔÄ»ÔÄ»ÔÄ»ÔÄ»ÔÄ»ÔÄ»ÔÄ»ÔÄ»ÔÄ»ÔÄ»ÔÄ»ÔÄ»
ÔÄ»ÔÄ»ÔÄ»ÔÄ»ÔÄ»ÔÄ»ÔÄ»ÔÄ»ÔÄ»[22m[39m
[31m[1mSerialized Error:[22m[39m [90m{ errors: [ { stack: 'Error: c
onnect ECONNREFUSED ::1:3000\n    at createConnectionError (node:net:167
5:14)\n    at afterConnectMultiple (node:net:1705:16)', message: 'connec
t ECONNREFUSED ::1:3000', errno: -4078, code: 'ECONNREFUSED', syscall: '
connect', address: '::1', port: 3000, constructor: 'Function<Error>', na
me: 'Error', toString: 'Function<toString>' }, { stack: 'Error: connect 
ECONNREFUSED 127.0.0.1:3000\n    at createConnectionError (node:net:1675
:14)\n    at afterConnectMultiple (node:net:1705:16)', message: 'connect
 ECONNREFUSED 127.0.0.1:3000', errno: -4078, code: 'ECONNREFUSED', sysca
ll: 'connect', address: '127.0.0.1', port: 3000, constructor: 'Function<
Error>', name: 'Error', toString: 'Function<toString>' } ], code: 'ECONN
REFUSED' }[39m
[31m[2mÔÄ»ÔÄ»ÔÄ»ÔÄ»ÔÄ»ÔÄ»ÔÄ»ÔÄ»ÔÄ»ÔÄ»ÔÄ»ÔÄ»ÔÄ»ÔÄ»ÔÄ»ÔÄ»ÔÄ»ÔÄ»ÔÄ»ÔÄ»ÔÄ»
ÔÄ»[47/79]ÔÄ»[22m[39m

[31m[1m[7m FAIL [27m[22m[39m tests/test-api-team.spec.ts[2m > [2
2mAPI: GET /api/team[2m > [22mshould handle members with no time entri
es
[31m[1mTypeError[22m: fetch failed[39m
[36m [2mÔØ»[22m tests/test-api-team.spec.ts:[2m382:22[22m[39m
    [90m380| [39m
    [90m381| [39m  [34mit[39m([32m'should handle members with no ti
me entries'[39m[33m,[39m [35masync[39m () [33m=>[39m {
    [90m382| [39m    [35mconst[39m response [33m=[39m [35mawait[
39m [34mfetch[39m(
    [90m   | [39m                     [31m^[39m
    [90m383| [39m      [32m`[39m[36m${[39m[33mAPI_BASE[39m[36m}
[39m[32m/api/team?restaurantId=[39m[36m${[39mtestRestaurantId[36m}
[39m[32m`[39m
    [90m384| [39m    )

{
  stack: 'AggregateError: \n' +
    '    at internalConnectMultiple (node:net:1139:18)\n' +
    '    at afterConnectMultiple (node:net:1712:7)',
  errors: [
    {
      stack: 'Error: connect ECONNREFUSED ::1:3000\n' +
        '    at createConnectionError (node:net:1675:14)\n' +
        '    at afterConnectMultiple (node:net:1705:16)',
      message: 'connect ECONNREFUSED ::1:3000',
      errno: -4078,
      code: 'ECONNREFUSED',
      syscall: 'connect',
      address: '::1',
      port: 3000,
      constructor: 'Function<Error>',
      name: 'Error',
      toString: 'Function<toString>'
    },
    {
      stack: 'Error: connect ECONNREFUSED 127.0.0.1:3000\n' +
        '    at createConnectionError (node:net:1675:14)\n' +
        '    at afterConnectMultiple (node:net:1705:16)',
      message: 'connect ECONNREFUSED 127.0.0.1:3000',
      errno: -4078,
      code: 'ECONNREFUSED',
      syscall: 'connect',
      address: '127.0.0.1',
      port: 3000,
      constructor: 'Function<Error>',
      name: 'Error',
      toString: 'Function<toString>'
    }
  ],
  code: 'ECONNREFUSED',
  stackStr: 'AggregateError: \n' +
    '    at internalConnectMultiple (node:net:1139:18)\n' +
    '    at afterConnectMultiple (node:net:1712:7)',
  nameStr: 'AggregateError',
  expected: 'undefined',
  actual: 'undefined',
  message: '',
  constructor: 'Function<AggregateError>',
  name: 'Caused by: AggregateError',
  toString: 'Function<toString>',
  stacks: []
}
[31m[2mÔÄ»ÔÄ»ÔÄ»ÔÄ»ÔÄ»ÔÄ»ÔÄ»ÔÄ»ÔÄ»ÔÄ»ÔÄ»ÔÄ»ÔÄ»ÔÄ»ÔÄ»ÔÄ»ÔÄ»ÔÄ»ÔÄ»ÔÄ»ÔÄ»
ÔÄ»ÔÄ»ÔÄ»ÔÄ»ÔÄ»ÔÄ»ÔÄ»ÔÄ»ÔÄ»[22m[39m
[31m[1mSerialized Error:[22m[39m [90m{ errors: [ { stack: 'Error: c
onnect ECONNREFUSED ::1:3000\n    at createConnectionError (node:net:167
5:14)\n    at afterConnectMultiple (node:net:1705:16)', message: 'connec
t ECONNREFUSED ::1:3000', errno: -4078, code: 'ECONNREFUSED', syscall: '
connect', address: '::1', port: 3000, constructor: 'Function<Error>', na
me: 'Error', toString: 'Function<toString>' }, { stack: 'Error: connect 
ECONNREFUSED 127.0.0.1:3000\n    at createConnectionError (node:net:1675
:14)\n    at afterConnectMultiple (node:net:1705:16)', message: 'connect
 ECONNREFUSED 127.0.0.1:3000', errno: -4078, code: 'ECONNREFUSED', sysca
ll: 'connect', address: '127.0.0.1', port: 3000, constructor: 'Function<
Error>', name: 'Error', toString: 'Function<toString>' } ], code: 'ECONN
REFUSED' }[39m
[31m[2mÔÄ»ÔÄ»ÔÄ»ÔÄ»ÔÄ»ÔÄ»ÔÄ»ÔÄ»ÔÄ»ÔÄ»ÔÄ»ÔÄ»ÔÄ»ÔÄ»ÔÄ»ÔÄ»ÔÄ»ÔÄ»ÔÄ»ÔÄ»ÔÄ»
ÔÄ»[48/79]ÔÄ»[22m[39m

[31m[1m[7m FAIL [27m[22m[39m tests/test-api-team.spec.ts[2m > [2
2mAPI: GET /api/team[2m > [22mshould use hourlyRateManagerPLN if avail
able, else default rate
[31m[1mTypeError[22m: fetch failed[39m
[36m [2mÔØ»[22m tests/test-api-team.spec.ts:[2m395:22[22m[39m
    [90m393| [39m
    [90m394| [39m  [34mit[39m([32m'should use hourlyRateManagerPLN 
if available, else default rate'[39mÔÇª
    [90m395| [39m    [35mconst[39m response [33m=[39m [35mawait[
39m [34mfetch[39m(
    [90m   | [39m                     [31m^[39m
    [90m396| [39m      [32m`[39m[36m${[39m[33mAPI_BASE[39m[36m}
[39m[32m/api/team?restaurantId=[39m[36m${[39mtestRestaurantId[36m}
[39m[32m`[39m
    [90m397| [39m    )

{
  stack: 'AggregateError: \n' +
    '    at internalConnectMultiple (node:net:1139:18)\n' +
    '    at afterConnectMultiple (node:net:1712:7)',
  errors: [
    {
      stack: 'Error: connect ECONNREFUSED ::1:3000\n' +
        '    at createConnectionError (node:net:1675:14)\n' +
        '    at afterConnectMultiple (node:net:1705:16)',
      message: 'connect ECONNREFUSED ::1:3000',
      errno: -4078,
      code: 'ECONNREFUSED',
      syscall: 'connect',
      address: '::1',
      port: 3000,
      constructor: 'Function<Error>',
      name: 'Error',
      toString: 'Function<toString>'
    },
    {
      stack: 'Error: connect ECONNREFUSED 127.0.0.1:3000\n' +
        '    at createConnectionError (node:net:1675:14)\n' +
        '    at afterConnectMultiple (node:net:1705:16)',
      message: 'connect ECONNREFUSED 127.0.0.1:3000',
      errno: -4078,
      code: 'ECONNREFUSED',
      syscall: 'connect',
      address: '127.0.0.1',
      port: 3000,
      constructor: 'Function<Error>',
      name: 'Error',
      toString: 'Function<toString>'
    }
  ],
  code: 'ECONNREFUSED',
  stackStr: 'AggregateError: \n' +
    '    at internalConnectMultiple (node:net:1139:18)\n' +
    '    at afterConnectMultiple (node:net:1712:7)',
  nameStr: 'AggregateError',
  expected: 'undefined',
  actual: 'undefined',
  message: '',
  constructor: 'Function<AggregateError>',
  name: 'Caused by: AggregateError',
  toString: 'Function<toString>',
  stacks: []
}
[31m[2mÔÄ»ÔÄ»ÔÄ»ÔÄ»ÔÄ»ÔÄ»ÔÄ»ÔÄ»ÔÄ»ÔÄ»ÔÄ»ÔÄ»ÔÄ»ÔÄ»ÔÄ»ÔÄ»ÔÄ»ÔÄ»ÔÄ»ÔÄ»ÔÄ»
ÔÄ»ÔÄ»ÔÄ»ÔÄ»ÔÄ»ÔÄ»ÔÄ»ÔÄ»ÔÄ»[22m[39m
[31m[1mSerialized Error:[22m[39m [90m{ errors: [ { stack: 'Error: c
onnect ECONNREFUSED ::1:3000\n    at createConnectionError (node:net:167
5:14)\n    at afterConnectMultiple (node:net:1705:16)', message: 'connec
t ECONNREFUSED ::1:3000', errno: -4078, code: 'ECONNREFUSED', syscall: '
connect', address: '::1', port: 3000, constructor: 'Function<Error>', na
me: 'Error', toString: 'Function<toString>' }, { stack: 'Error: connect 
ECONNREFUSED 127.0.0.1:3000\n    at createConnectionError (node:net:1675
:14)\n    at afterConnectMultiple (node:net:1705:16)', message: 'connect
 ECONNREFUSED 127.0.0.1:3000', errno: -4078, code: 'ECONNREFUSED', sysca
ll: 'connect', address: '127.0.0.1', port: 3000, constructor: 'Function<
Error>', name: 'Error', toString: 'Function<toString>' } ], code: 'ECONN
REFUSED' }[39m
[31m[2mÔÄ»ÔÄ»ÔÄ»ÔÄ»ÔÄ»ÔÄ»ÔÄ»ÔÄ»ÔÄ»ÔÄ»ÔÄ»ÔÄ»ÔÄ»ÔÄ»ÔÄ»ÔÄ»ÔÄ»ÔÄ»ÔÄ»ÔÄ»ÔÄ»
ÔÄ»[49/79]ÔÄ»[22m[39m

[31m[1m[7m FAIL [27m[22m[39m tests/test-api-time-approval.spec.ts
[2m > [22mAPI: Time Entry Approval[2m > [22mGET /api/time-entries/pen
ding[2m > [22mshould return pending entries for restaurant
[31m[1mTypeError[22m: fetch failed[39m
[36m [2mÔØ»[22m tests/test-api-time-approval.spec.ts:[2m161:24[22m
[39m
    [90m159| [39m  [34mdescribe[39m([32m'GET /api/time-entries/pend
ing'[39m[33m,[39m () [33m=>[39m {
    [90m160| [39m    [34mit[39m([32m'should return pending entries 
for restaurant'[39m[33m,[39m [35masync[39m () [33m=>[39m {
    [90m161| [39m      [35mconst[39m response [33m=[39m [35mawait
[39m [34mfetch[39m(
    [90m   | [39m                       [31m^[39m
    [90m162| [39m        [32m`[39m[36m${[39m[33mAPI_BASE[39m[36
m}[39m[32m/api/time-entries/pending?restaurantId=[39m[36m${[39mtest
RestaÔÇª
    [90m163| [39m      )

{
  stack: 'AggregateError: \n' +
    '    at internalConnectMultiple (node:net:1139:18)\n' +
    '    at afterConnectMultiple (node:net:1712:7)',
  errors: [
    {
      stack: 'Error: connect ECONNREFUSED ::1:3000\n' +
        '    at createConnectionError (node:net:1675:14)\n' +
        '    at afterConnectMultiple (node:net:1705:16)',
      message: 'connect ECONNREFUSED ::1:3000',
      errno: -4078,
      code: 'ECONNREFUSED',
      syscall: 'connect',
      address: '::1',
      port: 3000,
      constructor: 'Function<Error>',
      name: 'Error',
      toString: 'Function<toString>'
    },
    {
      stack: 'Error: connect ECONNREFUSED 127.0.0.1:3000\n' +
        '    at createConnectionError (node:net:1675:14)\n' +
        '    at afterConnectMultiple (node:net:1705:16)',
      message: 'connect ECONNREFUSED 127.0.0.1:3000',
      errno: -4078,
      code: 'ECONNREFUSED',
      syscall: 'connect',
      address: '127.0.0.1',
      port: 3000,
      constructor: 'Function<Error>',
      name: 'Error',
      toString: 'Function<toString>'
    }
  ],
  code: 'ECONNREFUSED',
  stackStr: 'AggregateError: \n' +
    '    at internalConnectMultiple (node:net:1139:18)\n' +
    '    at afterConnectMultiple (node:net:1712:7)',
  nameStr: 'AggregateError',
  expected: 'undefined',
  actual: 'undefined',
  message: '',
  constructor: 'Function<AggregateError>',
  name: 'Caused by: AggregateError',
  toString: 'Function<toString>',
  stacks: []
}
[31m[2mÔÄ»ÔÄ»ÔÄ»ÔÄ»ÔÄ»ÔÄ»ÔÄ»ÔÄ»ÔÄ»ÔÄ»ÔÄ»ÔÄ»ÔÄ»ÔÄ»ÔÄ»ÔÄ»ÔÄ»ÔÄ»ÔÄ»ÔÄ»ÔÄ»
ÔÄ»ÔÄ»ÔÄ»ÔÄ»ÔÄ»ÔÄ»ÔÄ»ÔÄ»ÔÄ»[22m[39m
[31m[1mSerialized Error:[22m[39m [90m{ errors: [ { stack: 'Error: c
onnect ECONNREFUSED ::1:3000\n    at createConnectionError (node:net:167
5:14)\n    at afterConnectMultiple (node:net:1705:16)', message: 'connec
t ECONNREFUSED ::1:3000', errno: -4078, code: 'ECONNREFUSED', syscall: '
connect', address: '::1', port: 3000, constructor: 'Function<Error>', na
me: 'Error', toString: 'Function<toString>' }, { stack: 'Error: connect 
ECONNREFUSED 127.0.0.1:3000\n    at createConnectionError (node:net:1675
:14)\n    at afterConnectMultiple (node:net:1705:16)', message: 'connect
 ECONNREFUSED 127.0.0.1:3000', errno: -4078, code: 'ECONNREFUSED', sysca
ll: 'connect', address: '127.0.0.1', port: 3000, constructor: 'Function<
Error>', name: 'Error', toString: 'Function<toString>' } ], code: 'ECONN
REFUSED' }[39m
[31m[2mÔÄ»ÔÄ»ÔÄ»ÔÄ»ÔÄ»ÔÄ»ÔÄ»ÔÄ»ÔÄ»ÔÄ»ÔÄ»ÔÄ»ÔÄ»ÔÄ»ÔÄ»ÔÄ»ÔÄ»ÔÄ»ÔÄ»ÔÄ»ÔÄ»
ÔÄ»[50/79]ÔÄ»[22m[39m

[31m[1m[7m FAIL [27m[22m[39m tests/test-api-time-approval.spec.ts
[2m > [22mAPI: Time Entry Approval[2m > [22mGET /api/time-entries/pen
ding[2m > [22mshould calculate total hours correctly
[31m[1mTypeError[22m: fetch failed[39m
[36m [2mÔØ»[22m tests/test-api-time-approval.spec.ts:[2m185:24[22m
[39m
    [90m183| [39m
    [90m184| [39m    [34mit[39m([32m'should calculate total hours c
orrectly'[39m[33m,[39m [35masync[39m () [33m=>[39m {
    [90m185| [39m      [35mconst[39m response [33m=[39m [35mawait
[39m [34mfetch[39m(
    [90m   | [39m                       [31m^[39m
    [90m186| [39m        [32m`[39m[36m${[39m[33mAPI_BASE[39m[36
m}[39m[32m/api/time-entries/pending?restaurantId=[39m[36m${[39mtest
RestaÔÇª
    [90m187| [39m      )

{
  stack: 'AggregateError: \n' +
    '    at internalConnectMultiple (node:net:1139:18)\n' +
    '    at afterConnectMultiple (node:net:1712:7)',
  errors: [
    {
      stack: 'Error: connect ECONNREFUSED ::1:3000\n' +
        '    at createConnectionError (node:net:1675:14)\n' +
        '    at afterConnectMultiple (node:net:1705:16)',
      message: 'connect ECONNREFUSED ::1:3000',
      errno: -4078,
      code: 'ECONNREFUSED',
      syscall: 'connect',
      address: '::1',
      port: 3000,
      constructor: 'Function<Error>',
      name: 'Error',
      toString: 'Function<toString>'
    },
    {
      stack: 'Error: connect ECONNREFUSED 127.0.0.1:3000\n' +
        '    at createConnectionError (node:net:1675:14)\n' +
        '    at afterConnectMultiple (node:net:1705:16)',
      message: 'connect ECONNREFUSED 127.0.0.1:3000',
      errno: -4078,
      code: 'ECONNREFUSED',
      syscall: 'connect',
      address: '127.0.0.1',
      port: 3000,
      constructor: 'Function<Error>',
      name: 'Error',
      toString: 'Function<toString>'
    }
  ],
  code: 'ECONNREFUSED',
  stackStr: 'AggregateError: \n' +
    '    at internalConnectMultiple (node:net:1139:18)\n' +
    '    at afterConnectMultiple (node:net:1712:7)',
  nameStr: 'AggregateError',
  expected: 'undefined',
  actual: 'undefined',
  message: '',
  constructor: 'Function<AggregateError>',
  name: 'Caused by: AggregateError',
  toString: 'Function<toString>',
  stacks: []
}
[31m[2mÔÄ»ÔÄ»ÔÄ»ÔÄ»ÔÄ»ÔÄ»ÔÄ»ÔÄ»ÔÄ»ÔÄ»ÔÄ»ÔÄ»ÔÄ»ÔÄ»ÔÄ»ÔÄ»ÔÄ»ÔÄ»ÔÄ»ÔÄ»ÔÄ»
ÔÄ»ÔÄ»ÔÄ»ÔÄ»ÔÄ»ÔÄ»ÔÄ»ÔÄ»ÔÄ»[22m[39m
[31m[1mSerialized Error:[22m[39m [90m{ errors: [ { stack: 'Error: c
onnect ECONNREFUSED ::1:3000\n    at createConnectionError (node:net:167
5:14)\n    at afterConnectMultiple (node:net:1705:16)', message: 'connec
t ECONNREFUSED ::1:3000', errno: -4078, code: 'ECONNREFUSED', syscall: '
connect', address: '::1', port: 3000, constructor: 'Function<Error>', na
me: 'Error', toString: 'Function<toString>' }, { stack: 'Error: connect 
ECONNREFUSED 127.0.0.1:3000\n    at createConnectionError (node:net:1675
:14)\n    at afterConnectMultiple (node:net:1705:16)', message: 'connect
 ECONNREFUSED 127.0.0.1:3000', errno: -4078, code: 'ECONNREFUSED', sysca
ll: 'connect', address: '127.0.0.1', port: 3000, constructor: 'Function<
Error>', name: 'Error', toString: 'Function<toString>' } ], code: 'ECONN
REFUSED' }[39m
[31m[2mÔÄ»ÔÄ»ÔÄ»ÔÄ»ÔÄ»ÔÄ»ÔÄ»ÔÄ»ÔÄ»ÔÄ»ÔÄ»ÔÄ»ÔÄ»ÔÄ»ÔÄ»ÔÄ»ÔÄ»ÔÄ»ÔÄ»ÔÄ»ÔÄ»
ÔÄ»[51/79]ÔÄ»[22m[39m

[31m[1m[7m FAIL [27m[22m[39m tests/test-api-time-approval.spec.ts
[2m > [22mAPI: Time Entry Approval[2m > [22mGET /api/time-entries/pen
ding[2m > [22mshould include adjustment minutes in calculation
[31m[1mTypeError[22m: fetch failed[39m
[36m [2mÔØ»[22m tests/test-api-time-approval.spec.ts:[2m197:24[22m
[39m
    [90m195| [39m
    [90m196| [39m    [34mit[39m([32m'should include adjustment minu
tes in calculation'[39m[33m,[39m [35masync[39m () [33m=>[39mÔÇª
    [90m197| [39m      [35mconst[39m response [33m=[39m [35mawait
[39m [34mfetch[39m(
    [90m   | [39m                       [31m^[39m
    [90m198| [39m        [32m`[39m[36m${[39m[33mAPI_BASE[39m[36
m}[39m[32m/api/time-entries/pending?restaurantId=[39m[36m${[39mtest
RestaÔÇª
    [90m199| [39m      )

{
  stack: 'AggregateError: \n' +
    '    at internalConnectMultiple (node:net:1139:18)\n' +
    '    at afterConnectMultiple (node:net:1712:7)',
  errors: [
    {
      stack: 'Error: connect ECONNREFUSED ::1:3000\n' +
        '    at createConnectionError (node:net:1675:14)\n' +
        '    at afterConnectMultiple (node:net:1705:16)',
      message: 'connect ECONNREFUSED ::1:3000',
      errno: -4078,
      code: 'ECONNREFUSED',
      syscall: 'connect',
      address: '::1',
      port: 3000,
      constructor: 'Function<Error>',
      name: 'Error',
      toString: 'Function<toString>'
    },
    {
      stack: 'Error: connect ECONNREFUSED 127.0.0.1:3000\n' +
        '    at createConnectionError (node:net:1675:14)\n' +
        '    at afterConnectMultiple (node:net:1705:16)',
      message: 'connect ECONNREFUSED 127.0.0.1:3000',
      errno: -4078,
      code: 'ECONNREFUSED',
      syscall: 'connect',
      address: '127.0.0.1',
      port: 3000,
      constructor: 'Function<Error>',
      name: 'Error',
      toString: 'Function<toString>'
    }
  ],
  code: 'ECONNREFUSED',
  stackStr: 'AggregateError: \n' +
    '    at internalConnectMultiple (node:net:1139:18)\n' +
    '    at afterConnectMultiple (node:net:1712:7)',
  nameStr: 'AggregateError',
  expected: 'undefined',
  actual: 'undefined',
  message: '',
  constructor: 'Function<AggregateError>',
  name: 'Caused by: AggregateError',
  toString: 'Function<toString>',
  stacks: []
}
[31m[2mÔÄ»ÔÄ»ÔÄ»ÔÄ»ÔÄ»ÔÄ»ÔÄ»ÔÄ»ÔÄ»ÔÄ»ÔÄ»ÔÄ»ÔÄ»ÔÄ»ÔÄ»ÔÄ»ÔÄ»ÔÄ»ÔÄ»ÔÄ»ÔÄ»
ÔÄ»ÔÄ»ÔÄ»ÔÄ»ÔÄ»ÔÄ»ÔÄ»ÔÄ»ÔÄ»[22m[39m
[31m[1mSerialized Error:[22m[39m [90m{ errors: [ { stack: 'Error: c
onnect ECONNREFUSED ::1:3000\n    at createConnectionError (node:net:167
5:14)\n    at afterConnectMultiple (node:net:1705:16)', message: 'connec
t ECONNREFUSED ::1:3000', errno: -4078, code: 'ECONNREFUSED', syscall: '
connect', address: '::1', port: 3000, constructor: 'Function<Error>', na
me: 'Error', toString: 'Function<toString>' }, { stack: 'Error: connect 
ECONNREFUSED 127.0.0.1:3000\n    at createConnectionError (node:net:1675
:14)\n    at afterConnectMultiple (node:net:1705:16)', message: 'connect
 ECONNREFUSED 127.0.0.1:3000', errno: -4078, code: 'ECONNREFUSED', sysca
ll: 'connect', address: '127.0.0.1', port: 3000, constructor: 'Function<
Error>', name: 'Error', toString: 'Function<toString>' } ], code: 'ECONN
REFUSED' }[39m
[31m[2mÔÄ»ÔÄ»ÔÄ»ÔÄ»ÔÄ»ÔÄ»ÔÄ»ÔÄ»ÔÄ»ÔÄ»ÔÄ»ÔÄ»ÔÄ»ÔÄ»ÔÄ»ÔÄ»ÔÄ»ÔÄ»ÔÄ»ÔÄ»ÔÄ»
ÔÄ»[52/79]ÔÄ»[22m[39m

[31m[1m[7m FAIL [27m[22m[39m tests/test-api-time-approval.spec.ts
[2m > [22mAPI: Time Entry Approval[2m > [22mGET /api/time-entries/pen
ding[2m > [22mshould not return already approved entries
[31m[1mTypeError[22m: fetch failed[39m
[36m [2mÔØ»[22m tests/test-api-time-approval.spec.ts:[2m211:24[22m
[39m
    [90m209| [39m
    [90m210| [39m    [34mit[39m([32m'should not return already appr
oved entries'[39m[33m,[39m [35masync[39m () [33m=>[39m {
    [90m211| [39m      [35mconst[39m response [33m=[39m [35mawait
[39m [34mfetch[39m(
    [90m   | [39m                       [31m^[39m
    [90m212| [39m        [32m`[39m[36m${[39m[33mAPI_BASE[39m[36
m}[39m[32m/api/time-entries/pending?restaurantId=[39m[36m${[39mtest
RestaÔÇª
    [90m213| [39m      )

{
  stack: 'AggregateError: \n' +
    '    at internalConnectMultiple (node:net:1139:18)\n' +
    '    at afterConnectMultiple (node:net:1712:7)',
  errors: [
    {
      stack: 'Error: connect ECONNREFUSED ::1:3000\n' +
        '    at createConnectionError (node:net:1675:14)\n' +
        '    at afterConnectMultiple (node:net:1705:16)',
      message: 'connect ECONNREFUSED ::1:3000',
      errno: -4078,
      code: 'ECONNREFUSED',
      syscall: 'connect',
      address: '::1',
      port: 3000,
      constructor: 'Function<Error>',
      name: 'Error',
      toString: 'Function<toString>'
    },
    {
      stack: 'Error: connect ECONNREFUSED 127.0.0.1:3000\n' +
        '    at createConnectionError (node:net:1675:14)\n' +
        '    at afterConnectMultiple (node:net:1705:16)',
      message: 'connect ECONNREFUSED 127.0.0.1:3000',
      errno: -4078,
      code: 'ECONNREFUSED',
      syscall: 'connect',
      address: '127.0.0.1',
      port: 3000,
      constructor: 'Function<Error>',
      name: 'Error',
      toString: 'Function<toString>'
    }
  ],
  code: 'ECONNREFUSED',
  stackStr: 'AggregateError: \n' +
    '    at internalConnectMultiple (node:net:1139:18)\n' +
    '    at afterConnectMultiple (node:net:1712:7)',
  nameStr: 'AggregateError',
  expected: 'undefined',
  actual: 'undefined',
  message: '',
  constructor: 'Function<AggregateError>',
  name: 'Caused by: AggregateError',
  toString: 'Function<toString>',
  stacks: []
}
[31m[2mÔÄ»ÔÄ»ÔÄ»ÔÄ»ÔÄ»ÔÄ»ÔÄ»ÔÄ»ÔÄ»ÔÄ»ÔÄ»ÔÄ»ÔÄ»ÔÄ»ÔÄ»ÔÄ»ÔÄ»ÔÄ»ÔÄ»ÔÄ»ÔÄ»
ÔÄ»ÔÄ»ÔÄ»ÔÄ»ÔÄ»ÔÄ»ÔÄ»ÔÄ»ÔÄ»[22m[39m
[31m[1mSerialized Error:[22m[39m [90m{ errors: [ { stack: 'Error: c
onnect ECONNREFUSED ::1:3000\n    at createConnectionError (node:net:167
5:14)\n    at afterConnectMultiple (node:net:1705:16)', message: 'connec
t ECONNREFUSED ::1:3000', errno: -4078, code: 'ECONNREFUSED', syscall: '
connect', address: '::1', port: 3000, constructor: 'Function<Error>', na
me: 'Error', toString: 'Function<toString>' }, { stack: 'Error: connect 
ECONNREFUSED 127.0.0.1:3000\n    at createConnectionError (node:net:1675
:14)\n    at afterConnectMultiple (node:net:1705:16)', message: 'connect
 ECONNREFUSED 127.0.0.1:3000', errno: -4078, code: 'ECONNREFUSED', sysca
ll: 'connect', address: '127.0.0.1', port: 3000, constructor: 'Function<
Error>', name: 'Error', toString: 'Function<toString>' } ], code: 'ECONN
REFUSED' }[39m
[31m[2mÔÄ»ÔÄ»ÔÄ»ÔÄ»ÔÄ»ÔÄ»ÔÄ»ÔÄ»ÔÄ»ÔÄ»ÔÄ»ÔÄ»ÔÄ»ÔÄ»ÔÄ»ÔÄ»ÔÄ»ÔÄ»ÔÄ»ÔÄ»ÔÄ»
ÔÄ»[53/79]ÔÄ»[22m[39m

[31m[1m[7m FAIL [27m[22m[39m tests/test-api-time-approval.spec.ts
[2m > [22mAPI: Time Entry Approval[2m > [22mGET /api/time-entries/pen
ding[2m > [22mshould return 400 without restaurantId
[31m[1mTypeError[22m: fetch failed[39m
[36m [2mÔØ»[22m tests/test-api-time-approval.spec.ts:[2m222:24[22m
[39m
    [90m220| [39m
    [90m221| [39m    [34mit[39m([32m'should return 400 without rest
aurantId'[39m[33m,[39m [35masync[39m () [33m=>[39m {
    [90m222| [39m      [35mconst[39m response [33m=[39m [35mawait
[39m [34mfetch[39m(
    [90m   | [39m                       [31m^[39m
    [90m223| [39m        [32m`[39m[36m${[39m[33mAPI_BASE[39m[36
m}[39m[32m/api/time-entries/pending`[39m
    [90m224| [39m      )

{
  stack: 'AggregateError: \n' +
    '    at internalConnectMultiple (node:net:1139:18)\n' +
    '    at afterConnectMultiple (node:net:1712:7)',
  errors: [
    {
      stack: 'Error: connect ECONNREFUSED ::1:3000\n' +
        '    at createConnectionError (node:net:1675:14)\n' +
        '    at afterConnectMultiple (node:net:1705:16)',
      message: 'connect ECONNREFUSED ::1:3000',
      errno: -4078,
      code: 'ECONNREFUSED',
      syscall: 'connect',
      address: '::1',
      port: 3000,
      constructor: 'Function<Error>',
      name: 'Error',
      toString: 'Function<toString>'
    },
    {
      stack: 'Error: connect ECONNREFUSED 127.0.0.1:3000\n' +
        '    at createConnectionError (node:net:1675:14)\n' +
        '    at afterConnectMultiple (node:net:1705:16)',
      message: 'connect ECONNREFUSED 127.0.0.1:3000',
      errno: -4078,
      code: 'ECONNREFUSED',
      syscall: 'connect',
      address: '127.0.0.1',
      port: 3000,
      constructor: 'Function<Error>',
      name: 'Error',
      toString: 'Function<toString>'
    }
  ],
  code: 'ECONNREFUSED',
  stackStr: 'AggregateError: \n' +
    '    at internalConnectMultiple (node:net:1139:18)\n' +
    '    at afterConnectMultiple (node:net:1712:7)',
  nameStr: 'AggregateError',
  expected: 'undefined',
  actual: 'undefined',
  message: '',
  constructor: 'Function<AggregateError>',
  name: 'Caused by: AggregateError',
  toString: 'Function<toString>',
  stacks: []
}
[31m[2mÔÄ»ÔÄ»ÔÄ»ÔÄ»ÔÄ»ÔÄ»ÔÄ»ÔÄ»ÔÄ»ÔÄ»ÔÄ»ÔÄ»ÔÄ»ÔÄ»ÔÄ»ÔÄ»ÔÄ»ÔÄ»ÔÄ»ÔÄ»ÔÄ»
ÔÄ»ÔÄ»ÔÄ»ÔÄ»ÔÄ»ÔÄ»ÔÄ»ÔÄ»ÔÄ»[22m[39m
[31m[1mSerialized Error:[22m[39m [90m{ errors: [ { stack: 'Error: c
onnect ECONNREFUSED ::1:3000\n    at createConnectionError (node:net:167
5:14)\n    at afterConnectMultiple (node:net:1705:16)', message: 'connec
t ECONNREFUSED ::1:3000', errno: -4078, code: 'ECONNREFUSED', syscall: '
connect', address: '::1', port: 3000, constructor: 'Function<Error>', na
me: 'Error', toString: 'Function<toString>' }, { stack: 'Error: connect 
ECONNREFUSED 127.0.0.1:3000\n    at createConnectionError (node:net:1675
:14)\n    at afterConnectMultiple (node:net:1705:16)', message: 'connect
 ECONNREFUSED 127.0.0.1:3000', errno: -4078, code: 'ECONNREFUSED', sysca
ll: 'connect', address: '127.0.0.1', port: 3000, constructor: 'Function<
Error>', name: 'Error', toString: 'Function<toString>' } ], code: 'ECONN
REFUSED' }[39m
[31m[2mÔÄ»ÔÄ»ÔÄ»ÔÄ»ÔÄ»ÔÄ»ÔÄ»ÔÄ»ÔÄ»ÔÄ»ÔÄ»ÔÄ»ÔÄ»ÔÄ»ÔÄ»ÔÄ»ÔÄ»ÔÄ»ÔÄ»ÔÄ»ÔÄ»
ÔÄ»[54/79]ÔÄ»[22m[39m

[31m[1m[7m FAIL [27m[22m[39m tests/test-api-time-approval.spec.ts
[2m > [22mAPI: Time Entry Approval[2m > [22mPOST /api/time-entries/ap
prove[2m > [22mshould approve a time entry
[31m[1mTypeError[22m: fetch failed[39m
[36m [2mÔØ»[22m tests/test-api-time-approval.spec.ts:[2m234:24[22m
[39m
    [90m232| [39m  [34mdescribe[39m([32m'POST /api/time-entries/app
rove'[39m[33m,[39m () [33m=>[39m {
    [90m233| [39m    [34mit[39m([32m'should approve a time entry'[
39m[33m,[39m [35masync[39m () [33m=>[39m {
    [90m234| [39m      [35mconst[39m response [33m=[39m [35mawait
[39m [34mfetch[39m(
    [90m   | [39m                       [31m^[39m
    [90m235| [39m        [32m`[39m[36m${[39m[33mAPI_BASE[39m[36
m}[39m[32m/api/time-entries/approve`[39m[33m,[39m
    [90m236| [39m        {

{
  stack: 'AggregateError: \n' +
    '    at internalConnectMultiple (node:net:1139:18)\n' +
    '    at afterConnectMultiple (node:net:1712:7)',
  errors: [
    {
      stack: 'Error: connect ECONNREFUSED ::1:3000\n' +
        '    at createConnectionError (node:net:1675:14)\n' +
        '    at afterConnectMultiple (node:net:1705:16)',
      message: 'connect ECONNREFUSED ::1:3000',
      errno: -4078,
      code: 'ECONNREFUSED',
      syscall: 'connect',
      address: '::1',
      port: 3000,
      constructor: 'Function<Error>',
      name: 'Error',
      toString: 'Function<toString>'
    },
    {
      stack: 'Error: connect ECONNREFUSED 127.0.0.1:3000\n' +
        '    at createConnectionError (node:net:1675:14)\n' +
        '    at afterConnectMultiple (node:net:1705:16)',
      message: 'connect ECONNREFUSED 127.0.0.1:3000',
      errno: -4078,
      code: 'ECONNREFUSED',
      syscall: 'connect',
      address: '127.0.0.1',
      port: 3000,
      constructor: 'Function<Error>',
      name: 'Error',
      toString: 'Function<toString>'
    }
  ],
  code: 'ECONNREFUSED',
  stackStr: 'AggregateError: \n' +
    '    at internalConnectMultiple (node:net:1139:18)\n' +
    '    at afterConnectMultiple (node:net:1712:7)',
  nameStr: 'AggregateError',
  expected: 'undefined',
  actual: 'undefined',
  message: '',
  constructor: 'Function<AggregateError>',
  name: 'Caused by: AggregateError',
  toString: 'Function<toString>',
  stacks: []
}
[31m[2mÔÄ»ÔÄ»ÔÄ»ÔÄ»ÔÄ»ÔÄ»ÔÄ»ÔÄ»ÔÄ»ÔÄ»ÔÄ»ÔÄ»ÔÄ»ÔÄ»ÔÄ»ÔÄ»ÔÄ»ÔÄ»ÔÄ»ÔÄ»ÔÄ»
ÔÄ»ÔÄ»ÔÄ»ÔÄ»ÔÄ»ÔÄ»ÔÄ»ÔÄ»ÔÄ»[22m[39m
[31m[1mSerialized Error:[22m[39m [90m{ errors: [ { stack: 'Error: c
onnect ECONNREFUSED ::1:3000\n    at createConnectionError (node:net:167
5:14)\n    at afterConnectMultiple (node:net:1705:16)', message: 'connec
t ECONNREFUSED ::1:3000', errno: -4078, code: 'ECONNREFUSED', syscall: '
connect', address: '::1', port: 3000, constructor: 'Function<Error>', na
me: 'Error', toString: 'Function<toString>' }, { stack: 'Error: connect 
ECONNREFUSED 127.0.0.1:3000\n    at createConnectionError (node:net:1675
:14)\n    at afterConnectMultiple (node:net:1705:16)', message: 'connect
 ECONNREFUSED 127.0.0.1:3000', errno: -4078, code: 'ECONNREFUSED', sysca
ll: 'connect', address: '127.0.0.1', port: 3000, constructor: 'Function<
Error>', name: 'Error', toString: 'Function<toString>' } ], code: 'ECONN
REFUSED' }[39m
[31m[2mÔÄ»ÔÄ»ÔÄ»ÔÄ»ÔÄ»ÔÄ»ÔÄ»ÔÄ»ÔÄ»ÔÄ»ÔÄ»ÔÄ»ÔÄ»ÔÄ»ÔÄ»ÔÄ»ÔÄ»ÔÄ»ÔÄ»ÔÄ»ÔÄ»
ÔÄ»[55/79]ÔÄ»[22m[39m

[31m[1m[7m FAIL [27m[22m[39m tests/test-api-time-approval.spec.ts
[2m > [22mAPI: Time Entry Approval[2m > [22mPOST /api/time-entries/ap
prove[2m > [22mshould reject a time entry with reason
[31m[1mTypeError[22m: fetch failed[39m
[36m [2mÔØ»[22m tests/test-api-time-approval.spec.ts:[2m267:24[22m
[39m
    [90m265| [39m
    [90m266| [39m    [34mit[39m([32m'should reject a time entry wit
h reason'[39m[33m,[39m [35masync[39m () [33m=>[39m {
    [90m267| [39m      [35mconst[39m response [33m=[39m [35mawait
[39m [34mfetch[39m(
    [90m   | [39m                       [31m^[39m
    [90m268| [39m        [32m`[39m[36m${[39m[33mAPI_BASE[39m[36
m}[39m[32m/api/time-entries/approve`[39m[33m,[39m
    [90m269| [39m        {

{
  stack: 'AggregateError: \n' +
    '    at internalConnectMultiple (node:net:1139:18)\n' +
    '    at afterConnectMultiple (node:net:1712:7)',
  errors: [
    {
      stack: 'Error: connect ECONNREFUSED ::1:3000\n' +
        '    at createConnectionError (node:net:1675:14)\n' +
        '    at afterConnectMultiple (node:net:1705:16)',
      message: 'connect ECONNREFUSED ::1:3000',
      errno: -4078,
      code: 'ECONNREFUSED',
      syscall: 'connect',
      address: '::1',
      port: 3000,
      constructor: 'Function<Error>',
      name: 'Error',
      toString: 'Function<toString>'
    },
    {
      stack: 'Error: connect ECONNREFUSED 127.0.0.1:3000\n' +
        '    at createConnectionError (node:net:1675:14)\n' +
        '    at afterConnectMultiple (node:net:1705:16)',
      message: 'connect ECONNREFUSED 127.0.0.1:3000',
      errno: -4078,
      code: 'ECONNREFUSED',
      syscall: 'connect',
      address: '127.0.0.1',
      port: 3000,
      constructor: 'Function<Error>',
      name: 'Error',
      toString: 'Function<toString>'
    }
  ],
  code: 'ECONNREFUSED',
  stackStr: 'AggregateError: \n' +
    '    at internalConnectMultiple (node:net:1139:18)\n' +
    '    at afterConnectMultiple (node:net:1712:7)',
  nameStr: 'AggregateError',
  expected: 'undefined',
  actual: 'undefined',
  message: '',
  constructor: 'Function<AggregateError>',
  name: 'Caused by: AggregateError',
  toString: 'Function<toString>',
  stacks: []
}
[31m[2mÔÄ»ÔÄ»ÔÄ»ÔÄ»ÔÄ»ÔÄ»ÔÄ»ÔÄ»ÔÄ»ÔÄ»ÔÄ»ÔÄ»ÔÄ»ÔÄ»ÔÄ»ÔÄ»ÔÄ»ÔÄ»ÔÄ»ÔÄ»ÔÄ»
ÔÄ»ÔÄ»ÔÄ»ÔÄ»ÔÄ»ÔÄ»ÔÄ»ÔÄ»ÔÄ»[22m[39m
[31m[1mSerialized Error:[22m[39m [90m{ errors: [ { stack: 'Error: c
onnect ECONNREFUSED ::1:3000\n    at createConnectionError (node:net:167
5:14)\n    at afterConnectMultiple (node:net:1705:16)', message: 'connec
t ECONNREFUSED ::1:3000', errno: -4078, code: 'ECONNREFUSED', syscall: '
connect', address: '::1', port: 3000, constructor: 'Function<Error>', na
me: 'Error', toString: 'Function<toString>' }, { stack: 'Error: connect 
ECONNREFUSED 127.0.0.1:3000\n    at createConnectionError (node:net:1675
:14)\n    at afterConnectMultiple (node:net:1705:16)', message: 'connect
 ECONNREFUSED 127.0.0.1:3000', errno: -4078, code: 'ECONNREFUSED', sysca
ll: 'connect', address: '127.0.0.1', port: 3000, constructor: 'Function<
Error>', name: 'Error', toString: 'Function<toString>' } ], code: 'ECONN
REFUSED' }[39m
[31m[2mÔÄ»ÔÄ»ÔÄ»ÔÄ»ÔÄ»ÔÄ»ÔÄ»ÔÄ»ÔÄ»ÔÄ»ÔÄ»ÔÄ»ÔÄ»ÔÄ»ÔÄ»ÔÄ»ÔÄ»ÔÄ»ÔÄ»ÔÄ»ÔÄ»
ÔÄ»[56/79]ÔÄ»[22m[39m

[31m[1m[7m FAIL [27m[22m[39m tests/test-api-time-approval.spec.ts
[2m > [22mAPI: Time Entry Approval[2m > [22mPOST /api/time-entries/ap
prove[2m > [22mshould return 400 with invalid data
[31m[1mTypeError[22m: fetch failed[39m
[36m [2mÔØ»[22m tests/test-api-time-approval.spec.ts:[2m299:24[22m
[39m
    [90m297| [39m
    [90m298| [39m    [34mit[39m([32m'should return 400 with invalid
 data'[39m[33m,[39m [35masync[39m () [33m=>[39m {
    [90m299| [39m      [35mconst[39m response [33m=[39m [35mawait
[39m [34mfetch[39m(
    [90m   | [39m                       [31m^[39m
    [90m300| [39m        [32m`[39m[36m${[39m[33mAPI_BASE[39m[36
m}[39m[32m/api/time-entries/approve`[39m[33m,[39m
    [90m301| [39m        {

{
  stack: 'AggregateError: \n' +
    '    at internalConnectMultiple (node:net:1139:18)\n' +
    '    at afterConnectMultiple (node:net:1712:7)',
  errors: [
    {
      stack: 'Error: connect ECONNREFUSED ::1:3000\n' +
        '    at createConnectionError (node:net:1675:14)\n' +
        '    at afterConnectMultiple (node:net:1705:16)',
      message: 'connect ECONNREFUSED ::1:3000',
      errno: -4078,
      code: 'ECONNREFUSED',
      syscall: 'connect',
      address: '::1',
      port: 3000,
      constructor: 'Function<Error>',
      name: 'Error',
      toString: 'Function<toString>'
    },
    {
      stack: 'Error: connect ECONNREFUSED 127.0.0.1:3000\n' +
        '    at createConnectionError (node:net:1675:14)\n' +
        '    at afterConnectMultiple (node:net:1705:16)',
      message: 'connect ECONNREFUSED 127.0.0.1:3000',
      errno: -4078,
      code: 'ECONNREFUSED',
      syscall: 'connect',
      address: '127.0.0.1',
      port: 3000,
      constructor: 'Function<Error>',
      name: 'Error',
      toString: 'Function<toString>'
    }
  ],
  code: 'ECONNREFUSED',
  stackStr: 'AggregateError: \n' +
    '    at internalConnectMultiple (node:net:1139:18)\n' +
    '    at afterConnectMultiple (node:net:1712:7)',
  nameStr: 'AggregateError',
  expected: 'undefined',
  actual: 'undefined',
  message: '',
  constructor: 'Function<AggregateError>',
  name: 'Caused by: AggregateError',
  toString: 'Function<toString>',
  stacks: []
}
[31m[2mÔÄ»ÔÄ»ÔÄ»ÔÄ»ÔÄ»ÔÄ»ÔÄ»ÔÄ»ÔÄ»ÔÄ»ÔÄ»ÔÄ»ÔÄ»ÔÄ»ÔÄ»ÔÄ»ÔÄ»ÔÄ»ÔÄ»ÔÄ»ÔÄ»
ÔÄ»ÔÄ»ÔÄ»ÔÄ»ÔÄ»ÔÄ»ÔÄ»ÔÄ»ÔÄ»[22m[39m
[31m[1mSerialized Error:[22m[39m [90m{ errors: [ { stack: 'Error: c
onnect ECONNREFUSED ::1:3000\n    at createConnectionError (node:net:167
5:14)\n    at afterConnectMultiple (node:net:1705:16)', message: 'connec
t ECONNREFUSED ::1:3000', errno: -4078, code: 'ECONNREFUSED', syscall: '
connect', address: '::1', port: 3000, constructor: 'Function<Error>', na
me: 'Error', toString: 'Function<toString>' }, { stack: 'Error: connect 
ECONNREFUSED 127.0.0.1:3000\n    at createConnectionError (node:net:1675
:14)\n    at afterConnectMultiple (node:net:1705:16)', message: 'connect
 ECONNREFUSED 127.0.0.1:3000', errno: -4078, code: 'ECONNREFUSED', sysca
ll: 'connect', address: '127.0.0.1', port: 3000, constructor: 'Function<
Error>', name: 'Error', toString: 'Function<toString>' } ], code: 'ECONN
REFUSED' }[39m
[31m[2mÔÄ»ÔÄ»ÔÄ»ÔÄ»ÔÄ»ÔÄ»ÔÄ»ÔÄ»ÔÄ»ÔÄ»ÔÄ»ÔÄ»ÔÄ»ÔÄ»ÔÄ»ÔÄ»ÔÄ»ÔÄ»ÔÄ»ÔÄ»ÔÄ»
ÔÄ»[57/79]ÔÄ»[22m[39m

[31m[1m[7m FAIL [27m[22m[39m tests/test-api-time-approval.spec.ts
[2m > [22mAPI: Time Entry Approval[2m > [22mPOST /api/time-entries/ap
prove[2m > [22mshould return 404 with non-existent entry
[31m[1mTypeError[22m: fetch failed[39m
[36m [2mÔØ»[22m tests/test-api-time-approval.spec.ts:[2m319:24[22m
[39m
    [90m317| [39m
    [90m318| [39m    [34mit[39m([32m'should return 404 with non-exi
stent entry'[39m[33m,[39m [35masync[39m () [33m=>[39m {
    [90m319| [39m      [35mconst[39m response [33m=[39m [35mawait
[39m [34mfetch[39m(
    [90m   | [39m                       [31m^[39m
    [90m320| [39m        [32m`[39m[36m${[39m[33mAPI_BASE[39m[36
m}[39m[32m/api/time-entries/approve`[39m[33m,[39m
    [90m321| [39m        {

{
  stack: 'AggregateError: \n' +
    '    at internalConnectMultiple (node:net:1139:18)\n' +
    '    at afterConnectMultiple (node:net:1712:7)',
  errors: [
    {
      stack: 'Error: connect ECONNREFUSED ::1:3000\n' +
        '    at createConnectionError (node:net:1675:14)\n' +
        '    at afterConnectMultiple (node:net:1705:16)',
      message: 'connect ECONNREFUSED ::1:3000',
      errno: -4078,
      code: 'ECONNREFUSED',
      syscall: 'connect',
      address: '::1',
      port: 3000,
      constructor: 'Function<Error>',
      name: 'Error',
      toString: 'Function<toString>'
    },
    {
      stack: 'Error: connect ECONNREFUSED 127.0.0.1:3000\n' +
        '    at createConnectionError (node:net:1675:14)\n' +
        '    at afterConnectMultiple (node:net:1705:16)',
      message: 'connect ECONNREFUSED 127.0.0.1:3000',
      errno: -4078,
      code: 'ECONNREFUSED',
      syscall: 'connect',
      address: '127.0.0.1',
      port: 3000,
      constructor: 'Function<Error>',
      name: 'Error',
      toString: 'Function<toString>'
    }
  ],
  code: 'ECONNREFUSED',
  stackStr: 'AggregateError: \n' +
    '    at internalConnectMultiple (node:net:1139:18)\n' +
    '    at afterConnectMultiple (node:net:1712:7)',
  nameStr: 'AggregateError',
  expected: 'undefined',
  actual: 'undefined',
  message: '',
  constructor: 'Function<AggregateError>',
  name: 'Caused by: AggregateError',
  toString: 'Function<toString>',
  stacks: []
}
[31m[2mÔÄ»ÔÄ»ÔÄ»ÔÄ»ÔÄ»ÔÄ»ÔÄ»ÔÄ»ÔÄ»ÔÄ»ÔÄ»ÔÄ»ÔÄ»ÔÄ»ÔÄ»ÔÄ»ÔÄ»ÔÄ»ÔÄ»ÔÄ»ÔÄ»
ÔÄ»ÔÄ»ÔÄ»ÔÄ»ÔÄ»ÔÄ»ÔÄ»ÔÄ»ÔÄ»[22m[39m
[31m[1mSerialized Error:[22m[39m [90m{ errors: [ { stack: 'Error: c
onnect ECONNREFUSED ::1:3000\n    at createConnectionError (node:net:167
5:14)\n    at afterConnectMultiple (node:net:1705:16)', message: 'connec
t ECONNREFUSED ::1:3000', errno: -4078, code: 'ECONNREFUSED', syscall: '
connect', address: '::1', port: 3000, constructor: 'Function<Error>', na
me: 'Error', toString: 'Function<toString>' }, { stack: 'Error: connect 
ECONNREFUSED 127.0.0.1:3000\n    at createConnectionError (node:net:1675
:14)\n    at afterConnectMultiple (node:net:1705:16)', message: 'connect
 ECONNREFUSED 127.0.0.1:3000', errno: -4078, code: 'ECONNREFUSED', sysca
ll: 'connect', address: '127.0.0.1', port: 3000, constructor: 'Function<
Error>', name: 'Error', toString: 'Function<toString>' } ], code: 'ECONN
REFUSED' }[39m
[31m[2mÔÄ»ÔÄ»ÔÄ»ÔÄ»ÔÄ»ÔÄ»ÔÄ»ÔÄ»ÔÄ»ÔÄ»ÔÄ»ÔÄ»ÔÄ»ÔÄ»ÔÄ»ÔÄ»ÔÄ»ÔÄ»ÔÄ»ÔÄ»ÔÄ»
ÔÄ»[58/79]ÔÄ»[22m[39m

[31m[1m[7m FAIL [27m[22m[39m tests/test-api-time-approval.spec.ts
[2m > [22mAPI: Time Entry Approval[2m > [22mPOST /api/time-entries/ap
prove[2m > [22mshould return 400 when trying to approve non-pending en
try
[31m[1mTypeError[22m: fetch failed[39m
[36m [2mÔØ»[22m tests/test-api-time-approval.spec.ts:[2m344:24[22m
[39m
    [90m342| [39m
    [90m343| [39m      [90m// Try to approve again[39m
    [90m344| [39m      [35mconst[39m response [33m=[39m [35mawait
[39m [34mfetch[39m(
    [90m   | [39m                       [31m^[39m
    [90m345| [39m        [32m`[39m[36m${[39m[33mAPI_BASE[39m[36
m}[39m[32m/api/time-entries/approve`[39m[33m,[39m
    [90m346| [39m        {

{
  stack: 'AggregateError: \n' +
    '    at internalConnectMultiple (node:net:1139:18)\n' +
    '    at afterConnectMultiple (node:net:1712:7)',
  errors: [
    {
      stack: 'Error: connect ECONNREFUSED ::1:3000\n' +
        '    at createConnectionError (node:net:1675:14)\n' +
        '    at afterConnectMultiple (node:net:1705:16)',
      message: 'connect ECONNREFUSED ::1:3000',
      errno: -4078,
      code: 'ECONNREFUSED',
      syscall: 'connect',
      address: '::1',
      port: 3000,
      constructor: 'Function<Error>',
      name: 'Error',
      toString: 'Function<toString>'
    },
    {
      stack: 'Error: connect ECONNREFUSED 127.0.0.1:3000\n' +
        '    at createConnectionError (node:net:1675:14)\n' +
        '    at afterConnectMultiple (node:net:1705:16)',
      message: 'connect ECONNREFUSED 127.0.0.1:3000',
      errno: -4078,
      code: 'ECONNREFUSED',
      syscall: 'connect',
      address: '127.0.0.1',
      port: 3000,
      constructor: 'Function<Error>',
      name: 'Error',
      toString: 'Function<toString>'
    }
  ],
  code: 'ECONNREFUSED',
  stackStr: 'AggregateError: \n' +
    '    at internalConnectMultiple (node:net:1139:18)\n' +
    '    at afterConnectMultiple (node:net:1712:7)',
  nameStr: 'AggregateError',
  expected: 'undefined',
  actual: 'undefined',
  message: '',
  constructor: 'Function<AggregateError>',
  name: 'Caused by: AggregateError',
  toString: 'Function<toString>',
  stacks: []
}
[31m[2mÔÄ»ÔÄ»ÔÄ»ÔÄ»ÔÄ»ÔÄ»ÔÄ»ÔÄ»ÔÄ»ÔÄ»ÔÄ»ÔÄ»ÔÄ»ÔÄ»ÔÄ»ÔÄ»ÔÄ»ÔÄ»ÔÄ»ÔÄ»ÔÄ»
ÔÄ»ÔÄ»ÔÄ»ÔÄ»ÔÄ»ÔÄ»ÔÄ»ÔÄ»ÔÄ»[22m[39m
[31m[1mSerialized Error:[22m[39m [90m{ errors: [ { stack: 'Error: c
onnect ECONNREFUSED ::1:3000\n    at createConnectionError (node:net:167
5:14)\n    at afterConnectMultiple (node:net:1705:16)', message: 'connec
t ECONNREFUSED ::1:3000', errno: -4078, code: 'ECONNREFUSED', syscall: '
connect', address: '::1', port: 3000, constructor: 'Function<Error>', na
me: 'Error', toString: 'Function<toString>' }, { stack: 'Error: connect 
ECONNREFUSED 127.0.0.1:3000\n    at createConnectionError (node:net:1675
:14)\n    at afterConnectMultiple (node:net:1705:16)', message: 'connect
 ECONNREFUSED 127.0.0.1:3000', errno: -4078, code: 'ECONNREFUSED', sysca
ll: 'connect', address: '127.0.0.1', port: 3000, constructor: 'Function<
Error>', name: 'Error', toString: 'Function<toString>' } ], code: 'ECONN
REFUSED' }[39m
[31m[2mÔÄ»ÔÄ»ÔÄ»ÔÄ»ÔÄ»ÔÄ»ÔÄ»ÔÄ»ÔÄ»ÔÄ»ÔÄ»ÔÄ»ÔÄ»ÔÄ»ÔÄ»ÔÄ»ÔÄ»ÔÄ»ÔÄ»ÔÄ»ÔÄ»
ÔÄ»[59/79]ÔÄ»[22m[39m

[31m[1m[7m FAIL [27m[22m[39m tests/test-api-time-entries-summary.s
pec.ts[2m > [22mAPI: /api/time-entries/summary[2m > [22mshould retur
n monthly summary with correct totals
[31m[1mTypeError[22m: fetch failed[39m
[36m [2mÔØ»[22m tests/test-api-time-entries-summary.spec.ts:[2m131:2
2[22m[39m
    [90m129| [39m
    [90m130| [39m  [34mit[39m([32m'should return monthly summary wi
th correct totals'[39m[33m,[39m [35masync[39m () [33m=>[39m {
    [90m131| [39m    [35mconst[39m response [33m=[39m [35mawait[
39m [34mfetch[39m(
    [90m   | [39m                     [31m^[39m
    [90m132| [39m      [32m`[39m[36m${[39m[33mAPI_BASE[39m[36m}
[39m[32m/api/time-entries/summary?membershipId=[39m[36m${[39mtestMe
mbersÔÇª
    [90m133| [39m    )

{
  stack: 'AggregateError: \n' +
    '    at internalConnectMultiple (node:net:1139:18)\n' +
    '    at afterConnectMultiple (node:net:1712:7)',
  errors: [
    {
      stack: 'Error: connect ECONNREFUSED ::1:3000\n' +
        '    at createConnectionError (node:net:1675:14)\n' +
        '    at afterConnectMultiple (node:net:1705:16)',
      message: 'connect ECONNREFUSED ::1:3000',
      errno: -4078,
      code: 'ECONNREFUSED',
      syscall: 'connect',
      address: '::1',
      port: 3000,
      constructor: 'Function<Error>',
      name: 'Error',
      toString: 'Function<toString>'
    },
    {
      stack: 'Error: connect ECONNREFUSED 127.0.0.1:3000\n' +
        '    at createConnectionError (node:net:1675:14)\n' +
        '    at afterConnectMultiple (node:net:1705:16)',
      message: 'connect ECONNREFUSED 127.0.0.1:3000',
      errno: -4078,
      code: 'ECONNREFUSED',
      syscall: 'connect',
      address: '127.0.0.1',
      port: 3000,
      constructor: 'Function<Error>',
      name: 'Error',
      toString: 'Function<toString>'
    }
  ],
  code: 'ECONNREFUSED',
  stackStr: 'AggregateError: \n' +
    '    at internalConnectMultiple (node:net:1139:18)\n' +
    '    at afterConnectMultiple (node:net:1712:7)',
  nameStr: 'AggregateError',
  expected: 'undefined',
  actual: 'undefined',
  message: '',
  constructor: 'Function<AggregateError>',
  name: 'Caused by: AggregateError',
  toString: 'Function<toString>',
  stacks: []
}
[31m[2mÔÄ»ÔÄ»ÔÄ»ÔÄ»ÔÄ»ÔÄ»ÔÄ»ÔÄ»ÔÄ»ÔÄ»ÔÄ»ÔÄ»ÔÄ»ÔÄ»ÔÄ»ÔÄ»ÔÄ»ÔÄ»ÔÄ»ÔÄ»ÔÄ»
ÔÄ»ÔÄ»ÔÄ»ÔÄ»ÔÄ»ÔÄ»ÔÄ»ÔÄ»ÔÄ»[22m[39m
[31m[1mSerialized Error:[22m[39m [90m{ errors: [ { stack: 'Error: c
onnect ECONNREFUSED ::1:3000\n    at createConnectionError (node:net:167
5:14)\n    at afterConnectMultiple (node:net:1705:16)', message: 'connec
t ECONNREFUSED ::1:3000', errno: -4078, code: 'ECONNREFUSED', syscall: '
connect', address: '::1', port: 3000, constructor: 'Function<Error>', na
me: 'Error', toString: 'Function<toString>' }, { stack: 'Error: connect 
ECONNREFUSED 127.0.0.1:3000\n    at createConnectionError (node:net:1675
:14)\n    at afterConnectMultiple (node:net:1705:16)', message: 'connect
 ECONNREFUSED 127.0.0.1:3000', errno: -4078, code: 'ECONNREFUSED', sysca
ll: 'connect', address: '127.0.0.1', port: 3000, constructor: 'Function<
Error>', name: 'Error', toString: 'Function<toString>' } ], code: 'ECONN
REFUSED' }[39m
[31m[2mÔÄ»ÔÄ»ÔÄ»ÔÄ»ÔÄ»ÔÄ»ÔÄ»ÔÄ»ÔÄ»ÔÄ»ÔÄ»ÔÄ»ÔÄ»ÔÄ»ÔÄ»ÔÄ»ÔÄ»ÔÄ»ÔÄ»ÔÄ»ÔÄ»
ÔÄ»[60/79]ÔÄ»[22m[39m

[31m[1m[7m FAIL [27m[22m[39m tests/test-api-time-entries-summary.s
pec.ts[2m > [22mAPI: /api/time-entries/summary[2m > [22mshould retur
n weekly breakdown
[31m[1mTypeError[22m: fetch failed[39m
[36m [2mÔØ»[22m tests/test-api-time-entries-summary.spec.ts:[2m147:2
2[22m[39m
    [90m145| [39m
    [90m146| [39m  [34mit[39m([32m'should return weekly breakdown'
[39m[33m,[39m [35masync[39m () [33m=>[39m {
    [90m147| [39m    [35mconst[39m response [33m=[39m [35mawait[
39m [34mfetch[39m(
    [90m   | [39m                     [31m^[39m
    [90m148| [39m      [32m`[39m[36m${[39m[33mAPI_BASE[39m[36m}
[39m[32m/api/time-entries/summary?membershipId=[39m[36m${[39mtestMe
mbersÔÇª
    [90m149| [39m    )

{
  stack: 'AggregateError: \n' +
    '    at internalConnectMultiple (node:net:1139:18)\n' +
    '    at afterConnectMultiple (node:net:1712:7)',
  errors: [
    {
      stack: 'Error: connect ECONNREFUSED ::1:3000\n' +
        '    at createConnectionError (node:net:1675:14)\n' +
        '    at afterConnectMultiple (node:net:1705:16)',
      message: 'connect ECONNREFUSED ::1:3000',
      errno: -4078,
      code: 'ECONNREFUSED',
      syscall: 'connect',
      address: '::1',
      port: 3000,
      constructor: 'Function<Error>',
      name: 'Error',
      toString: 'Function<toString>'
    },
    {
      stack: 'Error: connect ECONNREFUSED 127.0.0.1:3000\n' +
        '    at createConnectionError (node:net:1675:14)\n' +
        '    at afterConnectMultiple (node:net:1705:16)',
      message: 'connect ECONNREFUSED 127.0.0.1:3000',
      errno: -4078,
      code: 'ECONNREFUSED',
      syscall: 'connect',
      address: '127.0.0.1',
      port: 3000,
      constructor: 'Function<Error>',
      name: 'Error',
      toString: 'Function<toString>'
    }
  ],
  code: 'ECONNREFUSED',
  stackStr: 'AggregateError: \n' +
    '    at internalConnectMultiple (node:net:1139:18)\n' +
    '    at afterConnectMultiple (node:net:1712:7)',
  nameStr: 'AggregateError',
  expected: 'undefined',
  actual: 'undefined',
  message: '',
  constructor: 'Function<AggregateError>',
  name: 'Caused by: AggregateError',
  toString: 'Function<toString>',
  stacks: []
}
[31m[2mÔÄ»ÔÄ»ÔÄ»ÔÄ»ÔÄ»ÔÄ»ÔÄ»ÔÄ»ÔÄ»ÔÄ»ÔÄ»ÔÄ»ÔÄ»ÔÄ»ÔÄ»ÔÄ»ÔÄ»ÔÄ»ÔÄ»ÔÄ»ÔÄ»
ÔÄ»ÔÄ»ÔÄ»ÔÄ»ÔÄ»ÔÄ»ÔÄ»ÔÄ»ÔÄ»[22m[39m
[31m[1mSerialized Error:[22m[39m [90m{ errors: [ { stack: 'Error: c
onnect ECONNREFUSED ::1:3000\n    at createConnectionError (node:net:167
5:14)\n    at afterConnectMultiple (node:net:1705:16)', message: 'connec
t ECONNREFUSED ::1:3000', errno: -4078, code: 'ECONNREFUSED', syscall: '
connect', address: '::1', port: 3000, constructor: 'Function<Error>', na
me: 'Error', toString: 'Function<toString>' }, { stack: 'Error: connect 
ECONNREFUSED 127.0.0.1:3000\n    at createConnectionError (node:net:1675
:14)\n    at afterConnectMultiple (node:net:1705:16)', message: 'connect
 ECONNREFUSED 127.0.0.1:3000', errno: -4078, code: 'ECONNREFUSED', sysca
ll: 'connect', address: '127.0.0.1', port: 3000, constructor: 'Function<
Error>', name: 'Error', toString: 'Function<toString>' } ], code: 'ECONN
REFUSED' }[39m
[31m[2mÔÄ»ÔÄ»ÔÄ»ÔÄ»ÔÄ»ÔÄ»ÔÄ»ÔÄ»ÔÄ»ÔÄ»ÔÄ»ÔÄ»ÔÄ»ÔÄ»ÔÄ»ÔÄ»ÔÄ»ÔÄ»ÔÄ»ÔÄ»ÔÄ»
ÔÄ»[61/79]ÔÄ»[22m[39m

[31m[1m[7m FAIL [27m[22m[39m tests/test-api-time-entries-summary.s
pec.ts[2m > [22mAPI: /api/time-entries/summary[2m > [22mshould retur
n recent entries
[31m[1mTypeError[22m: fetch failed[39m
[36m [2mÔØ»[22m tests/test-api-time-entries-summary.spec.ts:[2m167:2
2[22m[39m
    [90m165| [39m
    [90m166| [39m  [34mit[39m([32m'should return recent entries'[3
9m[33m,[39m [35masync[39m () [33m=>[39m {
    [90m167| [39m    [35mconst[39m response [33m=[39m [35mawait[
39m [34mfetch[39m(
    [90m   | [39m                     [31m^[39m
    [90m168| [39m      [32m`[39m[36m${[39m[33mAPI_BASE[39m[36m}
[39m[32m/api/time-entries/summary?membershipId=[39m[36m${[39mtestMe
mbersÔÇª
    [90m169| [39m    )

{
  stack: 'AggregateError: \n' +
    '    at internalConnectMultiple (node:net:1139:18)\n' +
    '    at afterConnectMultiple (node:net:1712:7)',
  errors: [
    {
      stack: 'Error: connect ECONNREFUSED ::1:3000\n' +
        '    at createConnectionError (node:net:1675:14)\n' +
        '    at afterConnectMultiple (node:net:1705:16)',
      message: 'connect ECONNREFUSED ::1:3000',
      errno: -4078,
      code: 'ECONNREFUSED',
      syscall: 'connect',
      address: '::1',
      port: 3000,
      constructor: 'Function<Error>',
      name: 'Error',
      toString: 'Function<toString>'
    },
    {
      stack: 'Error: connect ECONNREFUSED 127.0.0.1:3000\n' +
        '    at createConnectionError (node:net:1675:14)\n' +
        '    at afterConnectMultiple (node:net:1705:16)',
      message: 'connect ECONNREFUSED 127.0.0.1:3000',
      errno: -4078,
      code: 'ECONNREFUSED',
      syscall: 'connect',
      address: '127.0.0.1',
      port: 3000,
      constructor: 'Function<Error>',
      name: 'Error',
      toString: 'Function<toString>'
    }
  ],
  code: 'ECONNREFUSED',
  stackStr: 'AggregateError: \n' +
    '    at internalConnectMultiple (node:net:1139:18)\n' +
    '    at afterConnectMultiple (node:net:1712:7)',
  nameStr: 'AggregateError',
  expected: 'undefined',
  actual: 'undefined',
  message: '',
  constructor: 'Function<AggregateError>',
  name: 'Caused by: AggregateError',
  toString: 'Function<toString>',
  stacks: []
}
[31m[2mÔÄ»ÔÄ»ÔÄ»ÔÄ»ÔÄ»ÔÄ»ÔÄ»ÔÄ»ÔÄ»ÔÄ»ÔÄ»ÔÄ»ÔÄ»ÔÄ»ÔÄ»ÔÄ»ÔÄ»ÔÄ»ÔÄ»ÔÄ»ÔÄ»
ÔÄ»ÔÄ»ÔÄ»ÔÄ»ÔÄ»ÔÄ»ÔÄ»ÔÄ»ÔÄ»[22m[39m
[31m[1mSerialized Error:[22m[39m [90m{ errors: [ { stack: 'Error: c
onnect ECONNREFUSED ::1:3000\n    at createConnectionError (node:net:167
5:14)\n    at afterConnectMultiple (node:net:1705:16)', message: 'connec
t ECONNREFUSED ::1:3000', errno: -4078, code: 'ECONNREFUSED', syscall: '
connect', address: '::1', port: 3000, constructor: 'Function<Error>', na
me: 'Error', toString: 'Function<toString>' }, { stack: 'Error: connect 
ECONNREFUSED 127.0.0.1:3000\n    at createConnectionError (node:net:1675
:14)\n    at afterConnectMultiple (node:net:1705:16)', message: 'connect
 ECONNREFUSED 127.0.0.1:3000', errno: -4078, code: 'ECONNREFUSED', sysca
ll: 'connect', address: '127.0.0.1', port: 3000, constructor: 'Function<
Error>', name: 'Error', toString: 'Function<toString>' } ], code: 'ECONN
REFUSED' }[39m
[31m[2mÔÄ»ÔÄ»ÔÄ»ÔÄ»ÔÄ»ÔÄ»ÔÄ»ÔÄ»ÔÄ»ÔÄ»ÔÄ»ÔÄ»ÔÄ»ÔÄ»ÔÄ»ÔÄ»ÔÄ»ÔÄ»ÔÄ»ÔÄ»ÔÄ»
ÔÄ»[62/79]ÔÄ»[22m[39m

[31m[1m[7m FAIL [27m[22m[39m tests/test-api-time-entries-summary.s
pec.ts[2m > [22mAPI: /api/time-entries/summary[2m > [22mshould retur
n 400 if membershipId is missing
[31m[1mTypeError[22m: fetch failed[39m
[36m [2mÔØ»[22m tests/test-api-time-entries-summary.spec.ts:[2m188:2
2[22m[39m
    [90m186| [39m
    [90m187| [39m  [34mit[39m([32m'should return 400 if membershipI
d is missing'[39m[33m,[39m [35masync[39m () [33m=>[39m {
    [90m188| [39m    [35mconst[39m response [33m=[39m [35mawait[
39m [34mfetch[39m([32m`[39m[36m${[39m[33mAPI_BASE[39m[36m}[39m
[32m/api/time-entries/summary[39mÔÇª
    [90m   | [39m                     [31m^[39m
    [90m189| [39m
    [90m190| [39m    [34mexpect[39m(response[33m.[39mstatus)[33m.
[39m[34mtoBe[39m([34m400[39m)

{
  stack: 'AggregateError: \n' +
    '    at internalConnectMultiple (node:net:1139:18)\n' +
    '    at afterConnectMultiple (node:net:1712:7)',
  errors: [
    {
      stack: 'Error: connect ECONNREFUSED ::1:3000\n' +
        '    at createConnectionError (node:net:1675:14)\n' +
        '    at afterConnectMultiple (node:net:1705:16)',
      message: 'connect ECONNREFUSED ::1:3000',
      errno: -4078,
      code: 'ECONNREFUSED',
      syscall: 'connect',
      address: '::1',
      port: 3000,
      constructor: 'Function<Error>',
      name: 'Error',
      toString: 'Function<toString>'
    },
    {
      stack: 'Error: connect ECONNREFUSED 127.0.0.1:3000\n' +
        '    at createConnectionError (node:net:1675:14)\n' +
        '    at afterConnectMultiple (node:net:1705:16)',
      message: 'connect ECONNREFUSED 127.0.0.1:3000',
      errno: -4078,
      code: 'ECONNREFUSED',
      syscall: 'connect',
      address: '127.0.0.1',
      port: 3000,
      constructor: 'Function<Error>',
      name: 'Error',
      toString: 'Function<toString>'
    }
  ],
  code: 'ECONNREFUSED',
  stackStr: 'AggregateError: \n' +
    '    at internalConnectMultiple (node:net:1139:18)\n' +
    '    at afterConnectMultiple (node:net:1712:7)',
  nameStr: 'AggregateError',
  expected: 'undefined',
  actual: 'undefined',
  message: '',
  constructor: 'Function<AggregateError>',
  name: 'Caused by: AggregateError',
  toString: 'Function<toString>',
  stacks: []
}
[31m[2mÔÄ»ÔÄ»ÔÄ»ÔÄ»ÔÄ»ÔÄ»ÔÄ»ÔÄ»ÔÄ»ÔÄ»ÔÄ»ÔÄ»ÔÄ»ÔÄ»ÔÄ»ÔÄ»ÔÄ»ÔÄ»ÔÄ»ÔÄ»ÔÄ»
ÔÄ»ÔÄ»ÔÄ»ÔÄ»ÔÄ»ÔÄ»ÔÄ»ÔÄ»ÔÄ»[22m[39m
[31m[1mSerialized Error:[22m[39m [90m{ errors: [ { stack: 'Error: c
onnect ECONNREFUSED ::1:3000\n    at createConnectionError (node:net:167
5:14)\n    at afterConnectMultiple (node:net:1705:16)', message: 'connec
t ECONNREFUSED ::1:3000', errno: -4078, code: 'ECONNREFUSED', syscall: '
connect', address: '::1', port: 3000, constructor: 'Function<Error>', na
me: 'Error', toString: 'Function<toString>' }, { stack: 'Error: connect 
ECONNREFUSED 127.0.0.1:3000\n    at createConnectionError (node:net:1675
:14)\n    at afterConnectMultiple (node:net:1705:16)', message: 'connect
 ECONNREFUSED 127.0.0.1:3000', errno: -4078, code: 'ECONNREFUSED', sysca
ll: 'connect', address: '127.0.0.1', port: 3000, constructor: 'Function<
Error>', name: 'Error', toString: 'Function<toString>' } ], code: 'ECONN
REFUSED' }[39m
[31m[2mÔÄ»ÔÄ»ÔÄ»ÔÄ»ÔÄ»ÔÄ»ÔÄ»ÔÄ»ÔÄ»ÔÄ»ÔÄ»ÔÄ»ÔÄ»ÔÄ»ÔÄ»ÔÄ»ÔÄ»ÔÄ»ÔÄ»ÔÄ»ÔÄ»
ÔÄ»[63/79]ÔÄ»[22m[39m

[31m[1m[7m FAIL [27m[22m[39m tests/test-api-time-entries-summary.s
pec.ts[2m > [22mAPI: /api/time-entries/summary[2m > [22mshould retur
n 404 if membership not found
[31m[1mTypeError[22m: fetch failed[39m
[36m [2mÔØ»[22m tests/test-api-time-entries-summary.spec.ts:[2m196:2
2[22m[39m
    [90m194| [39m
    [90m195| [39m  [34mit[39m([32m'should return 404 if membership 
not found'[39m[33m,[39m [35masync[39m () [33m=>[39m {
    [90m196| [39m    [35mconst[39m response [33m=[39m [35mawait[
39m [34mfetch[39m(
    [90m   | [39m                     [31m^[39m
    [90m197| [39m      [32m`[39m[36m${[39m[33mAPI_BASE[39m[36m}
[39m[32m/api/time-entries/summary?membershipId=nonexistent`[39m
    [90m198| [39m    )

{
  stack: 'AggregateError: \n' +
    '    at internalConnectMultiple (node:net:1139:18)\n' +
    '    at afterConnectMultiple (node:net:1712:7)',
  errors: [
    {
      stack: 'Error: connect ECONNREFUSED ::1:3000\n' +
        '    at createConnectionError (node:net:1675:14)\n' +
        '    at afterConnectMultiple (node:net:1705:16)',
      message: 'connect ECONNREFUSED ::1:3000',
      errno: -4078,
      code: 'ECONNREFUSED',
      syscall: 'connect',
      address: '::1',
      port: 3000,
      constructor: 'Function<Error>',
      name: 'Error',
      toString: 'Function<toString>'
    },
    {
      stack: 'Error: connect ECONNREFUSED 127.0.0.1:3000\n' +
        '    at createConnectionError (node:net:1675:14)\n' +
        '    at afterConnectMultiple (node:net:1705:16)',
      message: 'connect ECONNREFUSED 127.0.0.1:3000',
      errno: -4078,
      code: 'ECONNREFUSED',
      syscall: 'connect',
      address: '127.0.0.1',
      port: 3000,
      constructor: 'Function<Error>',
      name: 'Error',
      toString: 'Function<toString>'
    }
  ],
  code: 'ECONNREFUSED',
  stackStr: 'AggregateError: \n' +
    '    at internalConnectMultiple (node:net:1139:18)\n' +
    '    at afterConnectMultiple (node:net:1712:7)',
  nameStr: 'AggregateError',
  expected: 'undefined',
  actual: 'undefined',
  message: '',
  constructor: 'Function<AggregateError>',
  name: 'Caused by: AggregateError',
  toString: 'Function<toString>',
  stacks: []
}
[31m[2mÔÄ»ÔÄ»ÔÄ»ÔÄ»ÔÄ»ÔÄ»ÔÄ»ÔÄ»ÔÄ»ÔÄ»ÔÄ»ÔÄ»ÔÄ»ÔÄ»ÔÄ»ÔÄ»ÔÄ»ÔÄ»ÔÄ»ÔÄ»ÔÄ»
ÔÄ»ÔÄ»ÔÄ»ÔÄ»ÔÄ»ÔÄ»ÔÄ»ÔÄ»ÔÄ»[22m[39m
[31m[1mSerialized Error:[22m[39m [90m{ errors: [ { stack: 'Error: c
onnect ECONNREFUSED ::1:3000\n    at createConnectionError (node:net:167
5:14)\n    at afterConnectMultiple (node:net:1705:16)', message: 'connec
t ECONNREFUSED ::1:3000', errno: -4078, code: 'ECONNREFUSED', syscall: '
connect', address: '::1', port: 3000, constructor: 'Function<Error>', na
me: 'Error', toString: 'Function<toString>' }, { stack: 'Error: connect 
ECONNREFUSED 127.0.0.1:3000\n    at createConnectionError (node:net:1675
:14)\n    at afterConnectMultiple (node:net:1705:16)', message: 'connect
 ECONNREFUSED 127.0.0.1:3000', errno: -4078, code: 'ECONNREFUSED', sysca
ll: 'connect', address: '127.0.0.1', port: 3000, constructor: 'Function<
Error>', name: 'Error', toString: 'Function<toString>' } ], code: 'ECONN
REFUSED' }[39m
[31m[2mÔÄ»ÔÄ»ÔÄ»ÔÄ»ÔÄ»ÔÄ»ÔÄ»ÔÄ»ÔÄ»ÔÄ»ÔÄ»ÔÄ»ÔÄ»ÔÄ»ÔÄ»ÔÄ»ÔÄ»ÔÄ»ÔÄ»ÔÄ»ÔÄ»
ÔÄ»[64/79]ÔÄ»[22m[39m

[31m[1m[7m FAIL [27m[22m[39m tests/test-api-time-entries-summary.s
pec.ts[2m > [22mAPI: /api/time-entries/summary[2m > [22mshould defau
lt to current month if month param is not provided
[31m[1mTypeError[22m: fetch failed[39m
[36m [2mÔØ»[22m tests/test-api-time-entries-summary.spec.ts:[2m206:2
2[22m[39m
    [90m204| [39m
    [90m205| [39m  [34mit[39m([32m'should default to current month 
if month param is not provided'[39m[33m,[39mÔÇª
    [90m206| [39m    [35mconst[39m response [33m=[39m [35mawait[
39m [34mfetch[39m(
    [90m   | [39m                     [31m^[39m
    [90m207| [39m      [32m`[39m[36m${[39m[33mAPI_BASE[39m[36m}
[39m[32m/api/time-entries/summary?membershipId=[39m[36m${[39mtestMe
mbersÔÇª
    [90m208| [39m    )

{
  stack: 'AggregateError: \n' +
    '    at internalConnectMultiple (node:net:1139:18)\n' +
    '    at afterConnectMultiple (node:net:1712:7)',
  errors: [
    {
      stack: 'Error: connect ECONNREFUSED ::1:3000\n' +
        '    at createConnectionError (node:net:1675:14)\n' +
        '    at afterConnectMultiple (node:net:1705:16)',
      message: 'connect ECONNREFUSED ::1:3000',
      errno: -4078,
      code: 'ECONNREFUSED',
      syscall: 'connect',
      address: '::1',
      port: 3000,
      constructor: 'Function<Error>',
      name: 'Error',
      toString: 'Function<toString>'
    },
    {
      stack: 'Error: connect ECONNREFUSED 127.0.0.1:3000\n' +
        '    at createConnectionError (node:net:1675:14)\n' +
        '    at afterConnectMultiple (node:net:1705:16)',
      message: 'connect ECONNREFUSED 127.0.0.1:3000',
      errno: -4078,
      code: 'ECONNREFUSED',
      syscall: 'connect',
      address: '127.0.0.1',
      port: 3000,
      constructor: 'Function<Error>',
      name: 'Error',
      toString: 'Function<toString>'
    }
  ],
  code: 'ECONNREFUSED',
  stackStr: 'AggregateError: \n' +
    '    at internalConnectMultiple (node:net:1139:18)\n' +
    '    at afterConnectMultiple (node:net:1712:7)',
  nameStr: 'AggregateError',
  expected: 'undefined',
  actual: 'undefined',
  message: '',
  constructor: 'Function<AggregateError>',
  name: 'Caused by: AggregateError',
  toString: 'Function<toString>',
  stacks: []
}
[31m[2mÔÄ»ÔÄ»ÔÄ»ÔÄ»ÔÄ»ÔÄ»ÔÄ»ÔÄ»ÔÄ»ÔÄ»ÔÄ»ÔÄ»ÔÄ»ÔÄ»ÔÄ»ÔÄ»ÔÄ»ÔÄ»ÔÄ»ÔÄ»ÔÄ»
ÔÄ»ÔÄ»ÔÄ»ÔÄ»ÔÄ»ÔÄ»ÔÄ»ÔÄ»ÔÄ»[22m[39m
[31m[1mSerialized Error:[22m[39m [90m{ errors: [ { stack: 'Error: c
onnect ECONNREFUSED ::1:3000\n    at createConnectionError (node:net:167
5:14)\n    at afterConnectMultiple (node:net:1705:16)', message: 'connec
t ECONNREFUSED ::1:3000', errno: -4078, code: 'ECONNREFUSED', syscall: '
connect', address: '::1', port: 3000, constructor: 'Function<Error>', na
me: 'Error', toString: 'Function<toString>' }, { stack: 'Error: connect 
ECONNREFUSED 127.0.0.1:3000\n    at createConnectionError (node:net:1675
:14)\n    at afterConnectMultiple (node:net:1705:16)', message: 'connect
 ECONNREFUSED 127.0.0.1:3000', errno: -4078, code: 'ECONNREFUSED', sysca
ll: 'connect', address: '127.0.0.1', port: 3000, constructor: 'Function<
Error>', name: 'Error', toString: 'Function<toString>' } ], code: 'ECONN
REFUSED' }[39m
[31m[2mÔÄ»ÔÄ»ÔÄ»ÔÄ»ÔÄ»ÔÄ»ÔÄ»ÔÄ»ÔÄ»ÔÄ»ÔÄ»ÔÄ»ÔÄ»ÔÄ»ÔÄ»ÔÄ»ÔÄ»ÔÄ»ÔÄ»ÔÄ»ÔÄ»
ÔÄ»[65/79]ÔÄ»[22m[39m

[31m[1m[7m FAIL [27m[22m[39m tests/test-api-time-entries-summary.s
pec.ts[2m > [22mAPI: /api/time-entries/summary[2m > [22mshould handl
e entries with adjustmentMinutes
[31m[1mTypeError[22m: fetch failed[39m
[36m [2mÔØ»[22m tests/test-api-time-entries-summary.spec.ts:[2m232:2
2[22m[39m
    [90m230| [39m    })
    [90m231| [39m
    [90m232| [39m    [35mconst[39m response [33m=[39m [35mawait[
39m [34mfetch[39m(
    [90m   | [39m                     [31m^[39m
    [90m233| [39m      [32m`[39m[36m${[39m[33mAPI_BASE[39m[36m}
[39m[32m/api/time-entries/summary?membershipId=[39m[36m${[39mtestMe
mbersÔÇª
    [90m234| [39m    )

{
  stack: 'AggregateError: \n' +
    '    at internalConnectMultiple (node:net:1139:18)\n' +
    '    at afterConnectMultiple (node:net:1712:7)',
  errors: [
    {
      stack: 'Error: connect ECONNREFUSED ::1:3000\n' +
        '    at createConnectionError (node:net:1675:14)\n' +
        '    at afterConnectMultiple (node:net:1705:16)',
      message: 'connect ECONNREFUSED ::1:3000',
      errno: -4078,
      code: 'ECONNREFUSED',
      syscall: 'connect',
      address: '::1',
      port: 3000,
      constructor: 'Function<Error>',
      name: 'Error',
      toString: 'Function<toString>'
    },
    {
      stack: 'Error: connect ECONNREFUSED 127.0.0.1:3000\n' +
        '    at createConnectionError (node:net:1675:14)\n' +
        '    at afterConnectMultiple (node:net:1705:16)',
      message: 'connect ECONNREFUSED 127.0.0.1:3000',
      errno: -4078,
      code: 'ECONNREFUSED',
      syscall: 'connect',
      address: '127.0.0.1',
      port: 3000,
      constructor: 'Function<Error>',
      name: 'Error',
      toString: 'Function<toString>'
    }
  ],
  code: 'ECONNREFUSED',
  stackStr: 'AggregateError: \n' +
    '    at internalConnectMultiple (node:net:1139:18)\n' +
    '    at afterConnectMultiple (node:net:1712:7)',
  nameStr: 'AggregateError',
  expected: 'undefined',
  actual: 'undefined',
  message: '',
  constructor: 'Function<AggregateError>',
  name: 'Caused by: AggregateError',
  toString: 'Function<toString>',
  stacks: []
}
[31m[2mÔÄ»ÔÄ»ÔÄ»ÔÄ»ÔÄ»ÔÄ»ÔÄ»ÔÄ»ÔÄ»ÔÄ»ÔÄ»ÔÄ»ÔÄ»ÔÄ»ÔÄ»ÔÄ»ÔÄ»ÔÄ»ÔÄ»ÔÄ»ÔÄ»
ÔÄ»ÔÄ»ÔÄ»ÔÄ»ÔÄ»ÔÄ»ÔÄ»ÔÄ»ÔÄ»[22m[39m
[31m[1mSerialized Error:[22m[39m [90m{ errors: [ { stack: 'Error: c
onnect ECONNREFUSED ::1:3000\n    at createConnectionError (node:net:167
5:14)\n    at afterConnectMultiple (node:net:1705:16)', message: 'connec
t ECONNREFUSED ::1:3000', errno: -4078, code: 'ECONNREFUSED', syscall: '
connect', address: '::1', port: 3000, constructor: 'Function<Error>', na
me: 'Error', toString: 'Function<toString>' }, { stack: 'Error: connect 
ECONNREFUSED 127.0.0.1:3000\n    at createConnectionError (node:net:1675
:14)\n    at afterConnectMultiple (node:net:1705:16)', message: 'connect
 ECONNREFUSED 127.0.0.1:3000', errno: -4078, code: 'ECONNREFUSED', sysca
ll: 'connect', address: '127.0.0.1', port: 3000, constructor: 'Function<
Error>', name: 'Error', toString: 'Function<toString>' } ], code: 'ECONN
REFUSED' }[39m
[31m[2mÔÄ»ÔÄ»ÔÄ»ÔÄ»ÔÄ»ÔÄ»ÔÄ»ÔÄ»ÔÄ»ÔÄ»ÔÄ»ÔÄ»ÔÄ»ÔÄ»ÔÄ»ÔÄ»ÔÄ»ÔÄ»ÔÄ»ÔÄ»ÔÄ»
ÔÄ»[66/79]ÔÄ»[22m[39m

[31m[1m[7m FAIL [27m[22m[39m tests/test-api-user-settings.spec.ts
[2m > [22mAPI: User Settings[2m > [22mPUT /api/users/me/password[2m 
> [22mshould change password successfully
[31m[1mTypeError[22m: fetch failed[39m
[36m [2mÔØ»[22m tests/test-api-user-settings.spec.ts:[2m83:24[22m[
39m
    [90m 81| [39m  [34mdescribe[39m([32m'PUT /api/users/me/password
'[39m[33m,[39m () [33m=>[39m {
    [90m 82| [39m    [34mit[39m([32m'should change password success
fully'[39m[33m,[39m [35masync[39m () [33m=>[39m {
    [90m 83| [39m      [35mconst[39m response [33m=[39m [35mawait
[39m [34mfetch[39m([32m`[39m[36m${[39m[33mAPI_BASE[39m[36m}[3
9m[32m/api/users/me/password`[39mÔÇª
    [90m   | [39m                       [31m^[39m
    [90m 84| [39m        method[33m:[39m [32m'PUT'[39m[33m,[39m
    [90m 85| [39m        headers[33m:[39m {

{
  stack: 'AggregateError: \n' +
    '    at internalConnectMultiple (node:net:1139:18)\n' +
    '    at afterConnectMultiple (node:net:1712:7)',
  errors: [
    {
      stack: 'Error: connect ECONNREFUSED ::1:3000\n' +
        '    at createConnectionError (node:net:1675:14)\n' +
        '    at afterConnectMultiple (node:net:1705:16)',
      message: 'connect ECONNREFUSED ::1:3000',
      errno: -4078,
      code: 'ECONNREFUSED',
      syscall: 'connect',
      address: '::1',
      port: 3000,
      constructor: 'Function<Error>',
      name: 'Error',
      toString: 'Function<toString>'
    },
    {
      stack: 'Error: connect ECONNREFUSED 127.0.0.1:3000\n' +
        '    at createConnectionError (node:net:1675:14)\n' +
        '    at afterConnectMultiple (node:net:1705:16)',
      message: 'connect ECONNREFUSED 127.0.0.1:3000',
      errno: -4078,
      code: 'ECONNREFUSED',
      syscall: 'connect',
      address: '127.0.0.1',
      port: 3000,
      constructor: 'Function<Error>',
      name: 'Error',
      toString: 'Function<toString>'
    }
  ],
  code: 'ECONNREFUSED',
  stackStr: 'AggregateError: \n' +
    '    at internalConnectMultiple (node:net:1139:18)\n' +
    '    at afterConnectMultiple (node:net:1712:7)',
  nameStr: 'AggregateError',
  expected: 'undefined',
  actual: 'undefined',
  message: '',
  constructor: 'Function<AggregateError>',
  name: 'Caused by: AggregateError',
  toString: 'Function<toString>',
  stacks: []
}
[31m[2mÔÄ»ÔÄ»ÔÄ»ÔÄ»ÔÄ»ÔÄ»ÔÄ»ÔÄ»ÔÄ»ÔÄ»ÔÄ»ÔÄ»ÔÄ»ÔÄ»ÔÄ»ÔÄ»ÔÄ»ÔÄ»ÔÄ»ÔÄ»ÔÄ»
ÔÄ»ÔÄ»ÔÄ»ÔÄ»ÔÄ»ÔÄ»ÔÄ»ÔÄ»ÔÄ»[22m[39m
[31m[1mSerialized Error:[22m[39m [90m{ errors: [ { stack: 'Error: c
onnect ECONNREFUSED ::1:3000\n    at createConnectionError (node:net:167
5:14)\n    at afterConnectMultiple (node:net:1705:16)', message: 'connec
t ECONNREFUSED ::1:3000', errno: -4078, code: 'ECONNREFUSED', syscall: '
connect', address: '::1', port: 3000, constructor: 'Function<Error>', na
me: 'Error', toString: 'Function<toString>' }, { stack: 'Error: connect 
ECONNREFUSED 127.0.0.1:3000\n    at createConnectionError (node:net:1675
:14)\n    at afterConnectMultiple (node:net:1705:16)', message: 'connect
 ECONNREFUSED 127.0.0.1:3000', errno: -4078, code: 'ECONNREFUSED', sysca
ll: 'connect', address: '127.0.0.1', port: 3000, constructor: 'Function<
Error>', name: 'Error', toString: 'Function<toString>' } ], code: 'ECONN
REFUSED' }[39m
[31m[2mÔÄ»ÔÄ»ÔÄ»ÔÄ»ÔÄ»ÔÄ»ÔÄ»ÔÄ»ÔÄ»ÔÄ»ÔÄ»ÔÄ»ÔÄ»ÔÄ»ÔÄ»ÔÄ»ÔÄ»ÔÄ»ÔÄ»ÔÄ»ÔÄ»
ÔÄ»[67/79]ÔÄ»[22m[39m

[31m[1m[7m FAIL [27m[22m[39m tests/test-api-user-settings.spec.ts
[2m > [22mAPI: User Settings[2m > [22mPUT /api/users/me/password[2m 
> [22mshould reject incorrect current password
[31m[1mTypeError[22m: fetch failed[39m
[36m [2mÔØ»[22m tests/test-api-user-settings.spec.ts:[2m121:24[22m
[39m
    [90m119| [39m
    [90m120| [39m    [34mit[39m([32m'should reject incorrect curren
t password'[39m[33m,[39m [35masync[39m () [33m=>[39m {
    [90m121| [39m      [35mconst[39m response [33m=[39m [35mawait
[39m [34mfetch[39m([32m`[39m[36m${[39m[33mAPI_BASE[39m[36m}[3
9m[32m/api/users/me/password`[39mÔÇª
    [90m   | [39m                       [31m^[39m
    [90m122| [39m        method[33m:[39m [32m'PUT'[39m[33m,[39m
    [90m123| [39m        headers[33m:[39m {

{
  stack: 'AggregateError: \n' +
    '    at internalConnectMultiple (node:net:1139:18)\n' +
    '    at afterConnectMultiple (node:net:1712:7)',
  errors: [
    {
      stack: 'Error: connect ECONNREFUSED ::1:3000\n' +
        '    at createConnectionError (node:net:1675:14)\n' +
        '    at afterConnectMultiple (node:net:1705:16)',
      message: 'connect ECONNREFUSED ::1:3000',
      errno: -4078,
      code: 'ECONNREFUSED',
      syscall: 'connect',
      address: '::1',
      port: 3000,
      constructor: 'Function<Error>',
      name: 'Error',
      toString: 'Function<toString>'
    },
    {
      stack: 'Error: connect ECONNREFUSED 127.0.0.1:3000\n' +
        '    at createConnectionError (node:net:1675:14)\n' +
        '    at afterConnectMultiple (node:net:1705:16)',
      message: 'connect ECONNREFUSED 127.0.0.1:3000',
      errno: -4078,
      code: 'ECONNREFUSED',
      syscall: 'connect',
      address: '127.0.0.1',
      port: 3000,
      constructor: 'Function<Error>',
      name: 'Error',
      toString: 'Function<toString>'
    }
  ],
  code: 'ECONNREFUSED',
  stackStr: 'AggregateError: \n' +
    '    at internalConnectMultiple (node:net:1139:18)\n' +
    '    at afterConnectMultiple (node:net:1712:7)',
  nameStr: 'AggregateError',
  expected: 'undefined',
  actual: 'undefined',
  message: '',
  constructor: 'Function<AggregateError>',
  name: 'Caused by: AggregateError',
  toString: 'Function<toString>',
  stacks: []
}
[31m[2mÔÄ»ÔÄ»ÔÄ»ÔÄ»ÔÄ»ÔÄ»ÔÄ»ÔÄ»ÔÄ»ÔÄ»ÔÄ»ÔÄ»ÔÄ»ÔÄ»ÔÄ»ÔÄ»ÔÄ»ÔÄ»ÔÄ»ÔÄ»ÔÄ»
ÔÄ»ÔÄ»ÔÄ»ÔÄ»ÔÄ»ÔÄ»ÔÄ»ÔÄ»ÔÄ»[22m[39m
[31m[1mSerialized Error:[22m[39m [90m{ errors: [ { stack: 'Error: c
onnect ECONNREFUSED ::1:3000\n    at createConnectionError (node:net:167
5:14)\n    at afterConnectMultiple (node:net:1705:16)', message: 'connec
t ECONNREFUSED ::1:3000', errno: -4078, code: 'ECONNREFUSED', syscall: '
connect', address: '::1', port: 3000, constructor: 'Function<Error>', na
me: 'Error', toString: 'Function<toString>' }, { stack: 'Error: connect 
ECONNREFUSED 127.0.0.1:3000\n    at createConnectionError (node:net:1675
:14)\n    at afterConnectMultiple (node:net:1705:16)', message: 'connect
 ECONNREFUSED 127.0.0.1:3000', errno: -4078, code: 'ECONNREFUSED', sysca
ll: 'connect', address: '127.0.0.1', port: 3000, constructor: 'Function<
Error>', name: 'Error', toString: 'Function<toString>' } ], code: 'ECONN
REFUSED' }[39m
[31m[2mÔÄ»ÔÄ»ÔÄ»ÔÄ»ÔÄ»ÔÄ»ÔÄ»ÔÄ»ÔÄ»ÔÄ»ÔÄ»ÔÄ»ÔÄ»ÔÄ»ÔÄ»ÔÄ»ÔÄ»ÔÄ»ÔÄ»ÔÄ»ÔÄ»
ÔÄ»[68/79]ÔÄ»[22m[39m

[31m[1m[7m FAIL [27m[22m[39m tests/test-api-user-settings.spec.ts
[2m > [22mAPI: User Settings[2m > [22mPUT /api/users/me/password[2m 
> [22mshould reject password shorter than 8 characters
[31m[1mTypeError[22m: fetch failed[39m
[36m [2mÔØ»[22m tests/test-api-user-settings.spec.ts:[2m139:24[22m
[39m
    [90m137| [39m
    [90m138| [39m    [34mit[39m([32m'should reject password shorter
 than 8 characters'[39m[33m,[39m [35masync[39m () [33m=>[39mÔÇª
    [90m139| [39m      [35mconst[39m response [33m=[39m [35mawait
[39m [34mfetch[39m([32m`[39m[36m${[39m[33mAPI_BASE[39m[36m}[3
9m[32m/api/users/me/password`[39mÔÇª
    [90m   | [39m                       [31m^[39m
    [90m140| [39m        method[33m:[39m [32m'PUT'[39m[33m,[39m
    [90m141| [39m        headers[33m:[39m {

{
  stack: 'AggregateError: \n' +
    '    at internalConnectMultiple (node:net:1139:18)\n' +
    '    at afterConnectMultiple (node:net:1712:7)',
  errors: [
    {
      stack: 'Error: connect ECONNREFUSED ::1:3000\n' +
        '    at createConnectionError (node:net:1675:14)\n' +
        '    at afterConnectMultiple (node:net:1705:16)',
      message: 'connect ECONNREFUSED ::1:3000',
      errno: -4078,
      code: 'ECONNREFUSED',
      syscall: 'connect',
      address: '::1',
      port: 3000,
      constructor: 'Function<Error>',
      name: 'Error',
      toString: 'Function<toString>'
    },
    {
      stack: 'Error: connect ECONNREFUSED 127.0.0.1:3000\n' +
        '    at createConnectionError (node:net:1675:14)\n' +
        '    at afterConnectMultiple (node:net:1705:16)',
      message: 'connect ECONNREFUSED 127.0.0.1:3000',
      errno: -4078,
      code: 'ECONNREFUSED',
      syscall: 'connect',
      address: '127.0.0.1',
      port: 3000,
      constructor: 'Function<Error>',
      name: 'Error',
      toString: 'Function<toString>'
    }
  ],
  code: 'ECONNREFUSED',
  stackStr: 'AggregateError: \n' +
    '    at internalConnectMultiple (node:net:1139:18)\n' +
    '    at afterConnectMultiple (node:net:1712:7)',
  nameStr: 'AggregateError',
  expected: 'undefined',
  actual: 'undefined',
  message: '',
  constructor: 'Function<AggregateError>',
  name: 'Caused by: AggregateError',
  toString: 'Function<toString>',
  stacks: []
}
[31m[2mÔÄ»ÔÄ»ÔÄ»ÔÄ»ÔÄ»ÔÄ»ÔÄ»ÔÄ»ÔÄ»ÔÄ»ÔÄ»ÔÄ»ÔÄ»ÔÄ»ÔÄ»ÔÄ»ÔÄ»ÔÄ»ÔÄ»ÔÄ»ÔÄ»
ÔÄ»ÔÄ»ÔÄ»ÔÄ»ÔÄ»ÔÄ»ÔÄ»ÔÄ»ÔÄ»[22m[39m
[31m[1mSerialized Error:[22m[39m [90m{ errors: [ { stack: 'Error: c
onnect ECONNREFUSED ::1:3000\n    at createConnectionError (node:net:167
5:14)\n    at afterConnectMultiple (node:net:1705:16)', message: 'connec
t ECONNREFUSED ::1:3000', errno: -4078, code: 'ECONNREFUSED', syscall: '
connect', address: '::1', port: 3000, constructor: 'Function<Error>', na
me: 'Error', toString: 'Function<toString>' }, { stack: 'Error: connect 
ECONNREFUSED 127.0.0.1:3000\n    at createConnectionError (node:net:1675
:14)\n    at afterConnectMultiple (node:net:1705:16)', message: 'connect
 ECONNREFUSED 127.0.0.1:3000', errno: -4078, code: 'ECONNREFUSED', sysca
ll: 'connect', address: '127.0.0.1', port: 3000, constructor: 'Function<
Error>', name: 'Error', toString: 'Function<toString>' } ], code: 'ECONN
REFUSED' }[39m
[31m[2mÔÄ»ÔÄ»ÔÄ»ÔÄ»ÔÄ»ÔÄ»ÔÄ»ÔÄ»ÔÄ»ÔÄ»ÔÄ»ÔÄ»ÔÄ»ÔÄ»ÔÄ»ÔÄ»ÔÄ»ÔÄ»ÔÄ»ÔÄ»ÔÄ»
ÔÄ»[69/79]ÔÄ»[22m[39m

[31m[1m[7m FAIL [27m[22m[39m tests/test-api-user-settings.spec.ts
[2m > [22mAPI: User Settings[2m > [22mPUT /api/users/me/password[2m 
> [22mshould require authentication
[31m[1mTypeError[22m: fetch failed[39m
[36m [2mÔØ»[22m tests/test-api-user-settings.spec.ts:[2m157:24[22m
[39m
    [90m155| [39m
    [90m156| [39m    [34mit[39m([32m'should require authentication'
[39m[33m,[39m [35masync[39m () [33m=>[39m {
    [90m157| [39m      [35mconst[39m response [33m=[39m [35mawait
[39m [34mfetch[39m([32m`[39m[36m${[39m[33mAPI_BASE[39m[36m}[3
9m[32m/api/users/me/password`[39mÔÇª
    [90m   | [39m                       [31m^[39m
    [90m158| [39m        method[33m:[39m [32m'PUT'[39m[33m,[39m
    [90m159| [39m        headers[33m:[39m {

{
  stack: 'AggregateError: \n' +
    '    at internalConnectMultiple (node:net:1139:18)\n' +
    '    at afterConnectMultiple (node:net:1712:7)',
  errors: [
    {
      stack: 'Error: connect ECONNREFUSED ::1:3000\n' +
        '    at createConnectionError (node:net:1675:14)\n' +
        '    at afterConnectMultiple (node:net:1705:16)',
      message: 'connect ECONNREFUSED ::1:3000',
      errno: -4078,
      code: 'ECONNREFUSED',
      syscall: 'connect',
      address: '::1',
      port: 3000,
      constructor: 'Function<Error>',
      name: 'Error',
      toString: 'Function<toString>'
    },
    {
      stack: 'Error: connect ECONNREFUSED 127.0.0.1:3000\n' +
        '    at createConnectionError (node:net:1675:14)\n' +
        '    at afterConnectMultiple (node:net:1705:16)',
      message: 'connect ECONNREFUSED 127.0.0.1:3000',
      errno: -4078,
      code: 'ECONNREFUSED',
      syscall: 'connect',
      address: '127.0.0.1',
      port: 3000,
      constructor: 'Function<Error>',
      name: 'Error',
      toString: 'Function<toString>'
    }
  ],
  code: 'ECONNREFUSED',
  stackStr: 'AggregateError: \n' +
    '    at internalConnectMultiple (node:net:1139:18)\n' +
    '    at afterConnectMultiple (node:net:1712:7)',
  nameStr: 'AggregateError',
  expected: 'undefined',
  actual: 'undefined',
  message: '',
  constructor: 'Function<AggregateError>',
  name: 'Caused by: AggregateError',
  toString: 'Function<toString>',
  stacks: []
}
[31m[2mÔÄ»ÔÄ»ÔÄ»ÔÄ»ÔÄ»ÔÄ»ÔÄ»ÔÄ»ÔÄ»ÔÄ»ÔÄ»ÔÄ»ÔÄ»ÔÄ»ÔÄ»ÔÄ»ÔÄ»ÔÄ»ÔÄ»ÔÄ»ÔÄ»
ÔÄ»ÔÄ»ÔÄ»ÔÄ»ÔÄ»ÔÄ»ÔÄ»ÔÄ»ÔÄ»[22m[39m
[31m[1mSerialized Error:[22m[39m [90m{ errors: [ { stack: 'Error: c
onnect ECONNREFUSED ::1:3000\n    at createConnectionError (node:net:167
5:14)\n    at afterConnectMultiple (node:net:1705:16)', message: 'connec
t ECONNREFUSED ::1:3000', errno: -4078, code: 'ECONNREFUSED', syscall: '
connect', address: '::1', port: 3000, constructor: 'Function<Error>', na
me: 'Error', toString: 'Function<toString>' }, { stack: 'Error: connect 
ECONNREFUSED 127.0.0.1:3000\n    at createConnectionError (node:net:1675
:14)\n    at afterConnectMultiple (node:net:1705:16)', message: 'connect
 ECONNREFUSED 127.0.0.1:3000', errno: -4078, code: 'ECONNREFUSED', sysca
ll: 'connect', address: '127.0.0.1', port: 3000, constructor: 'Function<
Error>', name: 'Error', toString: 'Function<toString>' } ], code: 'ECONN
REFUSED' }[39m
[31m[2mÔÄ»ÔÄ»ÔÄ»ÔÄ»ÔÄ»ÔÄ»ÔÄ»ÔÄ»ÔÄ»ÔÄ»ÔÄ»ÔÄ»ÔÄ»ÔÄ»ÔÄ»ÔÄ»ÔÄ»ÔÄ»ÔÄ»ÔÄ»ÔÄ»
ÔÄ»[70/79]ÔÄ»[22m[39m

[31m[1m[7m FAIL [27m[22m[39m tests/test-api-user-settings.spec.ts
[2m > [22mAPI: User Settings[2m > [22mPUT /api/users/me/password[2m 
> [22mshould validate missing fields
[31m[1mTypeError[22m: fetch failed[39m
[36m [2mÔØ»[22m tests/test-api-user-settings.spec.ts:[2m172:24[22m
[39m
    [90m170| [39m
    [90m171| [39m    [34mit[39m([32m'should validate missing fields
'[39m[33m,[39m [35masync[39m () [33m=>[39m {
    [90m172| [39m      [35mconst[39m response [33m=[39m [35mawait
[39m [34mfetch[39m([32m`[39m[36m${[39m[33mAPI_BASE[39m[36m}[3
9m[32m/api/users/me/password`[39mÔÇª
    [90m   | [39m                       [31m^[39m
    [90m173| [39m        method[33m:[39m [32m'PUT'[39m[33m,[39m
    [90m174| [39m        headers[33m:[39m {

{
  stack: 'AggregateError: \n' +
    '    at internalConnectMultiple (node:net:1139:18)\n' +
    '    at afterConnectMultiple (node:net:1712:7)',
  errors: [
    {
      stack: 'Error: connect ECONNREFUSED ::1:3000\n' +
        '    at createConnectionError (node:net:1675:14)\n' +
        '    at afterConnectMultiple (node:net:1705:16)',
      message: 'connect ECONNREFUSED ::1:3000',
      errno: -4078,
      code: 'ECONNREFUSED',
      syscall: 'connect',
      address: '::1',
      port: 3000,
      constructor: 'Function<Error>',
      name: 'Error',
      toString: 'Function<toString>'
    },
    {
      stack: 'Error: connect ECONNREFUSED 127.0.0.1:3000\n' +
        '    at createConnectionError (node:net:1675:14)\n' +
        '    at afterConnectMultiple (node:net:1705:16)',
      message: 'connect ECONNREFUSED 127.0.0.1:3000',
      errno: -4078,
      code: 'ECONNREFUSED',
      syscall: 'connect',
      address: '127.0.0.1',
      port: 3000,
      constructor: 'Function<Error>',
      name: 'Error',
      toString: 'Function<toString>'
    }
  ],
  code: 'ECONNREFUSED',
  stackStr: 'AggregateError: \n' +
    '    at internalConnectMultiple (node:net:1139:18)\n' +
    '    at afterConnectMultiple (node:net:1712:7)',
  nameStr: 'AggregateError',
  expected: 'undefined',
  actual: 'undefined',
  message: '',
  constructor: 'Function<AggregateError>',
  name: 'Caused by: AggregateError',
  toString: 'Function<toString>',
  stacks: []
}
[31m[2mÔÄ»ÔÄ»ÔÄ»ÔÄ»ÔÄ»ÔÄ»ÔÄ»ÔÄ»ÔÄ»ÔÄ»ÔÄ»ÔÄ»ÔÄ»ÔÄ»ÔÄ»ÔÄ»ÔÄ»ÔÄ»ÔÄ»ÔÄ»ÔÄ»
ÔÄ»ÔÄ»ÔÄ»ÔÄ»ÔÄ»ÔÄ»ÔÄ»ÔÄ»ÔÄ»[22m[39m
[31m[1mSerialized Error:[22m[39m [90m{ errors: [ { stack: 'Error: c
onnect ECONNREFUSED ::1:3000\n    at createConnectionError (node:net:167
5:14)\n    at afterConnectMultiple (node:net:1705:16)', message: 'connec
t ECONNREFUSED ::1:3000', errno: -4078, code: 'ECONNREFUSED', syscall: '
connect', address: '::1', port: 3000, constructor: 'Function<Error>', na
me: 'Error', toString: 'Function<toString>' }, { stack: 'Error: connect 
ECONNREFUSED 127.0.0.1:3000\n    at createConnectionError (node:net:1675
:14)\n    at afterConnectMultiple (node:net:1705:16)', message: 'connect
 ECONNREFUSED 127.0.0.1:3000', errno: -4078, code: 'ECONNREFUSED', sysca
ll: 'connect', address: '127.0.0.1', port: 3000, constructor: 'Function<
Error>', name: 'Error', toString: 'Function<toString>' } ], code: 'ECONN
REFUSED' }[39m
[31m[2mÔÄ»ÔÄ»ÔÄ»ÔÄ»ÔÄ»ÔÄ»ÔÄ»ÔÄ»ÔÄ»ÔÄ»ÔÄ»ÔÄ»ÔÄ»ÔÄ»ÔÄ»ÔÄ»ÔÄ»ÔÄ»ÔÄ»ÔÄ»ÔÄ»
ÔÄ»[71/79]ÔÄ»[22m[39m

[31m[1m[7m FAIL [27m[22m[39m tests/test-api-user-settings.spec.ts
[2m > [22mAPI: User Settings[2m > [22mGET /api/users/me/preferences[
2m > [22mshould return default preferences for new user
[31m[1mTypeError[22m: fetch failed[39m
[36m [2mÔØ»[22m tests/test-api-user-settings.spec.ts:[2m192:24[22m
[39m
    [90m190| [39m  [34mdescribe[39m([32m'GET /api/users/me/preferen
ces'[39m[33m,[39m () [33m=>[39m {
    [90m191| [39m    [34mit[39m([32m'should return default preferen
ces for new user'[39m[33m,[39m [35masync[39m () [33m=>[39m {
    [90m192| [39m      [35mconst[39m response [33m=[39m [35mawait
[39m [34mfetch[39m([32m`[39m[36m${[39m[33mAPI_BASE[39m[36m}[3
9m[32m/api/users/me/preferenc[39mÔÇª
    [90m   | [39m                       [31m^[39m
    [90m193| [39m        method[33m:[39m [32m'GET'[39m[33m,[39m
    [90m194| [39m        headers[33m:[39m {

{
  stack: 'AggregateError: \n' +
    '    at internalConnectMultiple (node:net:1139:18)\n' +
    '    at afterConnectMultiple (node:net:1712:7)',
  errors: [
    {
      stack: 'Error: connect ECONNREFUSED ::1:3000\n' +
        '    at createConnectionError (node:net:1675:14)\n' +
        '    at afterConnectMultiple (node:net:1705:16)',
      message: 'connect ECONNREFUSED ::1:3000',
      errno: -4078,
      code: 'ECONNREFUSED',
      syscall: 'connect',
      address: '::1',
      port: 3000,
      constructor: 'Function<Error>',
      name: 'Error',
      toString: 'Function<toString>'
    },
    {
      stack: 'Error: connect ECONNREFUSED 127.0.0.1:3000\n' +
        '    at createConnectionError (node:net:1675:14)\n' +
        '    at afterConnectMultiple (node:net:1705:16)',
      message: 'connect ECONNREFUSED 127.0.0.1:3000',
      errno: -4078,
      code: 'ECONNREFUSED',
      syscall: 'connect',
      address: '127.0.0.1',
      port: 3000,
      constructor: 'Function<Error>',
      name: 'Error',
      toString: 'Function<toString>'
    }
  ],
  code: 'ECONNREFUSED',
  stackStr: 'AggregateError: \n' +
    '    at internalConnectMultiple (node:net:1139:18)\n' +
    '    at afterConnectMultiple (node:net:1712:7)',
  nameStr: 'AggregateError',
  expected: 'undefined',
  actual: 'undefined',
  message: '',
  constructor: 'Function<AggregateError>',
  name: 'Caused by: AggregateError',
  toString: 'Function<toString>',
  stacks: []
}
[31m[2mÔÄ»ÔÄ»ÔÄ»ÔÄ»ÔÄ»ÔÄ»ÔÄ»ÔÄ»ÔÄ»ÔÄ»ÔÄ»ÔÄ»ÔÄ»ÔÄ»ÔÄ»ÔÄ»ÔÄ»ÔÄ»ÔÄ»ÔÄ»ÔÄ»
ÔÄ»ÔÄ»ÔÄ»ÔÄ»ÔÄ»ÔÄ»ÔÄ»ÔÄ»ÔÄ»[22m[39m
[31m[1mSerialized Error:[22m[39m [90m{ errors: [ { stack: 'Error: c
onnect ECONNREFUSED ::1:3000\n    at createConnectionError (node:net:167
5:14)\n    at afterConnectMultiple (node:net:1705:16)', message: 'connec
t ECONNREFUSED ::1:3000', errno: -4078, code: 'ECONNREFUSED', syscall: '
connect', address: '::1', port: 3000, constructor: 'Function<Error>', na
me: 'Error', toString: 'Function<toString>' }, { stack: 'Error: connect 
ECONNREFUSED 127.0.0.1:3000\n    at createConnectionError (node:net:1675
:14)\n    at afterConnectMultiple (node:net:1705:16)', message: 'connect
 ECONNREFUSED 127.0.0.1:3000', errno: -4078, code: 'ECONNREFUSED', sysca
ll: 'connect', address: '127.0.0.1', port: 3000, constructor: 'Function<
Error>', name: 'Error', toString: 'Function<toString>' } ], code: 'ECONN
REFUSED' }[39m
[31m[2mÔÄ»ÔÄ»ÔÄ»ÔÄ»ÔÄ»ÔÄ»ÔÄ»ÔÄ»ÔÄ»ÔÄ»ÔÄ»ÔÄ»ÔÄ»ÔÄ»ÔÄ»ÔÄ»ÔÄ»ÔÄ»ÔÄ»ÔÄ»ÔÄ»
ÔÄ»[72/79]ÔÄ»[22m[39m

[31m[1m[7m FAIL [27m[22m[39m tests/test-api-user-settings.spec.ts
[2m > [22mAPI: User Settings[2m > [22mGET /api/users/me/preferences[
2m > [22mshould return saved preferences
[31m[1mTypeError[22m: fetch failed[39m
[36m [2mÔØ»[22m tests/test-api-user-settings.spec.ts:[2m213:7[22m[
39m
    [90m211| [39m    [34mit[39m([32m'should return saved preference
s'[39m[33m,[39m [35masync[39m () [33m=>[39m {
    [90m212| [39m      [90m// First, save some preferences[39m
    [90m213| [39m      [35mawait[39m [34mfetch[39m([32m`[39m[36
m${[39m[33mAPI_BASE[39m[36m}[39m[32m/api/users/me/preferences`[39
m[33m,[39m {
    [90m   | [39m      [31m^[39m
    [90m214| [39m        method[33m:[39m [32m'PUT'[39m[33m,[39m
    [90m215| [39m        headers[33m:[39m {

{
  stack: 'AggregateError: \n' +
    '    at internalConnectMultiple (node:net:1139:18)\n' +
    '    at afterConnectMultiple (node:net:1712:7)',
  errors: [
    {
      stack: 'Error: connect ECONNREFUSED ::1:3000\n' +
        '    at createConnectionError (node:net:1675:14)\n' +
        '    at afterConnectMultiple (node:net:1705:16)',
      message: 'connect ECONNREFUSED ::1:3000',
      errno: -4078,
      code: 'ECONNREFUSED',
      syscall: 'connect',
      address: '::1',
      port: 3000,
      constructor: 'Function<Error>',
      name: 'Error',
      toString: 'Function<toString>'
    },
    {
      stack: 'Error: connect ECONNREFUSED 127.0.0.1:3000\n' +
        '    at createConnectionError (node:net:1675:14)\n' +
        '    at afterConnectMultiple (node:net:1705:16)',
      message: 'connect ECONNREFUSED 127.0.0.1:3000',
      errno: -4078,
      code: 'ECONNREFUSED',
      syscall: 'connect',
      address: '127.0.0.1',
      port: 3000,
      constructor: 'Function<Error>',
      name: 'Error',
      toString: 'Function<toString>'
    }
  ],
  code: 'ECONNREFUSED',
  stackStr: 'AggregateError: \n' +
    '    at internalConnectMultiple (node:net:1139:18)\n' +
    '    at afterConnectMultiple (node:net:1712:7)',
  nameStr: 'AggregateError',
  expected: 'undefined',
  actual: 'undefined',
  message: '',
  constructor: 'Function<AggregateError>',
  name: 'Caused by: AggregateError',
  toString: 'Function<toString>',
  stacks: []
}
[31m[2mÔÄ»ÔÄ»ÔÄ»ÔÄ»ÔÄ»ÔÄ»ÔÄ»ÔÄ»ÔÄ»ÔÄ»ÔÄ»ÔÄ»ÔÄ»ÔÄ»ÔÄ»ÔÄ»ÔÄ»ÔÄ»ÔÄ»ÔÄ»ÔÄ»
ÔÄ»ÔÄ»ÔÄ»ÔÄ»ÔÄ»ÔÄ»ÔÄ»ÔÄ»ÔÄ»[22m[39m
[31m[1mSerialized Error:[22m[39m [90m{ errors: [ { stack: 'Error: c
onnect ECONNREFUSED ::1:3000\n    at createConnectionError (node:net:167
5:14)\n    at afterConnectMultiple (node:net:1705:16)', message: 'connec
t ECONNREFUSED ::1:3000', errno: -4078, code: 'ECONNREFUSED', syscall: '
connect', address: '::1', port: 3000, constructor: 'Function<Error>', na
me: 'Error', toString: 'Function<toString>' }, { stack: 'Error: connect 
ECONNREFUSED 127.0.0.1:3000\n    at createConnectionError (node:net:1675
:14)\n    at afterConnectMultiple (node:net:1705:16)', message: 'connect
 ECONNREFUSED 127.0.0.1:3000', errno: -4078, code: 'ECONNREFUSED', sysca
ll: 'connect', address: '127.0.0.1', port: 3000, constructor: 'Function<
Error>', name: 'Error', toString: 'Function<toString>' } ], code: 'ECONN
REFUSED' }[39m
[31m[2mÔÄ»ÔÄ»ÔÄ»ÔÄ»ÔÄ»ÔÄ»ÔÄ»ÔÄ»ÔÄ»ÔÄ»ÔÄ»ÔÄ»ÔÄ»ÔÄ»ÔÄ»ÔÄ»ÔÄ»ÔÄ»ÔÄ»ÔÄ»ÔÄ»
ÔÄ»[73/79]ÔÄ»[22m[39m

[31m[1m[7m FAIL [27m[22m[39m tests/test-api-user-settings.spec.ts
[2m > [22mAPI: User Settings[2m > [22mGET /api/users/me/preferences[
2m > [22mshould require authentication
[31m[1mTypeError[22m: fetch failed[39m
[36m [2mÔØ»[22m tests/test-api-user-settings.spec.ts:[2m251:24[22m
[39m
    [90m249| [39m
    [90m250| [39m    [34mit[39m([32m'should require authentication'
[39m[33m,[39m [35masync[39m () [33m=>[39m {
    [90m251| [39m      [35mconst[39m response [33m=[39m [35mawait
[39m [34mfetch[39m([32m`[39m[36m${[39m[33mAPI_BASE[39m[36m}[3
9m[32m/api/users/me/preferenc[39mÔÇª
    [90m   | [39m                       [31m^[39m
    [90m252| [39m        method[33m:[39m [32m'GET'[39m[33m,[39m
    [90m253| [39m      })

{
  stack: 'AggregateError: \n' +
    '    at internalConnectMultiple (node:net:1139:18)\n' +
    '    at afterConnectMultiple (node:net:1712:7)',
  errors: [
    {
      stack: 'Error: connect ECONNREFUSED ::1:3000\n' +
        '    at createConnectionError (node:net:1675:14)\n' +
        '    at afterConnectMultiple (node:net:1705:16)',
      message: 'connect ECONNREFUSED ::1:3000',
      errno: -4078,
      code: 'ECONNREFUSED',
      syscall: 'connect',
      address: '::1',
      port: 3000,
      constructor: 'Function<Error>',
      name: 'Error',
      toString: 'Function<toString>'
    },
    {
      stack: 'Error: connect ECONNREFUSED 127.0.0.1:3000\n' +
        '    at createConnectionError (node:net:1675:14)\n' +
        '    at afterConnectMultiple (node:net:1705:16)',
      message: 'connect ECONNREFUSED 127.0.0.1:3000',
      errno: -4078,
      code: 'ECONNREFUSED',
      syscall: 'connect',
      address: '127.0.0.1',
      port: 3000,
      constructor: 'Function<Error>',
      name: 'Error',
      toString: 'Function<toString>'
    }
  ],
  code: 'ECONNREFUSED',
  stackStr: 'AggregateError: \n' +
    '    at internalConnectMultiple (node:net:1139:18)\n' +
    '    at afterConnectMultiple (node:net:1712:7)',
  nameStr: 'AggregateError',
  expected: 'undefined',
  actual: 'undefined',
  message: '',
  constructor: 'Function<AggregateError>',
  name: 'Caused by: AggregateError',
  toString: 'Function<toString>',
  stacks: []
}
[31m[2mÔÄ»ÔÄ»ÔÄ»ÔÄ»ÔÄ»ÔÄ»ÔÄ»ÔÄ»ÔÄ»ÔÄ»ÔÄ»ÔÄ»ÔÄ»ÔÄ»ÔÄ»ÔÄ»ÔÄ»ÔÄ»ÔÄ»ÔÄ»ÔÄ»
ÔÄ»ÔÄ»ÔÄ»ÔÄ»ÔÄ»ÔÄ»ÔÄ»ÔÄ»ÔÄ»[22m[39m
[31m[1mSerialized Error:[22m[39m [90m{ errors: [ { stack: 'Error: c
onnect ECONNREFUSED ::1:3000\n    at createConnectionError (node:net:167
5:14)\n    at afterConnectMultiple (node:net:1705:16)', message: 'connec
t ECONNREFUSED ::1:3000', errno: -4078, code: 'ECONNREFUSED', syscall: '
connect', address: '::1', port: 3000, constructor: 'Function<Error>', na
me: 'Error', toString: 'Function<toString>' }, { stack: 'Error: connect 
ECONNREFUSED 127.0.0.1:3000\n    at createConnectionError (node:net:1675
:14)\n    at afterConnectMultiple (node:net:1705:16)', message: 'connect
 ECONNREFUSED 127.0.0.1:3000', errno: -4078, code: 'ECONNREFUSED', sysca
ll: 'connect', address: '127.0.0.1', port: 3000, constructor: 'Function<
Error>', name: 'Error', toString: 'Function<toString>' } ], code: 'ECONN
REFUSED' }[39m
[31m[2mÔÄ»ÔÄ»ÔÄ»ÔÄ»ÔÄ»ÔÄ»ÔÄ»ÔÄ»ÔÄ»ÔÄ»ÔÄ»ÔÄ»ÔÄ»ÔÄ»ÔÄ»ÔÄ»ÔÄ»ÔÄ»ÔÄ»ÔÄ»ÔÄ»
ÔÄ»[74/79]ÔÄ»[22m[39m

[31m[1m[7m FAIL [27m[22m[39m tests/test-api-user-settings.spec.ts
[2m > [22mAPI: User Settings[2m > [22mPUT /api/users/me/preferences[
2m > [22mshould update all preferences
[31m[1mTypeError[22m: fetch failed[39m
[36m [2mÔØ»[22m tests/test-api-user-settings.spec.ts:[2m271:24[22m
[39m
    [90m269| [39m      }
    [90m270| [39m
    [90m271| [39m      [35mconst[39m response [33m=[39m [35mawait
[39m [34mfetch[39m([32m`[39m[36m${[39m[33mAPI_BASE[39m[36m}[3
9m[32m/api/users/me/preferenc[39mÔÇª
    [90m   | [39m                       [31m^[39m
    [90m272| [39m        method[33m:[39m [32m'PUT'[39m[33m,[39m
    [90m273| [39m        headers[33m:[39m {

{
  stack: 'AggregateError: \n' +
    '    at internalConnectMultiple (node:net:1139:18)\n' +
    '    at afterConnectMultiple (node:net:1712:7)',
  errors: [
    {
      stack: 'Error: connect ECONNREFUSED ::1:3000\n' +
        '    at createConnectionError (node:net:1675:14)\n' +
        '    at afterConnectMultiple (node:net:1705:16)',
      message: 'connect ECONNREFUSED ::1:3000',
      errno: -4078,
      code: 'ECONNREFUSED',
      syscall: 'connect',
      address: '::1',
      port: 3000,
      constructor: 'Function<Error>',
      name: 'Error',
      toString: 'Function<toString>'
    },
    {
      stack: 'Error: connect ECONNREFUSED 127.0.0.1:3000\n' +
        '    at createConnectionError (node:net:1675:14)\n' +
        '    at afterConnectMultiple (node:net:1705:16)',
      message: 'connect ECONNREFUSED 127.0.0.1:3000',
      errno: -4078,
      code: 'ECONNREFUSED',
      syscall: 'connect',
      address: '127.0.0.1',
      port: 3000,
      constructor: 'Function<Error>',
      name: 'Error',
      toString: 'Function<toString>'
    }
  ],
  code: 'ECONNREFUSED',
  stackStr: 'AggregateError: \n' +
    '    at internalConnectMultiple (node:net:1139:18)\n' +
    '    at afterConnectMultiple (node:net:1712:7)',
  nameStr: 'AggregateError',
  expected: 'undefined',
  actual: 'undefined',
  message: '',
  constructor: 'Function<AggregateError>',
  name: 'Caused by: AggregateError',
  toString: 'Function<toString>',
  stacks: []
}
[31m[2mÔÄ»ÔÄ»ÔÄ»ÔÄ»ÔÄ»ÔÄ»ÔÄ»ÔÄ»ÔÄ»ÔÄ»ÔÄ»ÔÄ»ÔÄ»ÔÄ»ÔÄ»ÔÄ»ÔÄ»ÔÄ»ÔÄ»ÔÄ»ÔÄ»
ÔÄ»ÔÄ»ÔÄ»ÔÄ»ÔÄ»ÔÄ»ÔÄ»ÔÄ»ÔÄ»[22m[39m
[31m[1mSerialized Error:[22m[39m [90m{ errors: [ { stack: 'Error: c
onnect ECONNREFUSED ::1:3000\n    at createConnectionError (node:net:167
5:14)\n    at afterConnectMultiple (node:net:1705:16)', message: 'connec
t ECONNREFUSED ::1:3000', errno: -4078, code: 'ECONNREFUSED', syscall: '
connect', address: '::1', port: 3000, constructor: 'Function<Error>', na
me: 'Error', toString: 'Function<toString>' }, { stack: 'Error: connect 
ECONNREFUSED 127.0.0.1:3000\n    at createConnectionError (node:net:1675
:14)\n    at afterConnectMultiple (node:net:1705:16)', message: 'connect
 ECONNREFUSED 127.0.0.1:3000', errno: -4078, code: 'ECONNREFUSED', sysca
ll: 'connect', address: '127.0.0.1', port: 3000, constructor: 'Function<
Error>', name: 'Error', toString: 'Function<toString>' } ], code: 'ECONN
REFUSED' }[39m
[31m[2mÔÄ»ÔÄ»ÔÄ»ÔÄ»ÔÄ»ÔÄ»ÔÄ»ÔÄ»ÔÄ»ÔÄ»ÔÄ»ÔÄ»ÔÄ»ÔÄ»ÔÄ»ÔÄ»ÔÄ»ÔÄ»ÔÄ»ÔÄ»ÔÄ»
ÔÄ»[75/79]ÔÄ»[22m[39m

[31m[1m[7m FAIL [27m[22m[39m tests/test-api-user-settings.spec.ts
[2m > [22mAPI: User Settings[2m > [22mPUT /api/users/me/preferences[
2m > [22mshould partially update preferences (merge)
[31m[1mTypeError[22m: fetch failed[39m
[36m [2mÔØ»[22m tests/test-api-user-settings.spec.ts:[2m297:7[22m[
39m
    [90m295| [39m    [34mit[39m([32m'should partially update prefer
ences (merge)'[39m[33m,[39m [35masync[39m () [33m=>[39m {
    [90m296| [39m      [90m// Set initial preferences[39m
    [90m297| [39m      [35mawait[39m [34mfetch[39m([32m`[39m[36
m${[39m[33mAPI_BASE[39m[36m}[39m[32m/api/users/me/preferences`[39
m[33m,[39m {
    [90m   | [39m      [31m^[39m
    [90m298| [39m        method[33m:[39m [32m'PUT'[39m[33m,[39m
    [90m299| [39m        headers[33m:[39m {

{
  stack: 'AggregateError: \n' +
    '    at internalConnectMultiple (node:net:1139:18)\n' +
    '    at afterConnectMultiple (node:net:1712:7)',
  errors: [
    {
      stack: 'Error: connect ECONNREFUSED ::1:3000\n' +
        '    at createConnectionError (node:net:1675:14)\n' +
        '    at afterConnectMultiple (node:net:1705:16)',
      message: 'connect ECONNREFUSED ::1:3000',
      errno: -4078,
      code: 'ECONNREFUSED',
      syscall: 'connect',
      address: '::1',
      port: 3000,
      constructor: 'Function<Error>',
      name: 'Error',
      toString: 'Function<toString>'
    },
    {
      stack: 'Error: connect ECONNREFUSED 127.0.0.1:3000\n' +
        '    at createConnectionError (node:net:1675:14)\n' +
        '    at afterConnectMultiple (node:net:1705:16)',
      message: 'connect ECONNREFUSED 127.0.0.1:3000',
      errno: -4078,
      code: 'ECONNREFUSED',
      syscall: 'connect',
      address: '127.0.0.1',
      port: 3000,
      constructor: 'Function<Error>',
      name: 'Error',
      toString: 'Function<toString>'
    }
  ],
  code: 'ECONNREFUSED',
  stackStr: 'AggregateError: \n' +
    '    at internalConnectMultiple (node:net:1139:18)\n' +
    '    at afterConnectMultiple (node:net:1712:7)',
  nameStr: 'AggregateError',
  expected: 'undefined',
  actual: 'undefined',
  message: '',
  constructor: 'Function<AggregateError>',
  name: 'Caused by: AggregateError',
  toString: 'Function<toString>',
  stacks: []
}
[31m[2mÔÄ»ÔÄ»ÔÄ»ÔÄ»ÔÄ»ÔÄ»ÔÄ»ÔÄ»ÔÄ»ÔÄ»ÔÄ»ÔÄ»ÔÄ»ÔÄ»ÔÄ»ÔÄ»ÔÄ»ÔÄ»ÔÄ»ÔÄ»ÔÄ»
ÔÄ»ÔÄ»ÔÄ»ÔÄ»ÔÄ»ÔÄ»ÔÄ»ÔÄ»ÔÄ»[22m[39m
[31m[1mSerialized Error:[22m[39m [90m{ errors: [ { stack: 'Error: c
onnect ECONNREFUSED ::1:3000\n    at createConnectionError (node:net:167
5:14)\n    at afterConnectMultiple (node:net:1705:16)', message: 'connec
t ECONNREFUSED ::1:3000', errno: -4078, code: 'ECONNREFUSED', syscall: '
connect', address: '::1', port: 3000, constructor: 'Function<Error>', na
me: 'Error', toString: 'Function<toString>' }, { stack: 'Error: connect 
ECONNREFUSED 127.0.0.1:3000\n    at createConnectionError (node:net:1675
:14)\n    at afterConnectMultiple (node:net:1705:16)', message: 'connect
 ECONNREFUSED 127.0.0.1:3000', errno: -4078, code: 'ECONNREFUSED', sysca
ll: 'connect', address: '127.0.0.1', port: 3000, constructor: 'Function<
Error>', name: 'Error', toString: 'Function<toString>' } ], code: 'ECONN
REFUSED' }[39m
[31m[2mÔÄ»ÔÄ»ÔÄ»ÔÄ»ÔÄ»ÔÄ»ÔÄ»ÔÄ»ÔÄ»ÔÄ»ÔÄ»ÔÄ»ÔÄ»ÔÄ»ÔÄ»ÔÄ»ÔÄ»ÔÄ»ÔÄ»ÔÄ»ÔÄ»
ÔÄ»[76/79]ÔÄ»[22m[39m

[31m[1m[7m FAIL [27m[22m[39m tests/test-api-user-settings.spec.ts
[2m > [22mAPI: User Settings[2m > [22mPUT /api/users/me/preferences[
2m > [22mshould update locale when language changes
[31m[1mTypeError[22m: fetch failed[39m
[36m [2mÔØ»[22m tests/test-api-user-settings.spec.ts:[2m333:24[22m
[39m
    [90m331| [39m
    [90m332| [39m    [34mit[39m([32m'should update locale when lang
uage changes'[39m[33m,[39m [35masync[39m () [33m=>[39m {
    [90m333| [39m      [35mconst[39m response [33m=[39m [35mawait
[39m [34mfetch[39m([32m`[39m[36m${[39m[33mAPI_BASE[39m[36m}[3
9m[32m/api/users/me/preferenc[39mÔÇª
    [90m   | [39m                       [31m^[39m
    [90m334| [39m        method[33m:[39m [32m'PUT'[39m[33m,[39m
    [90m335| [39m        headers[33m:[39m {

{
  stack: 'AggregateError: \n' +
    '    at internalConnectMultiple (node:net:1139:18)\n' +
    '    at afterConnectMultiple (node:net:1712:7)',
  errors: [
    {
      stack: 'Error: connect ECONNREFUSED ::1:3000\n' +
        '    at createConnectionError (node:net:1675:14)\n' +
        '    at afterConnectMultiple (node:net:1705:16)',
      message: 'connect ECONNREFUSED ::1:3000',
      errno: -4078,
      code: 'ECONNREFUSED',
      syscall: 'connect',
      address: '::1',
      port: 3000,
      constructor: 'Function<Error>',
      name: 'Error',
      toString: 'Function<toString>'
    },
    {
      stack: 'Error: connect ECONNREFUSED 127.0.0.1:3000\n' +
        '    at createConnectionError (node:net:1675:14)\n' +
        '    at afterConnectMultiple (node:net:1705:16)',
      message: 'connect ECONNREFUSED 127.0.0.1:3000',
      errno: -4078,
      code: 'ECONNREFUSED',
      syscall: 'connect',
      address: '127.0.0.1',
      port: 3000,
      constructor: 'Function<Error>',
      name: 'Error',
      toString: 'Function<toString>'
    }
  ],
  code: 'ECONNREFUSED',
  stackStr: 'AggregateError: \n' +
    '    at internalConnectMultiple (node:net:1139:18)\n' +
    '    at afterConnectMultiple (node:net:1712:7)',
  nameStr: 'AggregateError',
  expected: 'undefined',
  actual: 'undefined',
  message: '',
  constructor: 'Function<AggregateError>',
  name: 'Caused by: AggregateError',
  toString: 'Function<toString>',
  stacks: []
}
[31m[2mÔÄ»ÔÄ»ÔÄ»ÔÄ»ÔÄ»ÔÄ»ÔÄ»ÔÄ»ÔÄ»ÔÄ»ÔÄ»ÔÄ»ÔÄ»ÔÄ»ÔÄ»ÔÄ»ÔÄ»ÔÄ»ÔÄ»ÔÄ»ÔÄ»
ÔÄ»ÔÄ»ÔÄ»ÔÄ»ÔÄ»ÔÄ»ÔÄ»ÔÄ»ÔÄ»[22m[39m
[31m[1mSerialized Error:[22m[39m [90m{ errors: [ { stack: 'Error: c
onnect ECONNREFUSED ::1:3000\n    at createConnectionError (node:net:167
5:14)\n    at afterConnectMultiple (node:net:1705:16)', message: 'connec
t ECONNREFUSED ::1:3000', errno: -4078, code: 'ECONNREFUSED', syscall: '
connect', address: '::1', port: 3000, constructor: 'Function<Error>', na
me: 'Error', toString: 'Function<toString>' }, { stack: 'Error: connect 
ECONNREFUSED 127.0.0.1:3000\n    at createConnectionError (node:net:1675
:14)\n    at afterConnectMultiple (node:net:1705:16)', message: 'connect
 ECONNREFUSED 127.0.0.1:3000', errno: -4078, code: 'ECONNREFUSED', sysca
ll: 'connect', address: '127.0.0.1', port: 3000, constructor: 'Function<
Error>', name: 'Error', toString: 'Function<toString>' } ], code: 'ECONN
REFUSED' }[39m
[31m[2mÔÄ»ÔÄ»ÔÄ»ÔÄ»ÔÄ»ÔÄ»ÔÄ»ÔÄ»ÔÄ»ÔÄ»ÔÄ»ÔÄ»ÔÄ»ÔÄ»ÔÄ»ÔÄ»ÔÄ»ÔÄ»ÔÄ»ÔÄ»ÔÄ»
ÔÄ»[77/79]ÔÄ»[22m[39m

[31m[1m[7m FAIL [27m[22m[39m tests/test-api-user-settings.spec.ts
[2m > [22mAPI: User Settings[2m > [22mPUT /api/users/me/preferences[
2m > [22mshould require authentication
[31m[1mTypeError[22m: fetch failed[39m
[36m [2mÔØ»[22m tests/test-api-user-settings.spec.ts:[2m354:24[22m
[39m
    [90m352| [39m
    [90m353| [39m    [34mit[39m([32m'should require authentication'
[39m[33m,[39m [35masync[39m () [33m=>[39m {
    [90m354| [39m      [35mconst[39m response [33m=[39m [35mawait
[39m [34mfetch[39m([32m`[39m[36m${[39m[33mAPI_BASE[39m[36m}[3
9m[32m/api/users/me/preferenc[39mÔÇª
    [90m   | [39m                       [31m^[39m
    [90m355| [39m        method[33m:[39m [32m'PUT'[39m[33m,[39m
    [90m356| [39m        headers[33m:[39m {

{
  stack: 'AggregateError: \n' +
    '    at internalConnectMultiple (node:net:1139:18)\n' +
    '    at afterConnectMultiple (node:net:1712:7)',
  errors: [
    {
      stack: 'Error: connect ECONNREFUSED ::1:3000\n' +
        '    at createConnectionError (node:net:1675:14)\n' +
        '    at afterConnectMultiple (node:net:1705:16)',
      message: 'connect ECONNREFUSED ::1:3000',
      errno: -4078,
      code: 'ECONNREFUSED',
      syscall: 'connect',
      address: '::1',
      port: 3000,
      constructor: 'Function<Error>',
      name: 'Error',
      toString: 'Function<toString>'
    },
    {
      stack: 'Error: connect ECONNREFUSED 127.0.0.1:3000\n' +
        '    at createConnectionError (node:net:1675:14)\n' +
        '    at afterConnectMultiple (node:net:1705:16)',
      message: 'connect ECONNREFUSED 127.0.0.1:3000',
      errno: -4078,
      code: 'ECONNREFUSED',
      syscall: 'connect',
      address: '127.0.0.1',
      port: 3000,
      constructor: 'Function<Error>',
      name: 'Error',
      toString: 'Function<toString>'
    }
  ],
  code: 'ECONNREFUSED',
  stackStr: 'AggregateError: \n' +
    '    at internalConnectMultiple (node:net:1139:18)\n' +
    '    at afterConnectMultiple (node:net:1712:7)',
  nameStr: 'AggregateError',
  expected: 'undefined',
  actual: 'undefined',
  message: '',
  constructor: 'Function<AggregateError>',
  name: 'Caused by: AggregateError',
[2m Test Files [22m [1m[31m9 failed[39m[22m[2m | [22m[1m[32m6 passed[39m[22m[90m (15)[39m
[2m      Tests [22m [1m[31m77 failed[39m[22m[2m | [22m[1m[32m66 passed[39m[22m[90m (143)[39m
[2m   Start at [22m 23:31:14
[2m   Duration [22m 10.97s[2m (transform 1.70s, setup 0ms, collect 4.15s, tests 42.26s, environment 7ms, prepare 6.73s)[22m

  toString: 'Function<toString>',
  stacks: []
}
[31m[2mÔÄ»ÔÄ»ÔÄ»ÔÄ»ÔÄ»ÔÄ»ÔÄ»ÔÄ»ÔÄ»ÔÄ»ÔÄ»ÔÄ»ÔÄ»ÔÄ»ÔÄ»ÔÄ»ÔÄ»ÔÄ»ÔÄ»ÔÄ»ÔÄ»
ÔÄ»ÔÄ»ÔÄ»ÔÄ»ÔÄ»ÔÄ»ÔÄ»ÔÄ»ÔÄ»[22m[39m
[31m[1mSerialized Error:[22m[39m [90m{ errors: [ { stack: 'Error: c
onnect ECONNREFUSED ::1:3000\n    at createConnectionError (node:net:167
5:14)\n    at afterConnectMultiple (node:net:1705:16)', message: 'connec
t ECONNREFUSED ::1:3000', errno: -4078, code: 'ECONNREFUSED', syscall: '
connect', address: '::1', port: 3000, constructor: 'Function<Error>', na
me: 'Error', toString: 'Function<toString>' }, { stack: 'Error: connect 
ECONNREFUSED 127.0.0.1:3000\n    at createConnectionError (node:net:1675
:14)\n    at afterConnectMultiple (node:net:1705:16)', message: 'connect
 ECONNREFUSED 127.0.0.1:3000', errno: -4078, code: 'ECONNREFUSED', sysca
ll: 'connect', address: '127.0.0.1', port: 3000, constructor: 'Function<
Error>', name: 'Error', toString: 'Function<toString>' } ], code: 'ECONN
REFUSED' }[39m
[31m[2mÔÄ»ÔÄ»ÔÄ»ÔÄ»ÔÄ»ÔÄ»ÔÄ»ÔÄ»ÔÄ»ÔÄ»ÔÄ»ÔÄ»ÔÄ»ÔÄ»ÔÄ»ÔÄ»ÔÄ»ÔÄ»ÔÄ»ÔÄ»ÔÄ»
ÔÄ»[78/79]ÔÄ»[22m[39m

[31m[1m[7m FAIL [27m[22m[39m tests/test-api-user-settings.spec.ts
[2m > [22mAPI: User Settings[2m > [22mPUT /api/users/me/preferences[
2m > [22mshould validate preference values
[31m[1mTypeError[22m: fetch failed[39m
[36m [2mÔØ»[22m tests/test-api-user-settings.spec.ts:[2m368:24[22m
[39m
    [90m366| [39m
    [90m367| [39m    [34mit[39m([32m'should validate preference val
ues'[39m[33m,[39m [35masync[39m () [33m=>[39m {
    [90m368| [39m      [35mconst[39m response [33m=[39m [35mawait
[39m [34mfetch[39m([32m`[39m[36m${[39m[33mAPI_BASE[39m[36m}[3
9m[32m/api/users/me/preferenc[39mÔÇª
    [90m   | [39m                       [31m^[39m
    [90m369| [39m        method[33m:[39m [32m'PUT'[39m[33m,[39m
    [90m370| [39m        headers[33m:[39m {

{
  stack: 'AggregateError: \n' +
    '    at internalConnectMultiple (node:net:1139:18)\n' +
    '    at afterConnectMultiple (node:net:1712:7)',
  errors: [
    {
      stack: 'Error: connect ECONNREFUSED ::1:3000\n' +
ÔÇëELIFECYCLEÔÇë Test failed. See above for more details.
        '    at createConnectionError (node:net:1675:14)\n' +
        '    at afterConnectMultiple (node:net:1705:16)',
      message: 'connect ECONNREFUSED ::1:3000',
      errno: -4078,
      code: 'ECONNREFUSED',
      syscall: 'connect',
      address: '::1',
      port: 3000,
      constructor: 'Function<Error>',
      name: 'Error',
      toString: 'Function<toString>'
    },
    {
      stack: 'Error: connect ECONNREFUSED 127.0.0.1:3000\n' +
        '    at createConnectionError (node:net:1675:14)\n' +
        '    at afterConnectMultiple (node:net:1705:16)',
      message: 'connect ECONNREFUSED 127.0.0.1:3000',
      errno: -4078,
      code: 'ECONNREFUSED',
      syscall: 'connect',
      address: '127.0.0.1',
      port: 3000,
      constructor: 'Function<Error>',
      name: 'Error',
      toString: 'Function<toString>'
    }
  ],
  code: 'ECONNREFUSED',
  stackStr: 'AggregateError: \n' +
    '    at internalConnectMultiple (node:net:1139:18)\n' +
    '    at afterConnectMultiple (node:net:1712:7)',
  nameStr: 'AggregateError',
  expected: 'undefined',
  actual: 'undefined',
  message: '',
  constructor: 'Function<AggregateError>',
  name: 'Caused by: AggregateError',
  toString: 'Function<toString>',
  stacks: []
}
[31m[2mÔÄ»ÔÄ»ÔÄ»ÔÄ»ÔÄ»ÔÄ»ÔÄ»ÔÄ»ÔÄ»ÔÄ»ÔÄ»ÔÄ»ÔÄ»ÔÄ»ÔÄ»ÔÄ»ÔÄ»ÔÄ»ÔÄ»ÔÄ»ÔÄ»
ÔÄ»ÔÄ»ÔÄ»ÔÄ»ÔÄ»ÔÄ»ÔÄ»ÔÄ»ÔÄ»[22m[39m
[31m[1mSerialized Error:[22m[39m [90m{ errors: [ { stack: 'Error: c
onnect ECONNREFUSED ::1:3000\n    at createConnectionError (node:net:167
5:14)\n    at afterConnectMultiple (node:net:1705:16)', message: 'connec
t ECONNREFUSED ::1:3000', errno: -4078, code: 'ECONNREFUSED', syscall: '
connect', address: '::1', port: 3000, constructor: 'Function<Error>', na
me: 'Error', toString: 'Function<toString>' }, { stack: 'Error: connect 
ECONNREFUSED 127.0.0.1:3000\n    at createConnectionError (node:net:1675
:14)\n    at afterConnectMultiple (node:net:1705:16)', message: 'connect
 ECONNREFUSED 127.0.0.1:3000', errno: -4078, code: 'ECONNREFUSED', sysca
ll: 'connect', address: '127.0.0.1', port: 3000, constructor: 'Function<
Error>', name: 'Error', toString: 'Function<toString>' } ], code: 'ECONN
REFUSED' }[39m
[31m[2mÔÄ»ÔÄ»ÔÄ»ÔÄ»ÔÄ»ÔÄ»ÔÄ»ÔÄ»ÔÄ»ÔÄ»ÔÄ»ÔÄ»ÔÄ»ÔÄ»ÔÄ»ÔÄ»ÔÄ»ÔÄ»ÔÄ»ÔÄ»ÔÄ»
ÔÄ»[79/79]ÔÄ»[22m[39m

